[    0.000000] Initializing cgroup subsys cpuset
[    0.000000] Initializing cgroup subsys cpu
[    0.000000] Initializing cgroup subsys cpuacct
[    0.000000] Linux version 4.4.0-116-generic (buildd@lgw01-amd64-021) (gcc version 5.4.0 20160609 (Ubuntu 5.4.0-6ubuntu1~16.04.9) ) #140-Ubuntu SMP Mon Feb 12 21:23:04 UTC 2018 (Ubuntu 4.4.0-116.140-generic 4.4.98)
[    0.000000] Command line: BOOT_IMAGE=/boot/vmlinuz-4.4.0-116-generic root=UUID=4495ca59-6f63-4cd0-b56d-2100a2095754 ro console=tty1 console=ttyS0
[    0.000000] KERNEL supported cpus:
[    0.000000]   Intel GenuineIntel
[    0.000000]   AMD AuthenticAMD
[    0.000000]   Centaur CentaurHauls
[    0.000000] ------------[ cut here ]------------
[    0.000000] WARNING: CPU: 0 PID: 0 at /build/linux-fQ94TU/linux-4.4.0/arch/x86/kernel/fpu/xstate.c:517 fpu__init_system_xstate+0x38b/0x75a()
[    0.000000] XSAVE consistency problem, dumping leaves
[    0.000000] Modules linked in:
[    0.000000] CPU: 0 PID: 0 Comm: swapper Not tainted 4.4.0-116-generic #140-Ubuntu
[    0.000000]  0000000000000086 ca08062fdb0f54ae ffffffff81e03d80 ffffffff813ffc13
[    0.000000]  ffffffff81e03dc8 ffffffff81caba68 ffffffff81e03db8 ffffffff810830f2
[    0.000000]  ffffffff81e03e48 ffffffff81e03e4c 0000000000000008 0000000000000100
[    0.000000] Call Trace:
[    0.000000]  [<ffffffff813ffc13>] dump_stack+0x63/0x90
[    0.000000]  [<ffffffff810830f2>] warn_slowpath_common+0x82/0xc0
[    0.000000]  [<ffffffff8108318c>] warn_slowpath_fmt+0x5c/0x80
[    0.000000]  [<ffffffff8107ed36>] ? xfeature_size+0x59/0x77
[    0.000000]  [<ffffffff81f72338>] fpu__init_system_xstate+0x38b/0x75a
[    0.000000]  [<ffffffff81f62120>] ? early_idt_handler_array+0x120/0x120
[    0.000000]  [<ffffffff81f71ca3>] fpu__init_system+0x10d/0x245
[    0.000000]  [<ffffffff81f72df1>] early_cpu_init+0x178/0x17d
[    0.000000]  [<ffffffff81f72df1>] ? early_cpu_init+0x178/0x17d
[    0.000000]  [<ffffffff816e1fb>] setup_arch+0xb4/0xd2b
[    0.000000]  [<ffffffff81f62120>] ? early_idt_handler_array+0x120/0x120
[    0.000000]  [<ffffffff81f62c7d>] start_kernel+0xe4/0x4b0
[    0.000000]  [<ffffffff81f62120>] ? early_idt_handler_array+0x120/0x120
[    0.000000]  [<ffffffff81f62339>] x86_64_start_reservations+0x2a/0x2c
[    0.000000]  [<ffffffff81f62485>] x86_64_start_kernel+0x14a/0x16d
[    0.000000] ---[ end trace 4d5ff9f2f68c4233 ]---
[    0.000000] CPUID[0d, 00]: eax=00000007 ebx=00000440 ecx=00000440 edx=00000000
[    0.000000] CPUID[0d, 01]: eax=00000000 ebx=000003c0 ecx=00000000 edx=00000000
[    0.000000] CPUID[0d, 02]: eax=00000100 ebx=00000240 ecx=00000000 edx=00000000
[    0.000000] CPUID[0d, 03]: eax=00000000 ebx=00000000 ecx=00000000 edx=00000000
[    0.000000] CPUID[0d, 04]: eax=00000000 ebx=00000000 ecx=00000000 edx=00000000
[    0.000000] CPUID[0d, 05]: eax=00000000 ebx=00000000 ecx=00000000 edx=00000000
[    0.000000] CPUID[0d, 06]: eax=00000000 ebx=00000000 ecx=00000000 edx=00000000
[    0.000000] CPUID[0d, 07]: eax=00000000 ebx=00000000 ecx=00000000 edx=00000000
[    0.000000] CPUID[0d, 08]: eax=00000000 ebx=00000000 ecx=00000000 edx=00000000
[    0.000000] CPUID[0d, 09]: eax=00000000 ebx=00000000 ecx=00000000 edx=00000000
[    0.000000] CPUID[0d, 0a]: eax=00000000 ebx=00000000 ecx=00000000 edx=00000000
[    0.000000] CPUID[0d, 0b]: eax=00000000 ebx=00000000 ecx=00000000 edx=00000000
[    0.000000] CPUID[0d, 0c]: eax=00000000 ebx=00000000 ecx=00000000 edx=00000000
[    0.000000] CPUID[0d, 0d]: eax=00000000 ebx=00000000 ecx=00000000 edx=00000000
[    0.000000] CPUID[0d, 0e]: eax=00000000 ebx=00000000 ecx=00000000 edx=00000000
[    0.000000] CPUID[0d, 0f]: eax=00000000 ebx=00000000 ecx=00000000 edx=00000000
[    0.000000] CPUID[0d, 10]: eax=00000000 ebx=00000000 ecx=00000000 edx=00000000
[    0.000000] CPUID[0d, 11]: eax=00000000 ebx=00000000 ecx=00000000 edx=00000000
[    0.000000] x86/fpu: xstate_offset[2]:  576, xstate_sizes[2]:  256
[    0.000000] x86/fpu: Supporting XSAVE feature 0x01: 'x87 floating point registers'
[    0.000000] x86/fpu: Supporting XSAVE feture 0x02: 'SSE registers'
[    0.000000] x86/fpu: Supporting XSAVE feature 0x04: 'AVX registers'
[    0.000000] x86/fpu: Enabled xstate features 0x7, context size is 1088 bytes, using 'standard' format.
[    0.000000] x86/fpu: Using 'lazy' FPU context switches.
[    0.000000] e820: BIOS-provided physical RAM map:
[    0.000000] BIOS-e820: [mem 0x0000000000000000-0x000000000009fbff] usable
[    0.000000] BIOS-e820: [mem 0x000000000009fc00-0x000000000009ffff] reserved
[    0.000000] BIOS-e820: [mem 0x00000000000f0000-0x00000000000fffff] reserved
[    0.000000] BIOS-e820: [mem 0x0000000000100000-0x000000003ffeffff] usable
[    0.000000] BIOS-e820: [mem 0x000000003fff0000-0x000000003fffffff] ACPI data
[    0.000000] BIOS-e820: [mem 0x00000000fffc0000-0x00000000ffffffff] reserved
[    0.000000] NX (Execute Disable) protection: active
[    0.000000] SMBIOS 2.5 present.
[    0.000000] Hypervisor detected: KVM
[    0.000000] e820: last_pfn = 0x3fff0 max_arch_pfn = 0x400000000
[    0.000000] MTRR: Disabled
[    0.000000] x86/PAT: MTRRs disabled, skipping PAT initialization too.
[    0.000000] CPU MTRRs all blank - virtualized system.
[    0.000000] x86/PAT: Configuration [0-7]: WB  WT  UC- UC  WB  WT  UC- UC  
[    0.000000] found SMP MP-table at [mem 0x0009fff0-0x0009ffff] mapped at [ffff88000009fff0]
[    0.000000] Scanning 1 areas for low memory corruption
[    0.000000] RAMDISK: [mem 0x36218000-0x37103fff]
[    0.000000] ACPI: Early table checksum verification disabled
[    0.000000] ACPI: RSDDP 0x0000000E00 0024 (v2 OX )
[   00000]CP XDT 0x00003FF030003(v01 VX   OXDT0000 AL  0001)
[    0.000000] AC: ACP 000000FFF00000 (4 VB  BOFACP0000 ASL  00061)[   0.00] CPI:SD0x000000FF470 0018v01 OX VOXBI 00002 IL 016008
  0.0000 AI:FACSx00000FF20 000040[   0.0000]CPI:AC0x000003F0200040
[    .000] ACPIAP 0x00003FF024000C (v VX  VBOXAC 00001 L 000061
[   000000]CP: SST 0000003F02 000CCv0VBOX VXCUT 00000INTL0110)
[   .0000] N NA onfiguti fou
  0.0000] king ne t emx0000000000-0x00003ffeff
[    .00000 NE_DA(0alocatedme0x3fb0-03ffeff][   .0000]vmlok: Ungsr 4b5641 nd 4b54d00
[  0.000 km-clk:pu 0ms0:ffe31,rima c cock   0.0000]vm-cckusng sch oset  3291402 cycles[   .0000]losorce:vmlockmk: 0xffffffffffff axyces: 1c2e4dff, ax_idle_ns: 881590591483 ns
[    0.000000] Zone ranges:
   0.000   D    mem 0x000000010-00000000ffff
[   000000] D32  [m 0000000010000x00000003ffeff
[    0.00]  Norl empt
[    .0000]  Dece  emy[    0000] Mab zne stat r ach de
[    0000] rlmeorno rnges[   0.0000  node 0[mm 0x0000000010-000000000eff]
  0.00000] ne    [m x0000000000000x000003ffeff
[    0.00] nitmemet node  [m x000000001000x000003ffff
[   .0000]CP P-Tim IPot: 000
[    0.00] IOAP[0 aic_i2,erion 17adess fe000,SI-2
[  00000AC: NT_S_O (us 0 b_i 0 gbair 2dfdf)
[   0.000] ACP IT_SROV(bus b_iq 9 ob_iq 9 hi lvel)[   0.0000Using PIMADTfoSM congutin infoaton
[   00000]mpot Allin2 CP, hoplug Cs[   .000] PMReistered nosave memory [mem x00000-0x000f]
[   00000] P Risted sae memo: em 00009000x0009ff
[    0.000 PM:Rested navmeory: [m 000a00x00effff
[   0.0000 P Rgister nave mo: mem 0x0f00-000fff]
[    0.000000] e820: [mem 0x40000000-0xfffbffff] available for PCI devices
[    0.000000] Booting paravirtualized kernel on KVM
[    0.000000] clocksource: refined-jiffies: mask: 0xffffffff max_cycles: 0xffffffff, max_idle_ns: 7645519600211568 ns
[    0.000000] setup_percpu: NR_CPUS:512 nr_cpumask_bits:512 nr_cpu_ids:2 nr_node_ids:1
[    0.000000] PERCPU: Embedded 34 pages/cpu @ffff88003fc00000 s99544 r8192 d31528 u1048576
[    0.000000] PV qspinlock hash table entries: 256 (order: 0, 4096 bytes)
[    0.000000] Built 1 zonelists in Node order, mobility grouping on.  Total pages: 257913
[    0.000000] Policy zone: DMA32
[    0.000000] Kernel command line: BOOT_IMAGE=/boot/vmlinuz-4.4.0-116-generic root=UUID=4495ca59-6f63-4cd0-b56d-2100a2095754 ro console=tty1 console=ttyS0
[    0.000000] PID hash table entries: 4096 (order: 3, 32768 bytes)
[    0.000000] Memory: 997252K/1048120K available (8530K kernel code, 1309K rwdata, 3992K rodata, 1508K init, 1316K bss, 50868K reserved, 0K cma-reserved)
[    0.000000] SLUB: HWalign=64, Order=0-3, MinObjects=0, CPUs=2, Nodes=1
[    0.000000] Kernel/User page tables isolation: enabled
[    0.000000] Hierarchical RCU implemmentaio
    0000 	Build-meadjume of afanut t64.
[   0.000 	CU rtrtig CPUsroNR_CS=2 o nr_cu_s=.
[    .000] RCU:djtingeotr f r_fnoutea64 nr_cpid2
[    0.000]NR_IRQ3324 nr_irs:0 6
[    00000 Conlecolo V+ 0x25[    0.000 cnsol[t1]enable
[   .0000]onso [yS] enle
[   0.000000] tsc: Detected 2495.998 MHz processor
[   12.000928] Calibrating delay loop (skipped) preset value.. 4991.99 BogoMIPS (lpj=9983992)
[   12.173281] pid_max: default: 32768 minimum: 301
[   12.302638] ACPI: Core revision 20150930
[   12.394372] ACPI: 2 ACPI AML tables successfully acquired and loaded
[   12.544822] Security Framework initialized
[   12.657243] Yama: becoming mindful.
[   12.752727] AppArmor: AppArmor initialized
[   12.864229] Dentry cache hash table entries: 131072 (order: 8, 1048576 bytes)
[   13.060694] Inode-cache hash table entries: 65536 (order: 7, 524288 bytes)
[   13.176405] Mount-cache hash table entries: 2048 (order: 2, 16384 bytes)
[   13.177220] Mountpoint-cache hash table entries: 2048 (order: 2, 16384 bytes)
[   13.178192] Initializing cgroup subsys io
[   13.178772] Initializing cgroup subsys memory
[   13.179379] Initializing cgroup subsys devices
[   13.180000] Initializing cgroup subsys freezer
[   13.180612] Initializing cgroup subsys net_cls
[   13.181224] Initializing cgroup subsys perf_event
[   13.181862] Initializing cgroup subsys net_prio
[   13.182483] Initializing cgroup subsys hugetlb
[   13.183094] Initializing cgroup subsys pids
[   13.183747] CPU: Physical Processor ID: 0
[   13.184337] CPU: Processor Core ID: 0
[   13.184890] FEATURE SPEC_CTRL Not Present
[   13.186564] mce: CPU supports 0 MCE banks
[   13.187153] Last level iTLB entries: 4KB 128, 2MB 8, 4MB 8
[   13.187857] Last level dTLB entries: 4KB 64, 2MB 0, 4MB 0, 1GB 4
[   13.188624] Spectre V2 mitigation: Mitigation: Full generic retpoline
[   13.189417] Spectre V2 mitigation: Speculation control IBPB not-supported IBRS not-supported
[   13.397452] Freeing SMP alternatives memory: 32K
[   13.533137] ftrace: allocating 32186 entries in 126 pages
[   13.734746] smpboot: APIC(0) Converting physical 0 to logical package 0
[   13.907677] smpboot: Max logical packages: 1
[   13.977047] ..TIMER: vector=0x30 apic1=0 pin1=2 apic2=-1 pin2=-1
[   14.159457] smpboot: CPU0: Intel(R) Core(TM) i5-7300HQ CPU @ 2.50GHz (family: 0x6, model: 0x9e, stepping: 0x9)
[   14.167568] Performance Events: unsupported p6 CPU model 158 no PMU driver, software events only.
[   14.168860] KVM setup paravirtual spinlock
[   14.170049] x86: Booting SMP configuration:
[   14.170644] .... node  #0, CPUs:      #1
[   14.171284] kvm-clock: cpu 1, msr 0:3ffe3041, secondary cpu clock
[   14.180598] mce: CPU supports 0 MCE banks
[   14.183084] x86: Booted up 1 node, 2 CPUs
[   14.184897] smpboot: Total of 2 processors activated (9983.99 BogoMIPS)
[   14.186141] devtmpfs: initialized
[   14.190574] evm: security.selinux
[   14.191091] evm: security.SMACK64
[   14.204647] evm: security.SMACK64EXEC
[   14.214760] evm: security.SMACK64TRANSMUTE
[   14.215343] evm: security.SMACK64MMAP
[   14.215893] evm: security.ima
[   14.216374] evm: security.capability
[   14.217140] clocksource: jiffies: mask: 0xffffffff max_cycles: 0xffffffff, max_idle_ns: 7645041785100000 ns
[   14.218414] futex hash table entries: 512 (order: 3, 32768 bytes)
[   14.220384] pinctrl core: initialized pinctrl subsystem
[   14.221172] RTC time:  9:57:19, date: 03/13/18
[   14.221919] NET: Registered protocol family 16
[   14.231725] cpuidle: using governor ladder
[   14.263610] cpuidle: using governor menu
[   14.287612] PCCT header not found.
[   14.296572] ACPI: bus type PCI registered
[   14.297158] acpiphp: ACPI Hot Plug PCI Controller Driver version: 0.5
[   14.298038] PCI: Using configuration type 1 for base access
[   14.309089] ACPI: Added _OSI(Module Device)
[   14.328723] ACPI: Added _OSI(Processor Device)
[   14.332599] ACPI: Added _OSI(3.0 _SCP Extensions)
[   14.333244] ACPI: Added _OSI(Processor Aggregator Device)
[   14.334507] ACPI: Executed 1 blocks of module-level executable AML code
[   14.357933] ACPI: Interpreter enabled
[   14.372378] ACPI: (supports S0 S5)
[   14.386424] ACPI: Using IOAPIC for interrupt routing
[   14.410568] PCI: Using host bridge windows from ACPI; if necessary, use "pci=nocrs" and report a bug
[   14.437428] ACPI: PCI Root Bridge [PCI0] (domain 0000 [bus 00-ff])
[   14.456438] acpi PNP0A03:00: _OSC: OS supports [ASPM ClockPM Segments MSI]
[   14.457348] acpi PNP0A03:00: _OSC failed (AE_NOT_FOUND); disabling ASPM
[   14.458171] acpi PNP0A03:00: fail to add MMCONFIG information, can't access extended PCI configuration space under this bridge.
[   14.460846] PCI host bridge to bus 0000:00
[   14.476375] pci_bus 0000:00: root bus resource [io  0x0000-0x0cf7 window]
[   14.496591] pci_bus 0000:00: root bus resource [io  0x0d00-0xffff window]
[   14.497471] pci_bus 0000:00: root bus resource [mem 0x000a0000-0x000bffff window]
[   14.498535] pci_bus 0000:00: root bus resource [mem 0x40000000-0xffdfffff window]
[   14.500673] pci_bus 0000:00: root bus resource [bus 00-ff]
[   14.502455] pci 0000:00:01.1: legacy IDE quirk: reg 0x10: [io  0x01f0-0x01f7]
[   14.503327] pci 0000:00:01.1: legacy IDE quirk: reg 0x14: [io  0x03f6]
[   14.504137] pci 0000:00:01.1: legacy IDE quirk: reg 0x18: [io  0x0170-0x0177]
[   14.505047] pci 0000:00:01.1: legacy IDE quirk: reg 0x1c: [io  0x0376]
[   14.523008] ACPI: PCI Interrupt Link [LNKA] (IRQs 5 9 10 11) *0, disabled.
[   14.572666] ACPI: PCI Interrupt Link [LNKB] (IRQs 5 9 10 *11)
[   14.605813] ACPI: PCI Interrupt Link [LNKC] (IRQs 5 9 *10 11)
[   14.636192] ACPI: PCI Interrupt Link [LNKD] (IRQs 5 *9 10 11)
[   14.656759] ACPI: Enabled 2 GPEs in block 00 to 07
[   14.657859] vgaarb: setting as boot device: PCI:0000:00:02.0
[   14.688541] vgaarb: device added: PCI:0000:00:02.0,decodes=io+mem,owns=io+mem,locks=none
[   14.716587] vgaarb: loaded
[   14.717050] vgaarb: bridge control possible 0000:00:02.0
[   14.717933] SCSI subsystem initialized
[   14.718689] ACPI: bus type USB registered
[   14.719292] usbcore: registered new interface driver usbfs
[   14.720017] usbcore: registered new interface driver hub
[   14.720730] usbcore: registered new device driver usb
[   14.722077] PCI: Using ACPI for IRQ routing
[   14.722887] NetLabel: Initializing
[   14.723412] NetLabel:  domain hash size = 128
[   14.724030] NetLabel:  protocols = UNLABELED CIPSOv4
[   14.724701] NetLabel:  unlabeled traffic allowed by default
[   14.725574] amd_nb: Cannot enumerate AMD northbridges
[   14.726272] clocksource: Switched to clocksource kvm-clock
[   14.732354] AppArmor: AppArmor Filesystem Enabled
[   14.756542] pnp: PnP ACPI init
[   14.757588] pnp: PnP ACPI: found 3 devices
[   4.71] ocoue:cppmma: ffffaxycs:xfff m_ile_ns: 2085701024 ns
[ 15963]ETRestedrocofaly
[   16.091041] TCP established hash table entries: 8192 (order: 4, 65536 bytes)
[   16.095156] TCP bind hash table entris: 19(oer5,312 te
  6.4943] TCP:Ha tlecoigedesblhe81 bd 92
[ 17130]DPastalentes51 (order: 2, 16384 bytes)
[   17.549516] UDP-Lite hash table entries: 512 (order: 2, 16384 bytes)
[   17.550591] NET: Registered protocol family 1
[   17.551544] pci 0000:00:00.0: Limiting direct PCI/PCI transfers
[   17.552653] pci 0000:00:01.0: Activating ISA DMA hang workarounds
[   17.553969] Unpacking initramfs...
[   17.738189] Freeing initrd memory: 15280K
[   17.739163] platform rtc_cmos: registered platform RTC device (no PNP device found)
[   17.740560] Scanning for low memory corruption every 60 seconds
[   17.742027] audit: initializing netlink subsys (disabled)
[   17.743206] audit: type=2000 audit(1520935033.844:1): initialized
[   17.744428] Initialise system trusted keyring
[   17.745534] HugeTLB registered 2 MB page size, pre-allocated 0 pages
[   17.747708] zbud: loaded
[   17.748611] VFS: Disk quotas dquot_6.6.0
[   17.749359] VFS: Dquot-cache hash table entries: 512 (order 0, 4096 bytes)
[   17.750674] squashfs: version 4.0 (2009/01/31) Phillip Lougher
[   17.752015] fuse init (API version 7.23)
[   17.752817] Key type big_key registered
[   17.753498] Allocating IMA MOK and blacklist keyrings.
[   17.755764] Key type asymmetric registered
[   17.756511] Asymmetric key parser 'x509' registered
[   17.757376] Block layer SCSI generic (bsg) driver version 0.4 loaded (major 249)
[   17.758802] io scheduler noop registered
[   17.759528] io scheduler deadline registered (default)
[   17.760462] io scheduler cfq registered
[   17.761255] pci_hotplug: PCI Hot Plug PCI Core version: 0.5
[   17.762187] pciehp: PCI Express Hot Plug Controller Driver version: 0.4
[   17.763374] ACPI: AC Adapter [AC] (on-line)
[   17.764156] input: Power Button as /devices/LNXSYSTM:00/LNXPWRBN:00/input/input0
[   17.765425] ACPI: Power Button [PWRF]
[   17.766112] input: Sleep Button as /devices/LNXSYSTM:00/LNXSLPBN:00/input/input1
[   17.767430] ACPI: Sleep Button [SLPF]
[   17.768759] ACPI: Battery Slot [BAT0] (battery present)
[   17.769622] GHES: HEST is not enabled!
[   17.770345] Serial: 8250/16550 driver, 32 ports, IRQ sharing enabled
[   17.792493] 00:02: ttyS0 at I/O 0x3f8 (irq = 4, base_baud = 115200) is a 16550A
[   17.794634] Linux agpgart interface v0.103
[   17.797321] loop: module loaded
[   17.798505] scsi host0: ata_piix
[   17.799344] scsi host1: ata_piix
[   17.800044] ata1: PATA max UDMA/33 cmd 0x1f0 ctl 0x3f6 bmdma 0xd000 irq 14
[   17.801076] ata2: PATA max UDMA/33 cmd 0x170 ctl 0x376 bmdma 0xd008 irq 15
[   17.802205] libphy: Fixed MDIO Bus: probed
[   17.802997] tun: Universal TUN/TAP device driver, 1.6
[   17.803946] tun: (C) 1999-2004 Max Krasnyansky <maxk@qualcomm.com>
[   17.804927] PPP generic driver version 2.4.2
[   17.805689] ehci_hcd: USB 2.0 'Enhanced' Host Controller (EHCI) Driver
[   17.806757] ehci-pci: EHCI PCI platform driver
[   17.807520] ehci-platform: EHCI generic platform driver
[   17.808389] ohci_hcd: USB 1.1 'Open' Host Controller (OHCI) Driver
[   17.809335] ohci-pci: OHCI PCI platform driver
[   17.810080] ohci-platform: OHCI generic platform driver
[   17.810983] uhci_hcd: USB Universal Host Controller Interface driver
[   17.812058] i8042: PNP: PS/2 Controller [PNP0303:PS2K,PNP0f03:PS2M] at 0x60,0x64 irq 1,12
[   17.813873] serio: i8042 KBD port at 0x60,0x64 irq 1
[   17.814765] serio: i8042 AUX port at 0x60,0x64 irq 12
[   17.815693] mousedev: PS/2 mouse device common for all mice
[   17.816987] rtc_cmos rtc_cmos: rtc core: registered rtc_cmos as rtc0
[   17.818058] rtc_cmos rtc_cmos: alarms up to one day, 114 bytes nvram
[   17.819141] i2c /dev entries driver
[   17.819948] input: AT Translated Set 2 keyboard as /devices/platform/i8042/serio0/input/input2
[   17.821413] device-mapper: uevent: version 1.0.3
[   17.822361] device-mapper: ioctl: 4.34.0-ioctl (2015-10-28) initialised: dm-devel@redhat.com
[   17.823807] ledtrig-cpu: registered to indicate activity on CPUs
[   17.825391] NET: Registered protocol family 10
[   17.826381] NET: Registered protocol family 17
[   17.827185] Key type dns_resolver registered
[   17.828078] microcode: CPU0 sig=0x906e9, pf=0x8, revision=0x0
[   17.829029] microcode: CPU1 sig=0x906e9, pf=0x8, revision=0x0
[   17.829805] microcode: Microcode Update Driver: v2.01 <tigran@aivazian.fsnet.co.uk>, Peter Oruba
[   17.835558] registered taskstats version 1
[   17.836174] Loading compiled-in X.509 certificates
[   17.837319] Loaded X.509 cert 'Build time autogenerated kernel key: aa84f01984fbd529c105810b59e379d349698248'
[   17.838641] zswap: loaded using pool lzo/zbud
[   17.847161] Key type trusted registered
[   18.093749] Key yyeeeencrypted registered
[   18.352960] AppArmor: AppArmor sha1 policy hashing enabled
[   18.604993] ima: No TPM chip found, activating TPM-bypass!
[   18.613200] evm: HMAC attrs: 0x1
[   18.614007]   Magic number: 10:353:980
[   18.614715] rtc_cmos rtc_cmos: setting system clock to 2018-03-13 09:57:24 UTC (1520935044)
[   18.616097] BIOS EDD facility v0.16 2004-Jun-25, 0 devices found
[   18.616924] EDD information not available.
[   18.618648] Freeing unused kernel memory: 1508K
[   18.619335] Write protecting the kernel read-only data: 14336k
[   18.620562] Freeing unused kernel memory: 1700K
[   18.621419] Freeing unused kernel memory: 104K
Loading, please wait...
starting version 229
[   18.635594] random: systemd-udevd: uninitialized urandom read (16 bytes read, 3 bits of entropy available)
[   18.636146] random: udevadm: uninitialized urandom read (16 bytes read, 3 bits of entropy available)
[   18.636171] random: udevadm: uninitialized urandom read (16 bytes read, 3 bits of entropy available)
[   18.646232] random: udevadm: uninitialized urandom read (16 bytes read, 3 bits of entropy available)
[   18.646278] random: udevadm: uninitialized urandom read (16 bytes read, 3 bits of entropy available)
[   18.646490] random: udevadm: uninitialized urandom read (16 bytes read, 3 bits of entropy available)
[   18.646553] random: udevadm: uninitialized urandom read (16 bytes read, 3 bits of entropy available)
[   18.646613] random: udevadm: uninitialized urandom read (16 bytes read, 3 bits of entropy available)
[   18.646673] random: udevadm: uninitialized urandom read (16 bytes read, 3 bits of entropy available)
[   18.646734] random: udevadm: uninitialized urandom read (16 bytes read, 3 bits of entropy available)
[   18.926541] tsc: Refined TSC clocksource calibration: 2496.424 MHz
[   18.927355] clocksource: tsc: mask: 0xffffffffffffffff max_cycles: 0x23fc07f7101, max_idle_ns: 440795320305 ns
[   18.953244] e1000: Intel(R) PRO/1000 Network Driver - version 7.3.21-k8-NAPI
[   19.254728] e1000: Copyright (c) 1999-2006 Intel Corporation.
[   19.512364] Fusion MPT base driver 3.04.20
[   19.642598] Copyright (c) 1999-2008 LSI Corporation
[   19.670326] Fusion MPT SPI Host driver 3.04.20
[   19.867390] mptbase: ioc0: Initiating bringup
[   20.061672] AVX version of gcm_enc/dec engaged.
[   20.199091] AES CTR mode by8 optimization enabled
[   20.958885] ioc0: LSI53C1030 A0: Capabilities={Initiator}
[   21.204276] input: ImExPS/2 Generic Explorer Mouse as /devices/platform/i8042/serio1/input/input4
[   22.135289] scsi host2: ioc0: LSI53C1030 A0, FwRev=00000000h, Ports=1, MaxQ=256, IRQ=20
[   23.181481] scsi 2:0:0:0: Direct-Access     VBOX     HARDDISK         1.0  PQ: 0 ANSI: 5
[   23.953388] scsi target2:0:0: Beginning Domain Validation
[   23.955305] floppy0: no floppy controllers found
[   23.955336] work still pending
[   24.693364] scsi target2:0:0: Domain Validation skipping write tests
[   24.773472] e1000 0000:00:03.0 eth0: (PCI:33MHz:32-bit) 02:69:07:7b:a1:bd
[   24.773475] e1000 0000:00:03.0 eth0: Intel(R) PRO/1000 Network Connection
[   24.956661] scsi target2:0:0: Ending Domain Validation
[   24.957759] scsi target2:0:0: asynchronous
[   24.959183] scsi 2:0:1:0: Direct-Access     VBOX     HARDDISK         1.0  PQ: 0 ANSI: 5
[   24.960746] scsi target2:0:1: Beginning Domain Validation
[   24.965864] scsi target2:0:1: Domain Validation skipping write tests
[   24.967892] scsi target2:0:1: Ending Domain Validation
[   24.968719] scsi target2:0:1: asynchronous
[   24.978588] sd 2:0:0:0: Attached scsi generic sg0 type 0
[   24.979962] sd 2:0:0:0: [sda] 20971520 512-byte logical blocks: (10.7 GB/10.0 GiB)
[   24.980082] sd 2:0:0:0: [sda] Write Protect is off
[   24.980145] sd 2:0:0:0: [sda] Incomplete mode parameter data
[   24.980147] sd 2:0:0:0: [sda] Assuming drive cache: write through
[   24.991404] sd 2:0:1:0: Attached scsi generic sg1 type 0
[   24.992820] sd 2:0:1:0: [sdb] 20480 512-byte logical blocks: (10.5 MB/10.0 MiB)
[   24.994260] sd 2:0:1:0: [sdb] Write Protect is off
[   24.995479] sd 2:0:1:0: [sdb] Incomplete mode parameter data
[   24.996303] sd 2:0:1:0: [sdb] Assuming drive cache: write through
[   25.013197]  sda: sda1
[   25.014748] sd 2:0:0:0: [sda] Attached SCSI disk
[   25.028032] sd 2:0:1:0: [sdb] Attached SCSI disk
[   25.116905] e1000 0000:00:08.0 eth1: (PCI:33MHz:32-bit) 08:00:27:c8:44:53
[   25.321700] e1000 0000:00:08.0 eth1: Intel(R) PRO/1000 Network Connection
[   25.526791] e1000 0000:00:03.0 enp0s3: renamed from eth0
[   25.694650] e1000 0000:00:08.0 enp0s8: renamed from eth1
Begin: Loading e[   27.190178] md: linear personality registered for level -1
ssential drivers ... [   27.214593] md: multipath personality registered for level -4
[   27.234311] md: raid0 personality registered for level 0
[   27.238743] md: raid1 personality registered for level 1
[   27.322333] raid6: sse2x1   gen() 10298 MB/s
[   27.406315] raid6: sse2x1   xor()  6251 MB/s
[   27.478317] raid6: sse2x2   gen() 12221 MB/s
[   27.566320] raid6: sse2x2   xor()  8329 MB/s
[   27.638320] raid6: sse2x4   gen() 14068 MB/s
[   27.726319] raid6: sse2x4   xor()  9116 MB/s
[   27.731977] raid6: using algorithm sse2x4 gen() 14068 MB/s
[   27.735722] raid6: .... xor() 9116 MB/s, rmw enabled
[   27.742051] raid6: using ssse3x2 recovery algorithm
[   27.744932] xor: automatically using best checksumming function:
[   27.794852]    avx       : 48754.000 MB/sec
[   27.796645] async_tx: api initialized (async)
[   27.803600] md: raid6 personality registered for level 6
[   27.804508] md: raid5 personality registered for level 5
[   27.805390] md: raid4 personality registered for level 4
[   27.811515] md: raid10 personality registered for level 10
done.
Begin: Running /scripts/init-premount ... done.
Begin: Mounting root file system ... Begin: Running /scripts/local-top ... done.
Begin: Running /scripts/local-premount ... [   27.837993] Btrfs loaded
Scanning for Btrfs filesystems
done.
Warning: fsck not present, so skipping root file system
[   28.088734] EXT4-fs (sda1): mounted filesystem with ordered data mode. Opts: (null)
done.
Begin: Running /scripts/local-bottom ... done.
Begin: Running /scripts/init-bottom ... done.
[ 29.0994] rand: nbckg ol is initialized
[   29.877330] systemd[1]: systemd 229 running i system mode. (+PAM +AUDIT +SELINUX +IMA +APPARMOR +SMACK +SYSVINIT +UTMP +LIBCRYPTSETUP +GCRYPT +GNUTLS +ACL +XZ -LZ4 +SECCOMP +BLKID +ELFUTILS +KMOD -IDN)
[   30.213330] systemd[1]: Detected virtualization oracle.
[   30.215110] systemd[1]: Detected architecture x86-64.

Welcome to [1mUbuntu 16.04.4 LTS[0m!

[   30.255282] systemd[1: t stmeo ariapc>.
[   31.679356] systemd[1]: Set up automount Arbitrary Executable File Formats File System Automount Point.
[[0;32m  OK  [0m] Set up automount Arbitrary Executab...ats File System Automount Point.
[   31.702506] systemd[1]: Reached target User and Group Name Lookups.
[[0;32m  OK  [0m] Reached target User and Group Name Lookups.
[   31.704835] systemd[1]: Listening on /dev/initctl Compatibility Named Pipe.
[[0;32m  OK  [0m] Listening on /dev/initctl Compatibility Named Pipe.
[   31.709532] systemd[1]: Created slice System Slice.
[[0;32m  OK  [0m] Created slice System Slice.
[   31.711014] systemd[1]: Started Trigger resolvconf update for networkd DNS.
[[0;32m  OK  [0m] Started Trigger resolvconf update for networkd DNS.
[   31.712755] systemd[1]: Listening on LVM2 metadata daemon socket.
[[0;32m  OK  [0m] Listening on LVM2 metadata daemon socket.
[   31.714622] systemd[1]: Created slice system-serial\x2dgetty.slice.
[[0;32m  OK  [0m] Created slice system-serial\x2dgetty.slice.
[   31.716269] systemd[1]: Listening on udev Kernel Socket.
[[0;32m  OK  [0m] Listening on udev Kernel Socket.
[   31.717977] systemd[1]: Created slice User and Session Slice.
[[0;32m  OK  [0m] Created slice User and Session Slice.
[   31.720616] systemd[1]: Reached target Slices.
[[0;32m  OK  [0m] Reached target Slices.
[   31.721988] systemd[1]: Listening on Journal Socket (/dev/log).
[[0;32m  OK  [0m] Listening on Journal Socket (/dev/log).
[   31.724693] systemd[1]: Listening on Journal Audit Socket.
[[0;32m  OK  [0m] Listening on Journal Audit Socket.
[   31.726211] systemd[1]: Listening on LVM2 poll daemon socket.
[[0;32m  OK  [0m] Listening on LVM2 poll daemon socket.
[   31.731142] systemd[1]: Listening on Device-mapper event daemon FIFOs.
[[0;32m  OK  [0m] Listening on Device-mapper event daemon FIFOs.
[   31.732787] systemd[1]: Reached target Encrypted Volumes.
[[0;32m  OK  [0m] Reached target Encrypted Volumes.
[   31.734326] systemd[1]: Started Forward Password Requests to Wall Directory Watch.
[[0;32m  OK  [0m] Started Forward Password Requests to Wall Directory Watch.
[   31.736335] systemd[1]: Listening on udev Control Socket.
[[0;32m  OK  [0m] Listening on udev Control Socket.
[   31.737861] systemd[1]: Listening on Journal Socket.
[[0;32m  OK  [0m] Listening on Journal Socket.
[   31.770588] systemd[1]: Mounting POSIX Message Queue File System...
         Mounting POSIX Message Queue File System...
[   31.859394] systemd[1]: Starting Set console keymap...
         Starting Set console keymap...
[   31.902541] systemd[1]: Starting Nameserver information manager...
         Starting Nameserver information manager...
[   31.907928] systemd[1]: Mounting Huge Pages File System..
         Mounting Huge Pages File System...
[   32.411005] systemd[1]: Starting Monitoring of LVM2 mirrors, snapshots etc. using dmeventd or progress polling...
         Starting Monitoring of LVM2 mirrors... dmeventd or progress polling...
[   33.232085] systemd[1]: Starting Remount Root and KernelFFlle Systems...
[   33.262667] EXT4-fs (sda1): re-mounted. Opts: (null)
         Starting Remount Root and Kernel File Systems...
[   33.681017] systemd[1]: Starting Uncomplicated firewall...
         Starting Uncomplicated firewall...
[   34.230170] systemd[1]: Listening on Syslog Socket.
[[0;32m  OK  [0m] Listening on Syslog Socket.
[   34.531332] systemd[1]: Starting Create list of required static device nodes for the current kernel...
         Starting Create list of required st... nodes for the current kernel...
[   35.502429] systemd[1]: Starting Load Kernel Modules...
         Starting Load Kernel Modules...
[   35.520462] systemd[1]: Mounting Debug File System...
         Mounting Debug File System...
[   35.528046] systemd[1]: Reached target Swap.
[   35.582164] Loading iSCSI transport class v2.0-870.
[[0;32m  OK  [0m] Reached target Swap.
[   35.584303] systemd[1]: Starting Journal Service...
         Starting Journal Service...
[   35.624433] systemd[1]: Mounted Debug File System.
[[0;32m  OK  [0m] Mounted Debug File System.
[   35.650086] systemd[1]: Mounted Huge Pages File System.
[[0;32m  OK  [0m] Mounted Huge Pages File System.
[   35.670957] iscsi: registered transport (tcp)
[   35.671007] systemd[1]: Mounted POSIX Message Queue File System.
[[0;32m  OK  [0m] Mounted POSIX Message Queue File System.
[   35.674283] systemd[1]: Started Set console keymap.
[[0;32m  OK  [0m] Started Set console keymap.
[   35.721363] systemd[1]: Started Remount Root and Kernel File Systems.
[[0;32m  OK  [0m] Started Remount Root and Kernel File Systems.
[   35.740835] systemd[1]: Started Uncomplicated firewall.
[[0;32m  OK  [0m] Started Uncomplicated firewall.
[   35.780026] systemd[1]: Started Create list of required static device nodes for the current kernel.
[[0;32m  OK  [0m] Started Create list of required sta...ce nodes for the current kernel.
[   35.800859] systemd[1]: Started Nameserver information manager.
[[0;32m  OK  [0m] Started Nameserver information manager.
[   35.82288]]sssseedd11]: Started Journal Service.
[[0;32m  OK  [0m] Started Journal Service.
[[0;32m  OK  [0m] Started LVM2 metadata daemon.
         Starting Create Static Device Nodes in /dev...
         Starting udev Coldplug all Devices...
         Starting Initial cloud-init job (pre-networking)...
         Starting Flush Journal to Persistent Storage...
         Starting Load/Save Random Seed...
[[0;32m  OK  [0m] Started Load/Save Random Seed.
[   36.529077] iscsi: registered transport (iser)
[[0;32m  OK  [0m] Started Load Kernel Modules.
         Starting Apply Kernel Variables...
         Mounting FUSE Control File System...
[[0;32m  OK  [[   36.558492] systemd-journald[410]: Received request to flush runtime journal from PID 1
0m] Mounted FUSE Control File System.
[[0;32m  OK  [0m] Started Flush Journal to Persistent Storage.
[[0;32m  OK  [0m] Started Apply Kernel Variables.
[[0;32m  OK  [0m] Started udev Coldplug all Devices.
[[0;32m  OK  [0m] Started Create Static Device Nodes in /dev.
         Starting udev Kernel Device Manager...
[[0;32m  OK  [0m] Started Monitoring of LVM2 mirrors,...ng dmeventd or progress polling.
[[0;32m  OK  [0m] Started udev Kernel Device Manager.
[[0;32m  OK  [0m] Reached target Local File Systems (Pre).
[[0;32m  OK  [0m] Reached target Local File Systems.
         Starting Tell Plymouth To Write Out Runtime Data...
         Starting Create Volatile Files and Directories...
         Starting LSB: AppArmor initialization...
         Starting Set console font and keymap...
[[0;32m  OK  [0m] Started Dispatch Password Requests to Console Directory Watch.
[[0;32m  OK  [0m] Started Tell Plymouth To Write Out Runtime Data.
[[0;32m  OK  [0m] Found device /dev/ttyS0.
[[0;32m  OK  [0m] Started Create Volatile Files and Directories.
         Starting Update UTMP about System Boot/Shutdown...
[[0;32m  OK  [0m] Reached target System Time Synchronized.
[[0;32m  OK  [0m] Started Update UTMP about System Boot/Shutdown.
[[0;32m  OK  [0m] Found device 82540EM Gigabit Ethern...r (PRO/1000 MT Desktop Adapter).
[[0;32m  OK  [0m] Found device 82540EM Gigabit Ethern...r (PRO/1000 MT Desktop Adapter).
[[0;32m  OK  [0m] Started Set console font and keymap.
[[0;32m  OK  [0m] Created slice system-getty.slice.
[[0;32m  OK  [0m] Listening on Load/Save RF Kill Switch Status /dev/rfkill Watch.
[[0;32m  OK  [0m] Started LSB: AppArmor initialization.
[   26.709603] cloud-init[440]: Cloud-init v. 17.1 running 'init-local' at Tue, 13 Mar 2018 09:57:46 +0000. Up 26.29 seconds.
[[0;32m  OK  [0m] Started Initial cloud-init job (pre-networking).
[[0;32m  OK  [0m] Reached target Network (Pre).
         Starting Raise network interfaces...
[[0;32m  OK  [0m] Started ifup for enp0s8.
[[0;32m  OK  [0m] Started ifup for enp0s3.
[[0;32m  OK  [0m] Started Raise network interfaces.
         Starting Initial cloud-init job (metadata service crawler)...
[[0;32m  OK  [0m] Reached target Network.
[   27.959769] cloud-init[1061]: Cloud-init v. 17.1 running 'init' at Tue, 13 Mar 2018 09:57:47 +0000. Up 27.31 seconds.
[   27.961667] cloud-init[1061]: ci-info: ++++++++++++++++++++++++++++++++++++++Net device info++++++++++++++++++++++++++++++++++++++
[   27.963565] cloud-init[1061]: ci-info: +--------+------+-----------------------------+---------------+-------+-------------------+
[   27.965597] cloud-init[1061]: ci-info: | Device |  Up  |           Address           |      Mask     | Scope |     Hw-Address    |
[   27.969326] cloud-init[1061]: ci-info: +--------+------+-----------------------------+---------------+-------+-------------------+
[   27.971263] cloud-init[1061]: ci-info: | enp0s3 | True |          10.0.2.15          | 255.255.255.0 |   .   | 02:69:07:7b:a1:bd |
[   27.973290] cloud-init[1061]: ci-info: | enp0s3 | True |  fe80::69:7ff:fe7b:a1bd/64  |       .       |  link | 02:69:07:7b:a1:bd |
[   27.975563] cloud-init[1061]: ci-info: | enp0s8 | True |        192.168.33.10        | 255.255.255.0 |   .   | 08:00:27:c8:44:53 |
[   27.977647] cloud-init[1061]: ci-info: | enp0s8 | True | fe80::a00:27ff:fec8:4453/64 |       .       |  link | 08:00:27:c8:44:53 |
[   27.979770] cloud-init[1061]: ci-info: |   lo   | True |          127.0.0.1          |   255.0.0.0   |   .   |         .         |
[   27.982520] cloud-init[1061]: ci-info: |   lo   | True |           ::1/128           |       .       |  host |         .         |
[   27.984499] cloud-init[1061]: ci-info: +--------+------+-----------------------------+---------------+-------+-------------------+
[   27.986547] cloud-init[1061]: ci-info: ++++++++++++++++++++++++++++Route IPv4 info++++++++++++++++++++++++++++
[   27.988417] cloud-init[1061]: ci-info: +-------+--------------+----------+---------------+-----------+-------+
[   27.990307] cloud-init[1061]: ci-info: | Route | Destination  | Gateway  |    Genmask    | Interface | Flags |
[   27.992318] cloud-init[1061]: ci-info: +-------+--------------+----------+---------------+-----------+-------+
[   27.994458] cloud-init[1061]: ci-info: |   0   |   0.0.0.0    | 10.0.2.2 |    0.0.0.0    |   enp0s3  |   UG  |
[   27.996406] cloud-init[1061]: ci-info: |   1   |   10.0.2.0   | 0.0.0.0  | 255.255.255.0 |   enp0s3  |   U   |
[   27.999094] cloud-init[1061]: ci-info: |   2   | 192.168.33.0 | 0.0.0.0  | 255.255.255.0 |   enp0s8  |   U   |[[0;32m  OK  [0m] Started Initial cloud-init job (metadata service crawler).
[[0;32m  OK  [0m
] [   28.004644] cloud-init[1061]: ci-info: +-------+--------------+----------+---------------+-----------+-------+
Reached target Cloud-config availability.
[[0;32m  OK  [0m] Reached target System Initialization.
[[0;32m  OK  [0m] Started Daily apt download activities.
[[0;32m  OK  [0m] Started Daily apt upgrade and clean activities.
         Starting Socket activation for snappy daemon.
[[0;32m  OK  [0m] Listening on UUID daemon activation socket.
         Starting LXD - unix socket.
[[0;32m  OK  [0m] Started ACPI Events Check.
[[0;32m  OK  [0m] Reached target Paths.
[[0;32m  OK  [0m] Started Daily Cleanup of Temporary Directories.
[[0;32m  OK  [0m] Listening on D-Bus System Message Bus Socket.
[[0;32m  OK  [0m] Started Timer to automatically refresh installed snaps.
[[0;32m  OK  [0m] Reached target Timers.
[[0;32m  OK  [0m] Listening on ACPID Listen Socket.
[[0;32m  OK  [0m] Reached target Network is Online.
         Starting iSCSI initiator daemon (iscsid)...
[[0;32m  OK  [0m] Listening on Socket activation for snappy daemon.
[[0;32m  OK  [0m] Listening on LXD - unix socket.
[[0;32m  OK  [0m] Reached target Sockets.
[[0;32m  OK  [0m] Reached target Basic System.
         Starting System Logging Service...
         Starting LSB: MD monitoring daemon...
         Starting MySQL Community Server...
         Starting Accounts Service...
[[0;32m  OK  [0m] Started ACPI event daemon.
[[0;32m  OK  [0m] Started Deferred execution scheduler.
         Starting Login Service...
         Starting /etc/rc.local Compatibility...
[[0;32m  OK  [0m] Started D-Bus System Message Bus.
         Starting Apply the settings specified in cloud-config...
         Starting LXD - container startup/shutdown...
         Starting A high performance web server and a reverse proxy server...
[[0;32m  OK  [0m] Started Regular background program processing daemon.
         Starting LSB: Record successful boot for GRUB...
[[0;32m  OK  [0m] Started FUSE filesystem for LXC.
         Starting The PHP 7.0 FastCGI Process Manager...
         Starting OpenBSD Secure Shell server...
[[0;32m  OK  [0m] Started Unattended Upgrades Shutdown.
         Starting Snappy daemon...
[[0;32m  OK  [0m] Started System Logging Service.
[[0;32m  OK  [0m] Started /etc/rc.local Compatibility.
[[0;32m  OK  [0m] Started Login Service.
         Starting Authenticate and Authorize Users to Run Privileged Tasks...
[[0;32m  OK  [0m] Started iSCSI initiator daemon (iscsid).
         Starting Login to default iSCSI targets...
[   29.592033] cloud-init[1143]: Cloud-init v. 17.1 running 'modules:config' at Tue, 13 Mar 2018 09:57:49 +0000. Up 29.04 seconds.
[[0;32m  OK  [0m] Started Apply the settings specified in cloud-config.
[[0;32m  OK  [0m] Started LSB: MD monitoring daemon.
[[0;32m  OK  [0m] Started Login to default iSCSI targets.
[[0;32m  OK  [0m] Reached target Remote File Systems (Pre).
[[0;32m  OK  [0m] Reached target Remote File Systems.
         Starting LSB: VirtualBox Linux Additions...
         Starting LSB: Set the CPU Frequency Scaling governor to "ondemand"...
         Starting LSB: automatic crash report generation...
         Starting Permit User Sessions...
         Starting LSB: daemon to balance interrupts for SMP systems...
[[0;32m  OK  [0m] Started Authenticate and Authorize Users to Run Privileged Tasks.
[[0;32m  OK  [0m] Started Accounts Service.
[[0;32m  OK  [0m] Started LSB: Set the CPU Frequency Scaling governor to "ondemand".
[[0;32m  OK  [0m] Started Permit User Sessions.
         Starting Terminate Plymouth Boot Screen...
         Starting Hold until boot process finishes up...
[[0;32m  OK  [0m] Started Hold until boot process finishes up.
[[0;32m  OK  [0m] Started Serial Getty on ttyS0.
[[0;32m  OK  [0m] Started Getty on tty1.
[[0;32m  OK  [0m] Reached target Login Prompts.
         Starting Set console scheme...
[[0;32m  OK  [0m] Started Terminate Plymouth Boot Screen.
[[0;32m  OK  [0m] Started LSB: daemon to balance interrupts for SMP systems.
[[0;32m  OK  [0m] Started LSB: automatic crash report generation.
[[0;32m  OK  [0m] Started Set console scheme.
[[0;32m  OK  [0m] Started OpenBSD Secure Shell server.
[[0;32m  OK  [0m] Started LSB: Record successful boot for GRUB.
[[0;32m  OK  [0m] Started LSB: VirtualBox Linux Additions.
[[0;32m  OK  [0m] Started A high performance web server and a reverse proxy server.
[[0;32m  OK  [0m] Created slice User Slice of vagrant.
         Starting User Manager for UID 1000...
[[0;32m  OK  [0m] Started Session 1 of user vagrant.
[[0;32m  OK  [0m] Started User Manager for UID 1000.
[[0;32m  OK  [0m] Started LXD - container startup/shutdown.
[[0;32m  OK  [0m] Started Snappy daemon.

Ubuntu 16.04.4 LTS mariapc ttyS0

mariapc login: [   37.821741] cloud-init[1493]: Cloud-init v. 17.1 running 'modules:final' at Tue, 13 Mar 2018 09:57:57 +0000. Up 37.53 seconds.
[   37.821994] cloud-init[1493]: Cloud-init v. 17.1 finished at Tue, 13 Mar 2018 09:57:58 +0000. Datasource DataSourceNoCloud [seed=/dev/sdb][dsmode=net].  Up 37.81 seconds
