[   .00000 Itiliincgup sbss ust[  00000] italincgoup bs cu
[    0000] niiazig grp bsyscpac
    0.00] Liuxveion 4.4.0-116-generic (buildd@lgw01-amd64-021) (gcc version 5.4.0 20160609 (Ubuntu 5.4.0-6ubuntu1~16.04.9) ) #140-Ubuntu SMP Mon Feb 12 21:23:04 UTC 2018 (Ubuntu 4.4.0-116.140-generic 4.4.98)
[    0.000000] Command line: BOOT_IMAGE=/boot/vmlinuz-4.4.0-1166-generic root=UUID=4495ca59-6f63-4cd0-b56d-2100a2095754 ro console=tty1 console=ttyS0
[    0.000000] KERNEL supported cpus:
[    0.000000]   Intel GenuineIntel
[    0.000000]   AMD AuthenticAMD
[    0.000000]   Centaur CentaurHauls
[    0.000000] ------------[ cut here ]------------
[    0.000000] WARNING: CPU: 0 PID: 0 at /build/linux-fQ94TU/linux-4.4.0/arch/x86/kernel/fpu/xstate.c:517 fpu__init_system_xstate+0x38b/0x75a()
[    0.000000] XSAVE consistency problem, dumping leaves
[    0.000000] Modules linked in:
[    0.000] CU:0 D:0 om spper N tnted.4-16-geri#10-Ubun
   0.000  000000000086 d5bfe7cfefefffff8e0d8ffffff3f13
[  00000  fffff8038 ffff81aba6ffffffe0b8 ffffffff810832
[   0000]  ffff81e048ffffffe04c 000000000 000000010
[  00000 Cl race
[  0.0000]  [ffffff13c1>] dumstk+0x3/x9
[    0.00] [<ffff8108f2 wrn_swph_common+0x82/0xc0
[    0.000000]  [<ffffffff8108318c>] warn_slowpath_fmt+0x5c/0x80
[    0.000000]  [<ffffffff8107ed36>] ? xfeature_size+0x59/0x77
[    0.000000]  [<ffffffff81f72338>] fpu__init_system_xstate+0x38b/0x75a
[    0.000000]  [<ffffffff81f62120>] ? early_idt_handler_array+0x120/0x120
[    0.000000]  [<ffffffff81f71ca3>] fpu__init_system+0x10d/0x245
[    0.000000]  [<ffffffff81f72df1>] early_cpu_init+0x178/0x17d
[    0.000000]  [<ffffffff81f72df1>] ? early_cpu_init+0x178/0x17d
[    0.000000]  [<ffffffff81f6e1fb>] setup_arch+0xb4/0xd2b
[    0.000000]  [<ffffffff81f62120>] ? early_idt_handler_array+0x120/0x120
[    0.000000]  [<ffffffff81f62c7d>] start_kernel+0xe4/0x4b0
[    0.000000]  [<ffffffff81f62120>] ? early_idt_handler_array+0x120/0x120
[    0.00000  fffffff6339>x864_start_reservations+0x2a/0x2c
[    0.000000]  [<ffffffff81f62485>] x86_64_start_kernel+0x14a/0x16d
[    0.000000] ---[ end trace 4d5ff9f2f68c4233 ]---
[    0.000000] CPUID[0d, 00]: eax=00000007 ebx=00000440 ecx=00000440 edx=00000000
[    0.000000] CPUID[0d, 01]: eax=00000000 ebx=000003c0 ecx=00000000 edx=00000000
[    0.000000] CPUID[0d, 02]: eax=00000100 ebx=00000240 ecx=00000000 edx=00000000
[    0.000000] CPUID[0d, 03]: eax=00000000 ebx=00000000 ecx=00000000 edx=00000000
[    0.000000] CPUID[0d, 04]:eax=00000000 ebx=00000000 ecx=00000000 edx=00000000
[    0.000000] CPUID[0d, 05]: eax=00000000 ebx=00000000 ecx=00000000 edx=00000000
[    0.000000] CPUID[0d, 06]: eax=00000000 ebx=00000000 ecx=00000000 edx=00000000
[    0.000000] CPUID[0d, 07]: eax=00000000 ebx=00000000 ecx=00000000 edx=00000000
[    0.000000] CPUID[0d, 08]: eax=00000000 ebx=00000000 ecx=00000000 edx=00000000
[    0.000000] CPUID[0d, 09]: eax=00000000 ebx=00000000 ecx=00000000 edx=00000000
[    0.000000] CPUID[0d, 0a]: eax=00000000 ebx=00000000 ecx=00000000 edx=00000000
[    0.000000] CPUID[0d, 0b]: eax=00000000 ebx=00000000 ecx=00000000 edx=00000000
[    0.000000] CPUID[0d, 0c]: eax=00000000 ebx=00000000 ecx=00000000 edx=00000000
[    0.000000] CPUID[0d, 0d]: eax=00000000 ebx=00000000 ecx=00000000 edx=00000000
[    0.000000] CPUID[0d, 0e]: eax=00000000 ebx=00000000 ecx=00000000 edx=00000000
[    0.000000] CPUID[0d, 0f]: eax=00000000 ebx=00000000 ecx=00000000 edx=00000000
[    0.000000] CPUID[0d, 10]: eax=00000000 ebx=00000000 ecx=00000000 edx=00000000
[    0.000000] CPUID[0d, 11]: eax=00000000 ebx=00000000 ecx=00000000 edx=00000000
[    0.000000] x86/fpu: xstate_offset[2]:  576, xstate_sizes[2]:  256
[    0.000000] x86/fpu: Supporting XSAVE feature 0x01: 'x87 floating point registers'
[    0.000000] x86/fpu: Supporting XSAVE feature 0x02: 'SSE registers'
[    0.000000] x86/fpu: Supporting XSAVE feature 0x04: 'AVX registers'
[    0.000000] x86/fpu: Enabled xstate features 0x7, context size is 088 bytes, using 'standard' format.
[    0.000000] x86/fpu: Using 'lazy' FPU context switches.
[    0.000000] e820: BIOS-provided physical RAM map:
[    0.000000] BIOS-e820: [mem 0x0000000000000000-0x000000000009fbff] usable
[    0.000000] BIOS-e820: [mem 0x000000000009fc00-0x000000000009ffff] reserved
[    0.000000] BIOS-e820: [mem 0x00000000000f0000-0x00000000000fffff] reserved
[    0.000000] BIOS-e820: [mem 0x0000000000100000-0x000000003ffeffff] usable
[    0.000000] BIOS-e820: [mem 0x000000003fff0000-0x000000003fffffff] ACPI data
[    0.000000] BIOS-e820: [mem 0x00000000fffc0000-0x00000000ffffffff] reserved
[    0.000000] NX (Execute Disable) protection: active
[    0.000000] SMBIOS 2.5 present.
[    0.000000] Hypervisor detected: KVM
[    0.000000] e820: last_pfn = 0x3fff0 max_arch_pfn = 0x400000000
[    0.000000] MTRR: Disabled
[    0.000000] x86/PAT: MTRRs disabled, skipping PAT initialization too.
[    0.000000] CPU MTRRs all blank - virtualized system.
[    0.000000] x86/PAT: Configuration [0-7]: WB  WT  UC- UC  WB  WT  UC- UC  
[    0.000000] found SMP MP-table at [mem 0x0009fff0-0x0009ffff] mapped at [ffff88000009fff0]
[    0.000000] Scanning 1 areas for low memory corruption
[    0.000000] RAMDISK: [mem 0x36218000-0x37103fff]
[    0.000000] ACPI: Early table checksum verification disabled
[    0.000000] ACPI: RSDP 0x00000000000E0000 000024 (v02 VBOX  )
[    0.000000] ACPI: XSDT 0x000000003FFF0030 00003C (v01 VBOX   VBOXXSDT 00000001 ASL  00000061)
[    0.000000] ACPI:AC 0x00003FF00 00F4 v0VB   VBOAC000000ASL  00000)[   .000] CP DT 0x0000FFF0470018 (01BO  VBOXOS000002NT201601)
[    0.000000]AC: ACS 0x00000FF020 000
[  0.0000 APIFAS x00003FF200004
[   00000] CP APIC 000003FF240005C (v VX   BOAP 00001SL 00006
[  00000] PISST 0x00003FFF2A 01CC (v01 VBOX   VBOXCPUT 00000002 INTL 20160108)
[    0.000000] No NUMA configuration found
[    0.000000] Faking a node at [mem 0x0000000000000000-0x000000003ffeffff]
[    0.000000] NODE_DATA(0) allocated [mem 0x3ffeb000-0x3ffeffff]
[    0.000000] kvm-clock: Using msrs 4b564d01 and 4b564d00
[    0.000000] kvm-clock: cpu 0, msr 0:3ffe3001, primary cpu clock
[    0.000000] kvm-clock: using sched offset of 3496105372 cycles
[    0.000000] clocksource: kvm-clock: mask: 0xffffffffffffffff max_cycles: 0x1cd42e4dffb, max_idle_ns: 881590591483 ns
[    0.000000] Zone ranges:
[    0.000000]   DMA      [mem 0x0000000000001000-0x0000000000ffffff]
[    0.000000]   DMA32    [mem 0x0000000001000000-0x000000003ffeffff]
[    0.000000]   Normal   empty
[    0.000000]   Device   empty
[    0.000000] Movable zone start for each node
[    0.000000] Early memory node ranges
[    0.000000]   node   0: [mem 0x0000000000001000-0x000000000009efff]
[    0.000000]   node   0: [mem 0x0000000000100000-0x000000003ffeffff]
[    0.000000] Initmem setup node 0 [mem 0x0000000000001000-0x000000003ffeffff]
[    0.000000] ACPI: PM-Timer IO Port: 0x4008
[    0.000000] IOAPIC[0]: apic_id 2, version 17, address 0xfec00000, GSI 0-23
[    0.000000] ACPI: INT_SRC_OVR (bus 0 bus_irq 0 global_irq 2 dfl dfl)
[    0.000000] ACPI: INT_SRC_OVR (bus 0 bus_irq 9 global_irq 9 high level)
[    0.000000] Using ACPI (MADT) for SMP configuration information
[    0.000000] smpboot: Allowing 2 CPUs, 0 hotplug CPUs
[    0.000000] PM: Registered nosave memory: [mem 0x00000000-0x00000fff]
[    0.000000] PM: Registered nosave memory: [mem 0x0009f000-0x0009ffff]
[    0.000000] PM: Registered nosave memory: [mem 0x000a0000-0x000effff]
[    0.000000] PM: Registered nosave memory: [mem 0x000f0000-0x000fffff]
[    0.000000] e820: [mem 0x40000000-0xfffbffff] available for PCI devices
[    0.000000] Booting paravirtualized kernel on KVM
[    0.000000] clocksource: refined-jiffies: mask: 0xffffffff max_cycles: 0xffffffff, max_idle_ns: 7645519600211568 ns
[    0.000000] setup_percpu: NR_CPUS:512 nr_cpumask_bits:512 nr_cpu_ids:2 nr_node_ids:1
[    0.000000] PERCPU: Embedded 34 pages/cpu @ffff88003fc00000 s99544 r8192 d31528 u1048576
[    0.000000] PV qspinlock hash table entries: 256 (order: 0, 4096 bytes)
[    0.000000] Built 1 zonelists in Node order, mobility grouping on.  Total pages: 257913
[    0.000000] Policy zone: DMA32
[    0.000000] Kernel command line: BOOT_IMAGE=/boot/vmlinuz-4.4.0-116-generic root=UUID=4495ca59-6f63-4cd0-b56d-2100a2095754 ro console=tty1 console=ttyS0
[    0.000000] PID hash table entries: 4096 (order: 3, 32768 bytes)
[    0.000000] Memory: 997252K/1048120K available (8530K kernel code, 1309K rwdata, 3992K rodata, 1508K init, 1316K bss, 50868K reserved, 0K cma-reserved)
[    0.000000] SLUB: HWalign=64, Order=0-3, MinObjects=0, CPUs=2, Nodes=1
[    0.000000] Kernel/User page tables isolation: enabled
[    0.000000] Hierarchical RCU implementation.
[    0.000000] 	Build-time adjustment of leaf fanout to 64.
[    0.000000] 	RCU restricting CPUs from NR_CPUS=512 to nr_cpu_ids=2.
[    0.000000] RCU: Adjusting geometry for rcu_fanout_leaf=64, nr_cpu_ids=2
[    0.000000] NR_IRQS:33024 nr_irqs:440 16
[    0.000000] Console: colour VGA+ 80x25
[    0.000000] console [tty1] enabled
[    0.000000] console [ttyS0] enabled
[    0.000000] tsc: Detected 2496.002 MHz processor
[    5.110518] Calibrating delay loop (skipped) preset value.. 4992.00 BogoMIPS (lpj=9984008)
[    5.111711] pid_max: default: 32768 minimum: 301
[    5.112351] ACPI: Core revision 20150930
[    5.113884] ACPI: 2 ACPI AML tables successfully acquired and loaded
[    5.114785] Security Framework initialized
[    5.115372] Yama: becoming mindful.
[    5.115912] AppArmor: AppArmor initialized
[    5.116560] Dentry cache hash table entries: 131072 (order: 8, 1048576 bytes)
[    5.117993] Inode-cache hash table entries: 65536 (order: 7, 524288 bytes)
[    5.118894] Mount-cache hash table entries: 2048 (order: 2, 16384 bytes)
[    5.119720] Mountpoint-cache hash table entries: 2048 (order: 2, 16384 bytes)
[    5.120697] Initializing cgroup subsys io
[    5.121282] Initializing cgroup subsys memory
[    5.121957] Initializing cgroup subsys devices
[    5.122577] Initializing cgroup subsys freezer
[    5.123193] Initializing cgroup subsys net_cls
[    5.123818] Initializing cgroup subsys perf_event
[    5.124458] Initializing cgroup subsys net_prio
[    5.125083] Initializing cgroup subsys hugetlb
[    5.125761] Initializing cgroup subsys pids
[    5.126445] CPU: Physical Processor ID: 0
[    5.127023] CPU: Processor Core ID: 0
[    5.127578] FEATURE SPEC_CTRL Not Present
[    5.129239] mce: CPU supports 0 MCE banks
[    5.129889] Last level iTLB entries: 4KB 128, 2MB 8, 4MB 8
[    5.130603] Last level dTLB entries: 4KB 64, 2MB 0, 4MB 0, 1GB 4
[    5.131361] Spectre V2 mitigation: Mitigation: Full generic retpoline
[    5.132156] Spectre V2 mitigation: Speculation control IBPB not-supported IBRS not-supported
[    5.143325] Freeing SMP alternatives memory: 32K
[    5.269141] ftrace: allocating 32186 entries in 126 pages
[    5.473374] smpboot: APIC(0) Converting physical 0 to logical package 0
[    5.668321] smpboot: Max logical packages: 1
[    5.796966] ..TIMER: vector=0x30 apic1=0 pin1=2 apic2=-1 pin2=-1
[    6.081455] smpboot: CPU0: Intel(R) Core(TM) i5-7300HQ CPU @ 2.50GHz (family: 0x6, model: 0x9e, stepping: 0x9)
[    6.110880] Performance Events: unsupported p6 CPU model 158 no PMU driver, software events only.
[    6.112727] KVM setup paravirtual spinlock
[    6.114343] x86: Booting SMP configuration:
[    6.115142] .... node  #0, CPUs:      #1
[    6.121769] kvm-clock: cpu 1, msr 0:3ffe3041, secondary cpu clock
[    6.135531] mce: CPU supports 0 MCE banks
[    6.138040] x86: Booted up 1 node, 2 CPUs
[    6.138817] smpboot: Total of 2 processors activated (9984.00 BogoMIPS)
[    6.162442] devtmpfs: initialized
[    6.254798] evm: security.selinux
[    6.346450] evm: security.SMACK64
[    6.442418] evm: security.SMACK64EXEC
[    6.548469] evm: security.SMACK64TRANSMUTE
[    6.671829] evm: security.SMACK64MMAP
[    6.777850] evm: security.ima
[    6.863960] evm: security.capability
[    6.972182] clocksource: jiffies: mask: 0xffffffff max_cycles: 0xffffffff, max_idle_ns: 7645041785100000 ns
[    7.243331] futex hash table entries: 512 (order: 3, 32768 bytes)
[    7.422825] pinctrl core: initialized pinctrl subsystem
[    7.582253] RTC time:  9:37:58, date: 03/12/18
[    7.714029] NET: Registered protocol family 16
[    7.850190] cpuidle: using governor ladder
[    7.970156] cpuidle: using governor menu
[    8.087017] PCCT header not found.
[    8.187940] ACPI: bus type PCI registered
[    8.254906] acpiphp: ACPI Hot Plug PCI Controller Driver version: 0.5
[    8.448562] PCI: Using configuration type 1 for base access
[    8.611108] ACPI: Added _OSI(Module Device)
[    8.711723] ACPI: Added _OSI(Processor Device)
[    8.828158] ACPI: Added _OSI(3.0 _SCP Extensions)
[    8.967783] ACPI: Added _OSI(Processor Aggregator Device)
[    9.129189] ACPI: Executed 1 blocks of module-level executable AML code
[    9.281785] ACPI: Interpreter enabled
[    9.345856] ACPI: (supports S0 S5)
[    9.446744] ACPI: Using IOAPIC for interrupt routing
[    9.595357] PCI: Using host bridge windows from ACPI; if necessary, use "pci=nocrs" and report a bug
[    9.873804] ACPI: PCI Root Bridge [PCI0] (domain 0000 [bus 00-ff])
[   10.059335] acpi PNP0A03:00: _OSC: OS supports [ASPM ClockPM Segments MSI]
[   10.265981] acpi PNP0A03:00: _OSC failed (AE_NOT_FOUND); disabling ASPM
[   10.418033] acpi PNP0A03:00: fail to add MMCONFIG information, can't access extended PCI configuration space under this bridge.
[   10.762829] PCI host bridge to bus 0000:00
[   10.888124] pci_bus 0000:00: root bus resource [io  0x0000-0x0cf7 window]
[   11.089494] pci_bus 0000:00: root bus resource [io  0x0d00-0xffff window]
[   11.292090] pci_bus 0000:00: root bus resource [mem 0x000a0000-0x000bffff window]
[   11.475251] pci_bus 0000:00: root bus resource [mem 0x40000000-0xffdfffff window]
[   11.685131] pci_bus 0000:00: root bus resource [bus 00-ff]
[   11.850682] pci 0000:00:01.1: legacy IDE quirk: reg 0x10: [io  0x01f0-0x01f7]
[   12.046594] pci 0000:00:01.1: legacy IDE quirk: reg 0x14: [io  0x03f6]
[   12.091774] pci 0000:00:01.1: legacy IDE quirk: reg 0x18: [io  0x0170-0x0177]
[   12.127673] pci 0000:00:01.1: legacy IDE quirk: reg 0x1c: [io  0x0376]
[   12.315457] ACPI: PCI Interrupt Link [LNKA] (IRQs 5 9 10 11) *0, disabled.
[   12.482464] ACPI: PCI Interrupt Link [LNKB] (IRQs 5 9 10 *11)
[   12.630590] ACPI: PCI Interrupt Link [LNKC] (IRQs 5 9 *10 11)
[   12.783663] ACPI: PCI Interrupt Link [LNKD] (IRQs 5 *9 10 11)
[   12.935719] ACPI: Enabled 2 GPEs in block 00 to 07
[   13.074055] vgaarb: setting as boot device: PCI:0000:00:02.0
[   13.244784] vgaarb: device added: PCI:0000:00:02.0,decodes=io+mem,owns=io+mem,locks=none
[   13.473683] vgaarb: loaded
[   13.514871] vgaarb: bridge control possible 0000:00:02.0
[   13.516074] SCSI subsystem initialized
[   13.517038] ACPI: bus type USB registered
[   13.517819] usbcore: registered new interface driver usbfs
[   13.518696] usbcore: registered new interface driver hub
[   13.578153] usbcore: registered new device driver usb
[   13.733212] PCI: Using ACPI for IRQ routing
[   13.859719] NetLabel: Initializing
[   13.962868] NetLabel:  domain hash size = 128
[   14.090243] NetLabel:  protocols = UNLABELED CIPSOv4
[   14.239934] NetLabel:  unlabeled traffic allowed by default
[   14.398009] amd_nb: Cannot enumerate AMD northbridges
[   14.531929] clocksource: Switched to clocksource kvm-clock
[   14.620651] AppArmor: AppArmor Filesystem Enabled
[   14.634168] pnp: PnP ACPI init
[   14.635219] pnp: PnP ACPI: found 3 devices
[ 14446]losoceac_p mk:xfffmacyes0xff, x_le_ns:207024 ns[ 15274]ETRestedrocofaly
[   16.146313] TCP estblheha tlentes8192 (order: 4, 65536 bytes)
[   16.514001] TCP bind hash table entries: 8192 (order: 5, 131072 bytes)
[   16.514828] TCP: Hash tables configured (established 8192 bind 8192)
[   16.515640] UDP hash table entries: 512 (order: 2, 16384 bytes)
[   16.516416] UDP-Lite hash table entries: 512 (order: 2, 16384 bytes)
[   16.517252] NET: Registered protocol family 1
[   16.517957] pci 0000:00:00.0: Limiting direct PCI/PCI transfers
[   16.518728] ci 00001. Aivin I D hg rkous  7.18] paininras.
[   17.657292] Freeing initrd memory: 15280K
[   17.658323] platform rtc_cmos: registered platform RTC device (no PNP device found)
[   17.659758] Scanning for low memory corruption every 60 seconds
[   17.661327] audit: initializing netlink subsys (disabled)
[   17.662297] audit: type=2000 audit(1520847479.595:1): initialized
[   17.663669] Initialise system trusted keyring
[   17.664835] HugeTLB registered 2 MB page size, pre-allocated 0 pages
[   17.667129] zbud: loaded
[   17.668209] VFS: Disk quotas dquot_6.6.0
[   17.669098] VFS: Dquot-cache hash table entries: 512 (order 0, 4096 bytes)
[   17.670686] squashfs: version 4.0 (2009/01/31) Phillip Lougher
[   17.673593] fuse init (API version 7.23)
[   17.674699] Key type big_key registered
[   17.675651] Allocating IMA MOK and blacklist keyrings.
[   17.681400] Key type asymmetric registered
[   17.682404] Asymmetric key parser 'x509' registered
[   17.683429] Block layer SCSI generic (bsg) driver version 0.4 loaded (major 249)
[   17.686383] io scheduler noop registered
[   17.690614] io scheduler deadline registered (default)
[   17.691783] io scheduler cfq registered
[   17.692891] pci_hotplug: PCI Hot Plug PCI Core version: 0.5
[   17.694079] pciehp: PCI Express Hot Plug Controller Driver version: 0.4
[   17.695495] ACPI: AC Adapter [AC] (off-line)
[   17.696565] input: Power Button as /devices/LNXSYSTM:00/LNXPWRBN:00/input/input0
[   17.698242] ACPI: Power Button [PWRF]
[   17.699129] input: Sleep Button as /devices/LNXSYSTM:00/LNXSLPBN:00/input/input1
[   17.700847] ACPI: Sleep Button [SLPF]
[   17.708058] ACPI: Battery Slot [BAT0] (battery present)
[   17.709171] GHES: HEST is not enabled!
[   17.710489] Serial: 8250/16550 driver, 32 ports, IRQ sharing enabled
[   17.733158] 00:02: ttyS0 at I/O 0x3f8 (irq = 4, base_baud = 115200) is a 16550A
[   17.737773] Linux agpgart interface v0.103
[   17.740774] loop: module loaded
[   17.741922] scsi host0: ata_piix
[   17.742717] scsi host1: ata_piix
[   17.743347] ata1: PATA max UDMA/33 cmd 0x1f0 ctl 0x3f6 bmdma 0xd000 irq 14
[   17.744482] ata2: PATA max UDMA/33 cmd 0x170 ctl 0x376 bmdma 0xd008 irq 15
[   17.745679] libphy: Fixed MDIO Bus: probed
[   17.746504] tun: Universal TUN/TAP device driver, 1.6
[   17.747304] tun: (C) 1999-2004 Max Krasnyansky <maxk@qualcomm.com>
[   17.748417] PPP generic driver version 2.4.2
[   17.749288] ehci_hcd: USB 2.0 'Enhanced' Host Controller (EHCI) Driver
[   17.750353] ehci-pci: EHCI PCI platform driver
[   17.751094] ehci-platform: EHCI generic platform driver
[   17.751929] ohci_hcd: USB 1.1 'Open' Host Controller (OHCI) Driver
[   17.752965] ohci-pci: OHCI PCI platform driver
[   17.753799] ohci-platform: OHCI generic platform driver
[   17.754632] uhci_hcd: USB Universal Host Controller Interface driver
[   17.755633] i8042: PNP: PS/2 Controller [PNP0303:PS2K,PNP0f03:PS2M] at 0x60,0x64 irq 1,12
[   17.757414] serio: i8042 KBD port at 0x60,0x64 irq 1
[   17.758266] serio: i8042 AUX port at 0x60,0x64 irq 12
[   17.759271] mousedev: PS/2 mouse device common for all mice
[   17.760643] input: AT Translated Set 2 keyboard as /devices/platform/i8042/serio0/input/input2
[   17.762483] rtc_cmos rtc_cmos: rtc core: registered rtc_cmos as rtc0
[   17.763527] rtc_cmos rtc_cmos: alarms up to one day, 114 bytes nvram
[   17.764550] i2c /dev entries driver
[   17.765212] device-mapper: uevent: version 1.0.3
[   17.766144] device-mapper: ioctl: 4.34.0-ioctl (2015-10-28) initialised: dm-devel@redhat.com
[   17.767536] ledtrig-cpu: registered to indicate activity on CPUs
[   17.769132] NET: Registered protocol family 10
[   17.770112] NET: Registered protocol family 17
[   17.770859] Key type dns_resolver registered
[   17.771757] microcode: CPU0 sig=0x906e9, pf=0x8, revision=0x0
[   17.772761] microcode: CPU1 sig=0x906e9, pf=0x8, revision=0x0
[   18.012551] microcode: Microcode Update Driver: v2.01 <tigran@aivazian.fsnet.co.uk>, Peter Oruba
[   18.279870] registered taskstats version 1
[   18.398118] Loading compiled-in X.509 certificates
[   18.54219 Laded X.509 cer'Bldime autonetekeel key: aa84f01984fb29050be3d36948

[   18.656065] tsc: Refined TSC clocksource calibration: 2496.952 MHz
[   18.656066] clocksource: tsc: mask: 0xffffffffffffffff max_cycles: 0x23fdfa9d0d6, max_idle_ns: 440795279158 ns
[   19.940978] zswap: loaded using pool lzo/zbud
[   20.069110] Key type trusted registered
[   20.181599] Key type encrypted registered
[   20.292733] AppArmor: AppArmor sha1 policy hashing enabled
[   20.454538] ima: No TPM chip found, activating TPM-bypass!
[   20.612169] evm: HMAC attrs: 0x1
[   20.709454]   Magic number: 10:416:626
[   20.821268] rtc_cmos rtc_cmos: setting system clock to 2018-03-12 09:38:11 UTC (1520847491)
[   20.902390] BIOS EDD facility v0.16 2004-Jun-25, 0 devices found
[   20.903194] EDD information not available.
[   20.905037] Freeing unused kernel memory: 1508K
[   20.905757] Write protecting the kernel read-only data: 14336k
[   20.907092] Freeing unused kernel memory: 1700K
[   21.019018] Freeing unused kernel memory: 104K
Loading, please wait...
[   21.166015] random: systemd-udevd: uninitialized urandom read (16 bytes read, 5 bits of entropy available)
starting version[   21.166576] random: udevadm: uninitialized urandom read (16 bytes read, 5 bits of entropy available)
 229
[   21.166597] random: udevadm: uninitialized urandom read (16 bytes read, 5 bits of entropy available)
[   21.176657] random: udevadm: uninitialized urandom read (16 bytes read, 5 bits of entropy available)
[   21.176702] random: udevadm: uninitialized urandom read (16 bytes read, 5 bits of entropy available)
[   21.176858] random: udevadm: uninitialized urandom read (16 bytes read, 5 bits of entropy available)
[   21.176916] random: udevadm: uninitialized urandom read (16 bytes read, 5 bits of entropy available)
[   21.176976] random: udevadm: uninitialized urandom read (16 bytes read, 5 bits of entropy available)
[   21.177037] random: udevadm: uninitialized urandom read (16 bytes read, 5 bits of entropy available)
[   21.177094] random: udevadm: uninitialized urandom read (16 bytes read, 5 bits of entropy available)
[   23.948574] e1000: Intel(R) PRO/1000 Network Driver - version 7.3.21-k8-NAPI
[   24.066742] e1000: Copyright (c) 1999-2006 Intel Corporation.
[   24.068652] Fusion MPT base driver 3.04.20
[   24.072852] Copyright (c) 1999-2008 LSI Corporation
[   24.082596] Fusion MPT SPI Host driver 3.04.20
[   24.488056] input: ImExPS/2 Generic Explorer Mouse as /devices/platform/i8042/serio1/input/input4
[   24.904780] AVX version of gcm_enc/dec engaged.
[   25.041521] AES CTR mode by8 optimization enabled
[   25.198646] e1000 0000:00:03.0 eth0: (PCI:33MHz:32-bit) 02:69:07:7b:a1:bd
[   25.904291] e1000 0000:00:03.0 eth0: Intel(R) PRO/1000 Network Connection
[   26.455064] mptbase: ioc0: Initiating bringup
[   27.384729] ioc0: LSI53C1030 A0: Capabilities={[   27.694286] floppy0: no floppy controllers found

[   27.868971] Initiator}
[   28.138111] scsi host2: ioc0: LSI53C1030 A0, FwRev=00000000h, Ports=1, MaxQ=256, IRQ=20
[   28.503610] scsi 2:0:0:0: Direct-Access     VBOX     HARDDISK         1.0  PQ: 0 ANSI: 5
[   28.766546] scsi target2:0:0: Beginning Domain Validation
[   28.848142] e1000 0000:00:08.0 eth1: (PCI:33MHz:32-bit) 08:00:27:c8:44:53
[   28.848145] e1000 0000:00:08.0 eth1: Intel(R) PRO/1000 Network Connection
[   29.297898] e1000 0000:00:08.0 enp0s8: renamed from eth1
[   29.407736] scsi target2:0:0: Domain Validation skipping write tests
[   29.409029] scsi target2:0:0: Ending Domain Validation
[   29.410232] scsi target2:0:0: asynchronous
[   29.412068] scsi 2:0:1:0: Direct-Access     VBOX     HARDDISK         1.0  PQ: 0 ANSI: 5
[   29.413996] scsi target2:0:1: Beginning Domain Validation
[   29.417524] e1000 0000:00:03.0 enp0s3: renamed from eth0
[   29.803839] scsi target2:0:1: Domain Validation skipping write tests
[   30.334056] scsi target2:0:1: Ending Domain Validation
[   30.479485] scsi target2:0:1: asynchronous
[   30.495775] sd 2:0:0:0: Attached scsi generic sg0 type 0
[   30.496141] sd 2:0:0:0: [sda] 20971520 512-byte logical blocks: (10.7 GB/10.0 GiB)
[   30.496264] sd 2:0:0:0: [sda] Write Protect is off
[   30.496347] sd 2:0:0:0: [sda] Incomplete mode parameter data
[   30.496348] sd 2:0:0:0: [sda] Assuming drive cache: write through
[   31.006677]  sda: sda1
[   31.007006] sd 2:0:0:0: [sda] Attached SCSI disk
[   31.530713] sd 2:0:1:0: [sdb] 20480 512-byte logical blocks: (10.5 MB/10.0 MiB)
[   31.532322] sd 2:0:1:0: [sdb] Write Protect is off
[   31.533222] sd 2:0:1:0: [sdb] Incomplete mode parameter data
[   31.534149] sd 2:0:1:0: [sdb] Assuming drive cache: write through
[   31.540831] sd 2:0:1:0: Attached scsi generic sg1 type 0
[   31.605534] sd 2:0:1:0: [sdb] Attached SCSI disk
Begin: Loading essential drivers ... [   33.007135] md: linear personality registered for level -1
[   33.010327] md: multipath personality registered for level -4
[   33.013547] md: raid0 personality registered for level 0
[   33.016965] md: raid1 personality registered for level 1
[   33.087973] raid6: sse2x1   gen() 10324 MB/s
[   33.155989] raid6: sse2x1   xor()  6412 MB/s
[   33.223975] raid6: sse2x2   gen() 12463 MB/s
[   33.291972] raid6: sse2x2   xor()  8457 MB/s
[   33.359982] raid6: sse2x4   gen() 14255 MB/s
[   33.427978] raid6: sse2x4   xor()  9584 MB/s
[   33.428711] raid6: using algorithm sse2x4 gen() 14255 MB/s
[   33.429562] raid6: .... xor() 9584 MB/s, rmw enabled
[   33.430352] raid6: using ssse3x2 recovery algorithm
[   33.432085] xor: automatically using best checksumming function:
[   33.471977]    avx       : 23425.000 MB/sec
[   33.473917] async_tx: api initialized (async)
[   33.480558] md: raid6 personality registered for level 6
[   33.481528] md: raid5 personality registered for level 5
[   33.482480] md: raid4 personality registered for level 4
[   33.488541] md: raid10 personality registered for level 10
done.
Begin: Running /scripts/init-premount ... done.[   33.513683] Btrfs loaded

Begin: Mounting root file system ... Begin: Running /scripts/local-top ... done.
Begin: Running /scripts/local-premount ... Scanning for Btrfs filesystems
done.
Warning: fsck not present, so skipping root file system
[   33.590755] EXT4-fs (sda1): mounted filesystem with ordered data mode. Opts: (null)
done.
Begin: Running /scripts/local-bottom ... done.
Begin: Running /scripts/init-bottom ... done.
[   34.335100] random: nonblocking poo  is initialized
[   34.783833] systemd[1]: systemd 229 running in systmmmmdde. (+PAM +AUDIT +SELINUX +IMA +APPARMOR +SMACK +SYSVINIT +UTMP +LIBCRYPTSETUP +GCRYPT +GNUTLS +ACL +XZ -LZ4 +SECCOMP +BLKID +ELFUTILS +KMOD -IDN)
[   35.776658] systemd[1]: Detected virtualization oracle.
[   35.777486] systemd[1]: Detected architecture x86-64.

Welcome to [1mUbuntu 16.04.4 LTS[0m!

[   35.882421] systemd[1]: Set hostname oo<<aariapc>.
[   37.463028] systemd[1]: Created slice System Slice.
[[0;32m  OK  [0m] Created slice System Slice.
[   37.91392]]ssystemd11]: Started Forward Password Requests to Wall Directory Watch.
[[0;32m  OK  [0m] Started Forward Password Requests to Wall Directory Watch.
[   38.772464] systemd[1]: Created llcce User and Session Slice
[[0;32m  OK  [0m] Created slice User and Session Slice.
[   39.288260] systemd[1]: Reached target Slices.
[[0;32m  OK  [0m] Reached target Slices.
[   39.800288] systemd[1]: Listeniggoon /dev/initctlCCmmpatibility Named Pipe.
[[0;32m  OK  [0m] Listening on /dev/initctl Compatibility Named Pipe.
[   40.527709] systemd[1]: Set up automount Arbitrary Executable File Formats File System uuoomount Point.
[[0;32m  OK  [0m] Set up automount Arbitrary Executab...ats File System Automount Point.
[   41.400476] systemd[1]: Listening on Journal Socket.
[[0;32m  OK  [0m] Listening on Journal Socket.
[   41.980269] systemd[1]: Mounting POSIX Message Queue File System...
         Mounting POSIX Message Queue File System...
[   42.132382] ssseemd[1]: Starting Uncomplicated firewall...
         Starting Uncomplicated firewall...
[   42.384683] systemd[1]: Mounting Debug File System...
         Mounting Debug File System...
[   42.388678] systemd[1]: Mounting Huge Pages File System...
         Mounting Huge Pages File System...
[   42.392375] systemd[1]: Starting Nameserver information manager...
         Starting Nameserver information manager...
[   42.620157] systemd[1]: Listening on Syslog Socket.
[[0;32m  OK  [0m] Listening on Syslog Socket.
[   43.082932] systemd[1]: Listening on udev Control Socket.
[[0;32m  OK  [0m] Listening on udev Control Socket.
[   43.216519] systemd[1]: Starting Load Kernel Modules...
[   43.286059] Loading iSCSI transport class v2.0-870.
         Starting Load Kernel Modules...
[   43.287896] systemd[1]: Created slice system-serial\x2dgetty.slice.
[[0;32m  OK  [0m] Created slice system-serial\x2dgetty.slice.
[   43.308570] systemd[1]: Starting Create list of required static device nodes for the current kernel...
         Starting Create list of required st... nodes for the current kernel...
[   43.328159] systemd[1]: Starting Set console keymap...
         Starting Set console keymap...
[   43.337344] iscsi: registered transport (tcp)
[   43.338011] systemd[1]: Listening on LVM2 poll daemon socket.
[[0;32m  OK  [0m] Listening on LVM2 poll daemon socket.
[   43.340146] systemd[1]: Reached target Swap.
[[0;32m  OK  [0m] Reached target Swap.
[   43.417505] systemd[1]: Listening on Device-mapper event daemon FIFOs.
[[0;32m  OK  [0m] Listening on Device-mapper event daemon FIFOs.
[   43.516238] systemd[1]: Starting Remount Root and Kernel File Systems...
[   43.564344] EXT4-fs (sda1): re-mounted. Opts: (null)
         Starting Remount Root and Kernel File Systems...
[   43.581990] systemd[1]: Reached target Encrypted Volumes.
[[0;32m  OK  [0m] Reached target Encrypted Volumes.
[   43.598779] systemd[1]: Listening on LVM2 metadata daemon socket.
[[0;32m  OK  [0m] Listening on LVM2 metadata daemon socket.
[   43.601224] systemd[1]: Listening on udev Kernel Socket.
[[0;32m  OK  [0m] Listening on udev Kernel Socket.
[   43.604090] systemd[1]: Starting Monitoring of LVM2 mirrors, snapshots etc. using dmeventd or progress polling...
         Starting Monitoring of LVM2 mirrors... dmeventd or progress polling...
[   43.607362] systemd[1]: Listening on Journal Audit Socket.
[[0;32m  OK  [0m] Listening on Journal Audit Socket.
[   43.609469] systemd[1]: Listening on Journal Socket (/dev/log).
[[0;32m  OK  [0m] Listening on Journal Socket (/dev/log).
[   43.612046] systemd[1]: Starting Journal Service...
         Starting Journal Service...
[   43.613805] systemd[1]: Started Trigger resolvconf update for networkd DNS.
[[0;32m  OK  [0m] Started Trigger resolvconf update for networkd DNS.
[   43.616301] systemd[1]: Reached target User and Group Name Lookups.
[[0;32m  OK  [0m] Reached target User and Group Name Lookups.
[   43.619830] systemd[1]: Mounted Debug File System.
[[0;32m  OK  [0m] Mounted Debug File System.
[   43.621732] systemd[1]: Mounted Huge Pages File System.
[[0;32m  OK  [0m] Mounted Huge Pages File System.
[   43.623473] systemd[1]: Mounted POSIX Message Queue File System.
[[0;32m  OK  [0m] Mounted POSIX Message Queue File System.
[   43.626094] systemd[1]: Started Uncomplicated firewall.
[[0;32m  OK  [0m] Started Uncomplicated firewall.
[   43.629703] iscsi: registered transport (iser)
[   43.629956] systemd[1]: Started Create list of required static device nodes for the current kernel.
[[0;32m  OK  [0m] Started Create list of required sta...ce nodes for the current kernel.
[ 43615]ysemd[1]: Started Load Kernel Modules.
[[0;32m  OK  [0m] Started Load Kernel Modules.
[   43.858749] systemd[1]: Started Set console keymap.
[[0;32m  OK  [0m] Started Set console keymap.
[   43.861768] systemd[1]: Started Remount Root and Kernel File Systems.
[[0;32m  OK  [0m] Started Remount Root and Kernel File Systems.
[   438862syem[1]: Started Nameserver information manager.
[[0;32m  OK  [0m] Started Nameserver information manager.
[   44.132254] systemd[1]: Starting Initial cloud-init job (pre-networking)...
         Starting Initial cloud-init job (pre-networking)...
[   44.205630] systemd[1]: Starting Load/Save Random Seed...
         Starting Load/Save Random Seed...
[   44.388450] systemd[1]: Starting udev Coldplug all Devices...
         Starting udev Coldplug all Devices...
[   44.564351] systemd[1]: Starting Apply Kernel Variables...
         Starting Apply Kernel Variables...
[   44.648447] systemd[1]: Mounting FUSE Control File System...
         Mounting FUSE Control File System...
         Starting Create Static Device Nodes in /dev...
[[0;32m  OK  [0m] Mounted FUSE Control File System.
[[0;32m  OK  [0m] Started Journal Service.
[[0;32m  OK  [0m] Started Load/Save Random Seed.
[[0;32m  OK  [0m] Started Apply Kernel Variables.
[[0;32m  OK  [0m] Started LVM2 metadata daemon.
         Starting Flush Journal to Persistent Storage...
[[0;32m  OK  [0m] Started Create Static Device Nodes in /dev.
[[0;32m  OK  [0m] Started udev Coldplug all Devices.
         Starting udev Kernel Device Manager...
[[0;32m  OK  [0m] Started Flush Journal to Persistent Storage.
[[0;32m  OK  [0m] Started udev Kernel Device Manager.
[[0;32m  OK  [0m] Started Dispatch Password Requests to Console Directory Watch.
[[0;32m  OK  [0m] Found device /dev/ttyS0.
[[0;32m  OK  [0m] Started Monitoring of LVM2 mirrors,...ng dmeventd or progress polling.
[[0;32m  OK  [0m] Reached target Local File Systems (Pre).
[[0;32m  OK  [0m] Reached target Local File Systems.
         Starting LSB: AppArmor initialization...
         Starting Create Volatile Files and Directories...
         Starting Tell Plymouth To Write Out Runtime Data...
         Starting Set console font and keymap...
[[0;32m  OK  [0m] Started Tell Plymouth To Write Out Runtime Data.
[[0;32m  OK  [0m] Started Create Volatile Files and Directories.
         Starting Update UTMP about System Boot/Shutdown...
[[0;32m  OK  [0m] Reached target System Time Synchronized.
[[0;32m  OK  [0m] Found device 82540EM Gigabit Ethern...r (PRO/1000 MT Desktop Adapter).
[[0;32m  OK  [0m] Found device 82540EM Gigabit Ethern...r (PRO/1000 MT Desktop Adapter).
[[0;32m  OK  [0m] Started Update UTMP about System Boot/Shutdown.
[[0;32m  OK  [0m] Started Set console font and keymap.
[[0;32m  OK  [0m] Created slice system-getty.slice.
[[0;32m  OK  [0m] Listening on Load/Save RF Kill Switch Status /dev/rfkill Watch.
[[0;32m  OK  [0m] Started LSB: AppArmor initialization.
[   35.162692] cloud-init[429]: Cloud-init v. 17.1 running 'init-local' at Mon, 12 Mar 2018 09:38:39 +0000. Up 34.65 seconds.
[[0;32m  OK  [0m] Started Initial cloud-init job (pre-networking).
[[0;32m  OK  [0m] Reached target Network (Pre).
[[0;32m  OK  [0m] Started ifup for enp0s3.
         Starting Raise network interfaces...
[[0;32m  OK  [0m] Started ifup for enp0s8.
[[0;32m  OK  [0m] Started Raise network interfaces.
[[0;32m  OK  [0m] Reached target Network.
         Starting Initial cloud-init job (metadata service crawler)...
[   36.556084] cloud-init[1058]: Cloud-init v. 17.1 running 'init' at Mon, 12 Mar 2018 09:38:40 +0000. Up 35.82 seconds.
[   36.559221] cloud-init[1058]: ci-info: ++++++++++++++++++++++++++++++++++++++Net device info++++++++++++++++++++++++++++++++++++++
[   36.562109] cloud-init[1058]: ci-info: +--------+------+-----------------------------+---------------+-------+-------------------+
[   36.565098] cloud-init[1058]: ci-info: | Device |  Up  |           Address           |      Mask     | Scope |     Hw-Address    |
[   36.568324] cloud-init[1058]: ci-info: +--------+------+-----------------------------+---------------+-------+-------------------+
[   36.571492] cloud-init[1058]: ci-info: | enp0s3 | True |          10.0.2.15          | 255.255.255.0 |   .   | 02:69:07:7b:a1:bd |
[   36.574605] cloud-init[1058]: ci-info: | enp0s3 | True |  fe80::69:7ff:fe7b:a1bd/64  |       .       |  link | 02:69:07:7b:a1:bd |
[   36.577710] cloud-init[1058]: ci-info: | enp0s8 | True |        192.168.33.10        | 255.255.255.0 |   .   | 08:00:27:c8:44:53 |
[   36.580814] cloud-init[1058]: ci-info: | enp0s8 | True | fe80::a00:27ff:fec8:4453/64 |       .       |  link | 08:00:27:c8:44:53 |
[   36.583627] cloud-init[1058]: ci-info: |   lo   | True |          127.0.0.1          |   255.0.0.0   |   .   |         .         |
[   36.586268] cloud-init[1058]: ci-info: |   lo   | True |           ::1/128           |       .       |  host |         .         |
[   36.588719] cloud-init[1058]: ci-info: +--------+------+-----------------------------+---------------+-------+-------------------+
[   36.590927] cloud-init[1058]: ci-info: ++++++++++++++++++++++++++++Route IPv4 info++++++++++++++++++++++++++++
[   36.593014] cloud-init[1058]: ci-info: +-------+--------------+----------+---------------+-----------+-------+
[   36.595578] cloud-init[1058]: ci-info: | Route | Destination  | Gateway  |    Genmask    | Interface | Flags |
[   36.597657] cloud-init[1058]: ci-info: +-------+--------------+----------+---------------+-----------+-------+
[   36.599440] cloud-init[1058]: ci-info: |   0   |   0.0.0.0    | 10.0.2.2 |    0.0.0.0    |   enp0s3  |   UG  |
[   36.601331] cloud-init[1058]: ci-info: |   1   |   10.0.2.0   | 0.0.0.0  | 255.255.255.0 |   enp0s3  |   U   |
[   36.603129] cloud-init[1058]: ci-info: |   2   | 192.168.33.0 | 0.0.0.0  | 255.255.255.0 |   enp0s8  |   U   |[[0;32m  OK  [0m] Started Initial cloud-init job (metadata service crawler).
[[0;32m  OK  [0m] Reached target System Initialization.
[[0;32m  OK  [0m] Listening on ACPID Listen Socket.
[[0;32m  OK  [0m] Started Daily Cleanup of Temporary Directories.
[[0;32m  OK  [0m] Listening on UUID daemon activation socket.

[   36.608309] cloud-init[1058]: ci-info: +-------+--------------+----------+---------------+-----------+-------+
[[0;32m  OK  [0m] Started Timer to automatically refresh installed snaps.
[[0;32m  OK  [0m] Started Daily apt download activities.
[[0;32m  OK  [0m] Started ACPI Events Check.
[[0;32m  OK  [0m] Reached target Paths.
[[0;32m  OK  [0m] Started Daily apt upgrade and clean activities.
         Starting LXD - unix socket.
[[0;32m  OK  [0m] Reached target Timers.
[[0;32m  OK  [0m] Listening on D-Bus System Message Bus Socket.
         Starting Socket activation for snappy daemon.
[[0;32m  OK  [0m] Reached target Network is Online.
         Starting iSCSI initiator daemon (iscsid)...
[[0;32m  OK  [0m] Reached target Cloud-config availability.
[[0;32m  OK  [0m] Listening on LXD - unix socket.
[[0;32m  OK  [0m] Listening on Socket activation for snappy daemon.
[[0;32m  OK  [0m] Started iSCSI initiator daemon (iscsid).
         Starting Login to default iSCSI targets...
[[0;32m  OK  [0m] Reached target Sockets.
[[0;32m  OK  [0m] Reached target Basic System.
[[0;32m  OK  [0m] Started Regular background program processing daemon.
         Starting Login Service...
         Starting MySQL Community Server...
         Starting A high performance web server and a reverse proxy server...
         Starting /etc/rc.local Compatibility...
         Starting Snappy daemon...
[[0;32m  OK  [0m] Started FUSE filesystem for LXC.
         Starting The PHP 7.0 FastCGI Process Manager...
[[0;32m  OK  [0m] Started Unattended Upgrades Shutdown.
[[0;32m  OK  [0m] Started ACPI event daemon.
         Starting Accounts Service...
         Starting OpenBSD Secure Shell server...
         Starting LSB: Record successful boot for GRUB...
         Starting System Logging Service...
[[0;32m  OK  [0m] Started Deferred execution scheduler.
         Starting LSB: MD monitoring daemon...
[[0;32m  OK  [0m] Started D-Bus System Message Bus.
         Starting Apply the settings specified in cloud-config...
         Starting LXD - container startup/shutdown...
[[0;32m  OK  [0m] Started System Logging Service.
[[0;32m  OK  [0m] Started OpenBSD Secure Shell server.
[[0;32m  OK  [0m] Started /etc/rc.local Compatibility.
[[0;32m  OK  [0m] Started Login Service.
[[0;32m  OK  [0m] Started Login to default iSCSI targets.
[[0;32m  OK  [0m] Reached target Remote File Systems (Pre).
[[0;32m  OK  [0m] Reached target Remote File Systems.
[   39.411018] cloud-init[1181]: Cloud-init v. 17.1 running 'modules:config' at Mon, 12 Mar 2018 09:38:43 +0000. Up 39.00 seconds.
         Starting LSB: VirtualBox Linux Additions...
         Starting LSB: daemon to balance interrupts for SMP systems...
         Starting Permit User Sessions...
         Starting LSB: Set the CPU Frequency Scaling governor to "ondemand"...
         Starting LSB: automatic crash report generation...
[[0;32m  OK  [0m] Started LSB: MD monitoring daemon.
[[0;32m  OK  [0m] Started Apply the settings specified in cloud-config.
[[0;32m  OK  [0m] Started Permit User Sessions.
         Starting Authenticate and Authorize Users to Run Privileged Tasks...
         Starting Terminate Plymouth Boot Screen...
         Starting Hold until boot process finishes up...
[[0;32m  OK  [0m] Started LSB: daemon to balance interrupts for SMP systems.
[[0;32m  OK  [0m] Started LSB: Set the CPU Frequency Scaling governor to "ondemand".
[[0;32m  OK  [0m] Started LSB: automatic crash report generation.
[[0;32m  OK  [0m] Started Terminate Plymouth Boot Screen.
[[0;32m  OK  [0m] Started Hold until boot process finishes up.
[[0;32m  OK  [0m] Started A high performance web server and a reverse proxy server.
[[0;32m  OK  [0m] Started Authenticate and Authorize Users to Run Privileged Tasks.
[[0;32m  OK  [0m] Started Accounts Service.
[[0;32m  OK  [0m] Started Serial Getty on ttyS0.
         Starting Set console scheme...
[[0;32m  OK  [0m] Started Getty on tty1.
[[0;32m  OK  [0m] Reached target Login Prompts.
[[0;32m  OK  [0m] Started Set console scheme.
[[0;32m  OK  [0m] Started Snappy daemon.
[[0;32m  OK  [0m] Started LSB: Record successful boot for GRUB.
[[0;32m  OK  [0m] Started LSB: VirtualBox Linux Additions.
[[0;32m  OK  [0m] Started LXD - container startup/shutdown.
[[0;32m  OK  [0m] Started The PHP 7.0 FastCGI Process Manager.
[[0;32m  OK  [0m] Created slice User Slice of vagrant.
         Starting User Manager for UID 1000...
[[0;32m  OK  [0m] Started Session 1 of user vagrant.
[[0;32m  OK  [0m] Started User Manager for UID 1000.
[[0;32m  OK  [0m] Started MySQL Community Server.
[[0;32m  OK  [0m] Reached target Multi-User System.
[[0;32m  OK  [0m] Reached target Graphical Interface.
         Starting Update UTMP about System Runlevel Changes...
         Starting Execute cloud user/final scripts...
[[0;32m  OK  [0m] Started Update UTMP about System Runlevel Changes.
[   45.346440] cloud-init[1430]: Cloud-init v. 17.1 running 'modules:final' at Mon, 12 Mar 2018 09:38:49 +0000. Up 45.13 seconds.
[[0;32m  OK  [0m] Started Execute cloud user/final scripts.
[   45.434451] cloud-init[1430]: Cloud-init v. 17.1 finished at Mon, 12 Mar 2018 09:38:50 +0000. Datasource DataSourceNoCloud [seed=/dev/sdb][dsmode=net].  Up 45.33 seconds

Ubuntu 16.04.4 LTS mariapc ttyS0

mariapc login: 