[    00000] itliing cgupubsycpet
[  .0000]nialzing cousubs c
    .00000 Inialin cgrousuys cac
    0.00] Lix rson 4.0116-geri(buid@w0-amd-0) gcc veio5.4.20069 (Ubuu 4.0-buu116.04. )140-un SP n b 12 21::0UTC 18 (untu 4.016.1-gerc 4.98
[    0.000 Comndin: OTMAE=/bt/mlinuz-4.016-genicoot=ID49ca59f64cd056210a2075roconsoltt conlety0  0.0000] RNELuported cpus:
[    0.000000]   Intel GenuineIntel
[    0.000000]   AMD AuthenticAMD
[    0.000000]   Centaur CentaurHauls
[    0.000000] ------------[ cut here ]------------
[    0.000000] WARNING: CPU: 0 PID: 0 at /build/linux-fQ94TU/linux-4.4.0/arch/x86/kernel/fpu/xstate.c:517 fpu__init_system_xstate+0x38b/0x75a()
[    0.000000] XSAVE consistency problem, dumping leaves
[    0.000000] Modules linked in:
[    0.000000] CPU: 0 PID: 0 Comm: swapper Not tainted 4.4.0-116-generic #140-Ubuntu
[    0.000000]  0000000000000086 ced32812dfda7691 ffffffff81e03d80 ffffffff813ffc13
[    0.000000]  ffffffff81e03dc8 ffffffff81caba68 ffffffff81e03db8 ffffffff810830f2
[    0.000000]  ffffffff81e03e48 ffffffff81e03e4c 0000000000000008 0000000000000100
[    0.000000] Call Trace:
[    0.000000]  [<ffffffff813ffc13>] dump_stack+0x63/0x90
[    0.000000]  [<ffffffff810830f2>] warn_slowpath_common+0x82/0xc0
[    0.000000]  [<ffffffff8108318c>] warn_slowpath_fmt+0x5c/0x80
[    0.000000]  [<ffffffff8107ed36>] ? xfeature_size+0x59/0x77
[    0.000000]  [<ffffffff81f72338>] fpu__init_system_xstate+0x38b/0x75a
[    0.000000]  [<ffffffff81f62120>] ? early_idt_handler_array+0x120/0x120
[    0.000000]  [<ffffffff81f71ca3>] fpu__init_system+0x10d/0x245
[    0.000000]  [<ffffffff81f72df1>] early_cpu_init+0x178/0x17d
[    0.000000]  [<ffffffff81f72df1>] ? early_cpu_init+0x178/0x17d
[    0.000000]  [<ffffffff81f6e1fb>] setup_arch+0xb4/0xd2b
[    0.000000]  [<ffffffff81f62120>] ? early_idt_handler_array+0x120/0x120
[    0.000000]  [<ffffffff81f62c7d>] start_kernel+0xe4/0x4b0
[    0.000000]  [<ffffffff81f62120>] ? early_idt_handler_array+0x120/0x120
[    0.000000]  [<ffffffff81f62339>] x86_64_start_reservations+0x2a/0x2c
[    0.000000]  [<ffffffff81f62485>] x86_64_start_kernel+0x14a/0x16d
[    0.000000] ---[ end trace 4d5ff9f2f68c4233 ]---
[    0.000000] CPUID[0d, 00]: eax=00000007 ebx=00000440 ecx=00000440 edx=00000000
[    0.000000] CPUID[0d, 01]: eax=00000000 ebx=000003c0 ecx=00000000 edx=00000000
[    0.000000] CPUID[0d, 02]: eax=00000100 ebx=00000240 ecx=00000000 edx=00000000
[    0.000000] CPUID[0d, 03]: eax=00000000 ebx=00000000 ecx=00000000 edx=00000000
[    0.000000] CPUID[0d, 04]: eax=00000000 ebx=00000000 ecx=00000000 edx=00000000
[    0.000000] CPUID[0d, 05]: eax=00000000 ebx=00000000 ecx=00000000 edx=00000000
[    0.000000] CPUID[0d, 06]: eax=00000000 ebx=00000000 ecx=00000000 edx=00000000
[    0.000000] CPUID[0d, 07]: eax=00000000 ebx=00000000 ecx=00000000 edx=00000000
[    0.000000] CPUID[0d, 08]: eax=00000000 ebx=00000000 ecx=00000000 edx=00000000
[    0.000000] CPUID[0d, 09]: eax=00000000 ebx=00000000 ecx=00000000 edx=00000000
[    0.000000] CPUID[0d, 0a]: eax=00000000 ebx=00000000 ecx=00000000 edx=00000000
[    0.000000] CPUID[0d, 0b]: eax=00000000 ebx=00000000 ecx=00000000 edx=00000000
[    0.000000] CPUID[0d, 0c]: eax=00000000 ebx=00000000 ecx=00000000 edx=00000000
[    0.000000] CPUID[0d, 0d]: eax=00000000 ebx=00000000 ecx=00000000 edx=00000000
[    0.000000] CPUID[0d, 0e]: eax=00000000 ebx=00000000 ecx=00000000 edx=00000000
[    0.000000] CPUID[0d, 0f]: eax=00000000 ebx=00000000 ecx=00000000 edx=00000000
[    0.000000] CPUID[0d, 10]: eax=00000000 ebx=00000000 ecx=00000000 edx=00000000
[    0.000000] CPUID[0d, 11]: eax=00000000 ebx=00000000 ecx=00000000 edx=00000000
[    0.000000] x86/fpu: xstate_offset[2]:  576, xstate_sizes[2]:  256
[    0.000000] x86/fpu: Supporting XSAVE feature 0x01: 'x87 floating point registers'
[    0.000000] x86/fpu: Supporting XSAVE feature 0x02: 'SSE registers'
[    0.000000] x86/fpu: Supporting XSAVE feature 0x04: 'AVX registers'
[    0.000000] x86/fpu: Enabled xstate features 0x7, context size is 1088 bytes, using 'standard' format.
[    0.000000] x86/fpu: Using 'lazy' FPU context switches.
[    0.000000] e820: BIOS-provided physical RAM map:
[    0.000000] BIOS-e820: [mem 0x0000000000000000-0x00000000009fbff] usable
[    0.000000] BIOS-e820: [mem 0x000000000009fc00-0x000000000009ffff] reserved
[    0.000000] BIOS-e820: [mem 0x00000000000f0000-0x00000000000fffff] reserved
[    0.000000] BIOS-e820: [mem 0x0000000000100000-0x000000003ffeffff] usable
[    0.000000] BIOS-e820: [mem 0x000000003fff0000-0x000000003fffffff] ACPI data
[    0.000000] BIOS-e820: [mem 0x00000000fffc0000-0x00000000ffffffff] reserved
[    0.000000] NX (Execute Disable) protection: active
[    0.000000] SMBIOS 2.5 present.
[    0.000000] Hypervisor detected: KVM
[    0.000000] e820: last_pfn = 0x3fff0 max_arch_pfn = 0x400000000
[    0.000000] MTRR: Disabled
[    0.000000] x86/PAT: MTRRs disabled, skipping PAT initialization too.
[    0.000000] CPU MTRRs all blank - virtualized system.
[    0.000000] x86/PAT: Configuration [0-7]: WB  WT  UC- UC  WB  WT  UC- UC  
[    0.000000] found SMP MP-table at [mem 0x0009fff0-0x0009ffff] mapped at [ffff88000009fff0]
[    0.000000] Scanning 1 areas for low memory corruption
[    0.000000] RAMDISK: [mem 0x36218000-0x37103fff]
[    0.000000] ACPI: Early table checksum verification disabled
[    0.000000] ACPI: RSDP 0x00000000000E0000 000024 (v02 VBOX  )
[    0.000000] ACPI: XSDT 0x000000003FFF0030 00003C (v01 VBOX   VBOXXSDT 00000001 ASL  00000061)
[    0.000000] ACPI: FACP 0x000000003FFF00F0 0000F4 (v04 VBOX   VBOXFACP 00000001 ASL  00000061)
[    0.000000] ACPI: DSDT 0x000000003FFF0470 002118 (v01 VBOX   VBOXBIOS 00000002 INTL 20160108)
[    0.000000] ACPI: FACS 0x000000003FFF0200 000040
[    0.000000] ACPI: FACS 0x000000003FFF0200 000040
[    0.000000] ACPI: APIC 0x000000003FFF0240 00005C (v02 VBOX   VBOXAPIC 00000001 ASL  00000061)
[    0.000000] ACPI: SSDT 0x000000003FFF02A0 0001CC (v01 VBOX   VBOXCPUT 00000002 INTL 20160108)
[    0.000000] No NUMA configuration found
[    0.000000] Faking a node at [mem 0x0000000000000000-0x000000003ffeffff]
[    0.000000] NODE_DATA(0) allocated [mem 0x3ffeb000-0x3ffeffff]
[    0.000000] kvm-clock: Using msrs 4b564d01 and 4b564d00
[    0.000000] kvm-clock: cpu 0, msr 0:3ffe3001, primary cpu clock
[    0.000000] kvm-clock: using sched offset of 3465116428 cycles
[    0.000000] clocksource: kvm-clock: mask: 0xffffffffffffffff max_cycles: 0x1cd42e4dffb, max_idle_ns: 881590591483 ns
[    0.000000] Zone ranges:
[    0.000000]   DMA      [mem 0x0000000000001000-0x0000000000ffffff]
[    0.000000]   DMA32    [mem 0x0000000001000000-0x000000003ffeffff]
[    0.000000]   Normal   empty
[    0.000000]   Device   empty
[    0.000000] Movable zone start for each node
[    0.000000] Early memory node ranges
[    0..000000]   node   0: [mem 0x0000000000001000-0x000000000009efff]
[    0.000000]   node   0: [mem 0x0000000000100000-0x000000003ffeffff]
[    0.000000] Initmem setup node 0 [mem 0x0000000000001000-0x000000003ffeffff]
[    0.000000] ACPI: PM-Timer IO Port: 0x4008
[    0.000000] IOAPIC[0]: apic_id 2, version 17, address 0xfec00000, GSI 0-23
[    0.000000] ACPI: INT_SRC_OVR (bus 0 bus_irq 0 global_irq 2 dfl dfl)
[    0.000000] ACPI: INT_SRC_OVR (bus 0 bus_irq 9 global_irq 9 high level)
[    0.000000] Using ACPI (MADT) for SMP configuration information
[    0.000000] smpboot: Allowing 2 CPUs, 0 hotplug CPUs
[    0.000000] PM: Registered nosave memory: [mem 0x00000000-0x00000fff]
[    0.000000] PM: Registered nosave memory: [mem 0x0009f000-0x0009ffff]
[    0.000000] PM: Registered nosave memory: [mem 0x000a0000-0x000effff]
[    0.000000] PM: Registered nosave memory: [mem 0x000f0000-0x000fffff]
[    0.000000] e820: [mem 0x40000000-0xfffbffff] available for PCI devices
[    0.000000] Booting paravirtualized kernel on KVM
[    0.000000] clocksource: refined-jiffies: mask: 0xffffffff max_cycles: 0xffffffff, max_idle_ns: 7645519600211568 ns
[    0.000000] setup_percpu: NR_CPUS:512 nr_cpumask_bits:512 nr_cpu_ids:2 nr_node_ids:1
[    0.000000] PERCPU: Embedded 34 pages/cpu @ffff88003fc00000 s99544 r8192 d31528 u1048576
[    0.000000] PV qspinlock hash table entries: 256 (order: 0, 4096 bytes)
[    0.000000] Built 1 zonelists in Node order, mobility grouping on.  Total pages: 257913
[    0.000000] Policy zone: DMA32
[    0.000000] Kernel command line: BOOT_IMAGE=/boot/vmlinuz-4.4.0-116-generic root=UUID=4495ca59-6f63-4cd0-b56d-2100a2095754 ro console=tty1 console=ttyS0
[    0.000000] PID hash table entries: 4096 (order: 3, 32768 bytes)
[    0.000000] Memory: 997252K/1048120K available (8530K kernel code, 1309K rwdata, 3992K rodata, 1508K init, 1316K bss, 50868K reserved, 0K cma-reserved)
[    0.000000] SLUB: HWalign=64, Order=0-3, MinObjects=0, CPUs=2, Nodes=1
[    0.000000] Kernel/User page tables isolation: enabled
[    0.000000] Hierarchical RCU implementation.
[    0.000000] 	Build-time adjustment of leaf fanout to 64.
[    0.000000] 	RCU restricting CPUs from NR_CPUS=512 to nr_cpu_ids=2.
[    0.000000] RCU: Adjusting geometry for rcu_fanout_leaf=64, nr_cpu_ids=2
[    0.000000] NR_IRQS:33024 nr_irqs:440 16
[    0.000000] Console: colour VGA+ 80x25
[    0.000000] console [tty1] enabled
[    0.000000] console [ttyS0] enabled
[    0.000000] tsc: Detected 2496.000 MHz processor
[    2.611492] Calibrating delay loop (skipped) preset value.. 4992.00 BogoMIPS (lpj=9984000)
[    2.612676] pid_max: default: 32768 minimum: 301
[    2.613315] ACPI: Core revision 20150930
[    2.614752] ACPI: 2 ACPI AML tables successfully acquired and loaded
[    2.615681] Security Framework initialized
[    2.616269] Yama: becoming mindful.
[    2.616811] AppArmor: AppArmor initialized
[    2.617495] Dentry cache hash table entries: 131072 (order: 8, 1048576 bytes)
[    2.618935] Inode-cache hash table entries: 65536 (order: 7, 524288 bytes)
[    2.619852] Mount-cache hash table entries: 2048 (order: 2, 16384 bytes)
[    2.620680] Mountpoint-cache hash table entries: 2048 (order: 2, 16384 bytes)
[    2.621716] Initializing cgroup subsys io
[    2.622302] Initializing cgroup subsys memory
[    2.622965] Initializing cgroup subsys devices
[    2.623585] Initializing cgroup subsys freezer
[    2.624205] Initializing cgroup subsys net_cls
[    2.624823] Initializing cgroup subsys perf_event
[    2.625468] Initializing cgroup subsys net_prio
[    2.626097] Initializing cgroup subsys hugetlb
[    2.626727] Initializing cgroup subsys pids
[    2.627401] CPU: Physical Processor ID: 0
[    2.627980] CPU: Processor Core ID: 0
[    2.628571] FEATURE SPEC_CTRL Not Present
[    2.630248] mce: CPU supports 0 MCE banks
[    2.630857] Last level iTLB entries: 4KB 128, 2MB 8, 4MB 8
[    2.631569] Last level dTLB entries: 4KB 64, 2MB 0, 4MB 0, 1GB 4
[    2.632329] Spectre V2 mitigation: Mitigation: Full generic retpoline
[    2.633128] Spectre V2 mitigation: Speculation control IBPB not-supported IBRS not-supported
[    2.644277] Freeing SMP alternatives memory: 32K
[    2.652051] ftrace: allocating 32186 entries in 126 pages
[    2.701262] smpboot: APIC(0) Converting physical 0 to logical package 0
[    2.882408] smpboot: Max logical packages: 1
[    2.990149] ..TIMER: vector=0x30 apic1=0 pin1=2 apic2=-1 pin2=-1
[    3.202820] smpboot: CPU0: Intel(R) Core(TM) i5-7300HQ CPU @ 2.50GHz (family: 0x6, model: 0x9e, stepping: 0x9)
[    3.480763] Performance Events: unsupported p6 CPU model 158 no PMU driver, software events only.
[    3.726275] KVM setup paravirtual spinlock
[    3.841805] x86: Booting SMP configuration:
[    3.953722] .... node  #0, CPUs:      #1
[    4.042245] kvm-clock: cpu 1, msr 0:3ffe3041, secondary cpu clock
[    4.050577] mce: CPU supports 0 MCE banks
[    4.053229] x86: Booted up 1 node, 2 CPUs
[    4.055389] smpboot: Total of 2 processors activated (9984.00 BogoMIPS)
[    4.057049] devtmpfs: initialized
[    4.061221] evm: security.selinux
[    4.062950] evm: security.SMACK64
[    4.063584] evm: security.SMACK64EXEC
[    4.064272] evm: security.SMACK64TRANSMUTE
[    4.065016] evm: security.SMACK64MMAP
[    4.066776] evm: security.ima
[    4.068684] evm: security.capability
[    4.069617] clocksource: jiffies: mask: 0xffffffff max_cycles: 0xffffffff, max_idle_ns: 7645041785100000 ns
[    4.071052] futex hash table entries: 512 (order: 3, 32768 bytes)
[    4.072281] pinctrl core: initialized pinctrl subsystem
[    4.091028] RTC time: 12:02:03, date: 03/06/18
[    4.099296] NET: Registered protocol family 16
[    4.110963] cpuidle: using governor ladder
[    4.138883] cpuidle: using governor menu
[    4.158543] PCCT header not found.
[    4.166775] ACPI: bus type PCI registered
[    4.167359] acpiphp: ACPI Hot Plug PCI Controller Driver version: 0.5
[    4.168252] PCI: Using configuration type 1 for base access
[    4.179852] ACPI: Added _OSI(Module Device)
[    4.199129] ACPI: Added _OSI(Processor Device)
[    4.203359] ACPI: Added _OSI(3.0 _SCP Extensions)
[    4.204003] ACPI: Added _OSI(Processor Aggregator Device)
[    4.205278] ACPI: Executed 1 blocks of module-level executable AML code
[    4.208874] ACPI: Interpreter enabled
[    4.210505] ACPI: (supports S0 S5)
[    4.211033] ACPI: Using IOAPIC for interrupt routing
[    4.211826] PCI: Using host bridge windows from ACPI; if necessary, use "pci=nocrs" and report a bug
[    4.215783] ACPI: PCI Root Bridge [PCI0] (domain 0000 [bus 00-ff])
[    4.222626] acpi PNP0A03:00: _OSC: OS supports [ASPM ClockPM Segments MSI]
[    4.223470] acpi PNP0A03:00: _OSC failed (AE_NOT_FOUND); disabling ASPM
[    4.224293] acpi PNP0A03:00: fail to add MMCONFIG information, can't access extended PCI configuration space under this bridge.
[    4.226959] PCI host bridge to bus 0000:00
[    4.227549] pci_bus 0000:00: root bus resource [io  0x0000-0x0cf7 window]
[    4.228379] pci_bus 0000:00: root bus resource [io  0x0d00-0xffff window]
[    4.229212] pci_bus 0000:00: root bus resource [mem 0x000a0000-0x000bffff window]
[    4.230327] pci_bus 0000:00: root bus resource [mem 0x40000000-0xffdfffff window]
[    4.231395] pci_bus 0000:00: root bus resource [bus 00-ff]
[    4.233136] pci 0000:00:01.1: legacy IDE quirk: reg 0x10: [io  0x01f0-0x01f7]
[    4.234039] pci 0000:00:01.1: legacy IDE quirk: reg 0x14: [io  0x03f6]
[    4.234857] pci 0000:00:01.1: legacy IDE quirk: reg 0x18: [io  0x0170-0x0177]
[    4.235721] pci 0000:00:01.1: legacy IDE quirk: reg 0x1c: [io  0x0376]
[    4.252818] ACPI: PCI Interrupt Link [LNKA] (IRQs 5 9 10 11) *0, disabled.
[    4.265842] ACPI: PCI Interrupt Link [LNKB] (IRQs 5 9 10 *11)
[    4.266936] ACPI: PCI Interrupt Link [LNKC] (IRQs 5 9 *10 11)
[    4.268019] ACPI: PCI Interrupt Link [LNKD] (IRQs 5 *9 10 11)
[    4.269133] ACPI: Enabled 2 GPEs in block 00 to 07
[    4.270175] vgaarb: setting as boot device: PCI:0000:00:02.0
[    4.270919] vgaarb: device added: PCI:0000:00:02.0,decodes=io+mem,owns=io+mem,locks=none
[    4.272061] vgaarb: loaded
[    4.272525] vgaarb: bridge control possible 0000:00:02.0
[    4.273441] SCSI subsystem initialized
[    4.274177] ACPI: bus type USB registered
[    4.274794] usbcore: registered new interface driver usbfs
[    4.275520] usbcore: registered new interface driver hub
[    4.276240] usbcore: registered new device driver usb
[    4.277622] PCI: Using ACPI for IRQ routing
[    4.278436] NetLabel: Initializing
[    4.278967] NetLabel:  domain hash size = 128
[    4.279582] NetLabel:  protocols = UNLABELED CIPSOv4
[    4.280263] NetLabel:  unlabeled traffic allowed by default
[    4.281131] amd_nb: Cannot enumerate AMD northbridges
[    4.282928] clocksource: Switched to clocksource kvm-clock
[    4.288985] AppArmor: AppArmor Filesystem Enabled
[    4.308877] pnp: PnP ACPI init
[    4.309933] pnp: PnP ACPI: found 3 devices
[    4.319429] clocksource: acpi_pm: mask: 0xffffff max_cycles: 0xffffff, max_idle_ns: 2085701024 ns
[    4.320658] NET: Registered protocol family 2
[    4.321469] TCP established hash table entries: 8192 (order: 4, 65536 bytes)
[    4.322338] TCP bind hash table entries: 8192 (order: 5, 131072 bytes)
[    4.323175] TCP: Hash tables configured (established 8192 bind 8192)
[    4.328682] UDP hash table entries: 512 (order: 2, 16384 bytes)
[    4.329439] UDP-Lite hash table entries: 512 (order: 2, 16384 bytes)
[    4.330255] NET: Registered protocol family 1
[    4.330884] pci 0000:00:00.0: Limiting direct PCI/PCI transfers
[    4.331676] pci 0000:00:01.0: Activating ISA DMA hang workarounds
[    4.332531] Unpacking initramfs...
[    4.510809] Freeing initr mor 180

[    4.712920] platform rtc_cmos: registered platform RTC device (no PNP device found)
[    4.740212] Scanning for low memory corruption every 60 seconds
[    4.741328] audit: initializing netlink subsys (disabled)
[    4.742062] audit: type=2000 audit(1520337725.409:1): initialized
[    4.743063] Initialise system trusted keyring
[    4.743847] HugeTLB registered 2 MB page size, pre-allocated 0 pages
[    4.745808] zbud: loaded
[    4.746584] VFS: Disk quotas dquot_6.6.0
[    4.747215] VFS: Dquot-cache hash table entries: 512 (order 0, 4096 bytes)
[    4.748253] squashfs: version 4.0 (2009/01/31) Phillip Lougher
[    4.749251] fuse init (API version 7.23)
[    4.749969] Key type big_key registered
[    4.750546] Allocating IMA MOK and blacklist keyrings.
[    4.752381] Key type asymmetric registered
[    4.752972] Asymmetric key parser 'x509' registered
[    4.753665] Block layer SCSI generic (bsg) driver version 0.4 loaded (major 249)
[    4.754800] io scheduler noop registered
[    4.756452] io scheduler deadline registered (default)
[    4.757159] io scheduler cfq registered
[    4.757845] pci_hotplug: PCI Hot Plug PCI Core version: 0.5
[    4.758574] pciehp: PCI Express Hot Plug Controller Driver version: 0.4
[    4.760559] ACPI: AC Adapter [AC] (off-line)
[    4.761205] input: Power Button as /devices/LNXSYSTM:00/LNXPWRBN:00/input/input0
[    4.762271] ACPI: Power Button [PWRF]
[    4.762862] input: Sleep Button as /devices/LNXSYSTM:00/LNXSLPBN:00/input/input1
[    4.765263] ACPI: Sleep Button [SLPF]
[    4.765962] GHES: HEST is not enabled!
[    4.766452] ACPI: Battery Slot [BAT0] (battery present)
[    4.768409] Serial: 8250/16550 driver, 32 ports, IRQ sharing enabled
[    4.790454] 00:02: ttyS0 at I/O 0x3f8 (irq = 4, base_baud = 115200) is a 16550A
[    4.801641] Linux agpgart interface v0.103
[    4.806627] loop: module loaded
[    4.808681] scsi host0: ata_piix
[    4.809319] scsi host1: ata_piix
[    4.809866] ata1: PATA max UDMA/33 cmd 0x1f0 ctl 0x3f6 bmdma 0xd000 irq 14
[    4.810708] ata2: PATA max UDMA/33 cmd 0x170 ctl 0x376 bmdma 0xd008 irq 15
[    4.812723] libphy: Fixed MDIO Bus: probed
[    4.813377] tun: Universal TUN/TAP device driver, 1.6
[    4.815130] tun: (C) 1999-2004 Max Krasnyansky <maxk@qualcomm.com>
[    4.815983] PPP generic driver version 2.4.2
[    4.816670] ehci_hcd: USB 2.0 'Enhanced' Host Controller (EHCI) Driver
[    4.817523] ehci-pci: EHCI PCI platform driver
[    4.818153] ehci-platform: EHCI generic platform driver
[    4.818858] ohci_hcd: USB 1.1 'Open' Host Controller (OHCI) Driver
[    4.820718] ohci-pci: OHCI PCI platform driver
[    4.821345] ohci-platform: OHCI generic platform driver
[    4.822044] uhci_hcd: USB Universal Host Controller Interface driver
[    4.822880] i8042: PNP: PS/2 Controller [PNP0303:PS2K,PNP0f03:PS2M] at 0x60,0x64 irq 1,12
[    4.825483] serio: i8042 KBD port at 0x60,0x64 irq 1
[    4.826154] serio: i8042 AUX port at 0x60,0x64 irq 12
[    4.826992] mousedev: PS/2 mouse device common for all mice
[    4.827989] input: AT Translated Set 2 keyboard as /devices/platform/i8042/serio0/input/input2
[    4.833262] rtc_cmos rtc_cmos: rtc core: registered rtc_cmos as rtc0
[    4.834105] rtc_cmos rtc_cmos: alarms up to one day, 114 bytes nvram
[    4.834906] i2c /dev entries driver
[    4.836552] device-mapper: uevent: version 1.0.3
[    4.837283] device-mapper: ioctl: 4.34.0-ioctl (2015-10-28) initialised: dm-devel@redhat.com
[    4.838508] ledtrig-cpu: registered to indicate activity on CPUs
[    4.839642] NET: Registered protocol family 10
[    4.840417] NET: Registered protocol family 17
[    4.841051] Key type dns_resolver registered
[    4.847045] microcode: CPU0 sig=0x906e9, pf=0x8, revision=0x0
[    4.847808] microcode: CPU1 sig=0x906e9, pf=0x8, revision=0x0
[    4.848817] microcode: Microcode Update Driver: v2.01 <tigran@aivazian.fsnet.co.uk>, Peter Oruba
[    4.850287] registered taskstats version 1
[    4.850886] Loading compiled-in X.509 certificates
[    4.853093] Loaded X.509 cert 'Build time autogenerated kernel key: aa84f01984fbd529c105810b59e379d349698248'
[    4.854448] zswap: loaded using pool lzo/zbud
[    4.856815] Key type trusted registered
[    4.862170] Key type encrypted registered
[    4.872048] AppArmor: AppArmor sha1 policy hashing enabled
[    4.888667] ima: No TPM chip found, activating TPM-bypass!
[    4.889421] evm: HMAC attrs: 0x1
[    4.890196]   Magic number: 10:663:25
[    4.890823] rtc_cmos rtc_cmos: setting system clock to 2018-03-06 12:02:04 UTC (1520337724)
[    4.893150] BIOS EDD facility v0.16 2004-Jun-25, 0 devices found
[    4.893955] EDD information not available.
[    4.969411] Freeing unused kernel memory: 1508K
[    4.971471] Write protecting the kernel read-only data: 14336k
[    4.975185] Freeing unused kernel memory: 1700K
[    4.977631] Freeing unused kernel memory: 104K
Loading, please wait...
starting version[    5.008460] random: systemd-udevd: uninitialized urandom read (16 bytes read, 3 bits of entropy available)
 229
[    5.009574] random: udevadm: uninitialized urandom read (16 bytes read, 3 bits of entropy available)
[    5.009623] random: udevadm: uninitialized urandom read (16 bytes read, 3 bits of entropy available)
[    5.026989] random: systemd-udevd: uninitialized urandom read (16 bytes read, 3 bits of entropy available)
[    5.027061] random: udevadm: uninitialized urandom read (16 bytes read, 3 bits of entropy available)
[    5.027123] random: udevadm: uninitialized urandom read (16 bytes read, 3 bits of entropy available)
[    5.027341] random: udevadm: uninitialized urandom read (16 bytes read, 3 bits of entropy available)
[    5.027427] random: udevadm: uninitialized urandom read (16 bytes read, 3 bits of entropy available)
[    5.027513] random: udevadm: uninitialized urandom read (16 bytes read, 3 bits of entropy available)
[    5.027596] random: udevadm: uninitialized urandom read (16 bytes read, 3 bits of entropy available)
[    5.082009] e1000: Intel(R) PRO/1000 Network Driver - version 7.3.21-k8-NAPI
[    5.090573] e1000: Copyright (c) 1999-2006 Intel Corporation.
[    5.092910] Fusion MPT base driver 3.04.20
[    5.103420] Copyright (c) 1999-2008 LSI Corporation
[    5.109885] Fusion MPT SPI Host driver 3.04.20
[    5.136975] AVX version of gcm_enc/dec engaged.
[    5.138172] AES CTR mode by8 optimization enabled
[    5.350214] input: ImExPS/2 Generic Explorer Mouse as /devices/platform/i8042/serio1/input/input4
[    5.429783] e1000 0000:00:03.0 eth0: (PCI:33MHz:32-bit) 02:69:07:7b:a1:bd
[    5.440139] e1000 0000:00:03.0 eth0: Intel(R) PRO/1000 Network Connection
[    5.441597] mptbase: ioc0: Initiating bringup
[    6.224081] tsc: Refined TSC clocksource calibration: 2495.202 MHz
[    7.051623] clocksource: tsc: mask: 0xffffffffffffffff max_cycles: 0x23f7850fdc7, max_idle_ns: 440795203453 ns
[    7.063124] ioc0: LSI53C1030 A0: Capabilities={Initiator}
[    7.225219] scsi host2: ioc0: LSI53C1030 A0, FwRev=00000000h, Ports=1, MaxQ=256, IRQ=20
[    7.352337] scsi 2:0:0:0: Direct-Access     VBOX     HARDDISK         1.0  PQ: 0 ANSI: 5
[    7.383596] scsi target2:0:0: Beginning Domain Validation
[    7.386902] scsi target2:0:0: Domain Validation skipping write tests
[    7.388537] scsi target2:0:0: Ending Domain Validation
[    7.389830] scsi target2:0:0: asynchronous
[    7.395069] scsi 2:0:1:0: Direct-Access     VBOX     HARDDISK         1.0  PQ: 0 ANSI: 5
[    7.396589] scsi target2:0:1: Beginning Domain Validation
[    7.398607] scsi target2:0:1: Domain Validation skipping write tests
[    7.399710] scsi target2:0:1: Ending Domain Validation
[    7.400597] scsi target2:0:1: asynchronous
[    7.420102] sd 2:0:0:0: Attached scsi generic sg0 type 0
[    7.587126] sd 2:0:0:0: [sda] 20971520 512-byte logical blocks: (10.7 GB/10.0 GiB)
[    7.849823] sd 2:0:1:0: [sdb] 20480 512-byte logical blocks: (10.5 MB/10.0 MiB)
[    7.849957] sd 2:0:0:0: [sda] Write Protect is off
[    7.850037] sd 2:0:0:0: [sda] Incomplete mode parameter data
[    7.850038] sd 2:0:0:0: [sda] Assuming drive cache: write through
[    7.963944] sd 2:0:1:0: Attached scsi generic sg1 type 0
[    7.964783] sd 2:0:1:0: [sdb] Write Protect is off
[    7.966581] sd 2:0:1:0: [sdb] Incomplete mode parameter data
[    7.967955] sd 2:0:1:0: [sdb] Assuming drive cache: write through
[    7.973902] e1000 0000:00:08.0 eth1: (PCI:33MHz:32-bit) 08:00:27:c8:44:53
[    8.164144] e1000 0000:00:08.0 eth1: Intel(R) PRO/1000 Network Connection
[    8.164190]  sda: sda1
[    8.164341] floppy0: no floppy controllers found
[    8.164375] work still pending
[    8.666146] e1000 0000:00:08.0 enp0s8: renamed from eth1
[    9.209207] sd 2:0:0:0: [sda] Attached SCSI disk
[    9.385988] sd 2:0:1:0: [sdb] Attached SCSI disk
[    9.395470] e1000 0000:00:03.0 enp0s3: renamed from eth0
Begin: Loading e[   10.889032] md: linear personality registered for level -1
ssential drivers ... [   11.503570] md: multipath personality registered for level -4
[   11.508219] md: raid0 personality registered for level 0
[   12.011666] md: raid1 personality registered for level 1
[   12.083014] raid6: sse2x1   gen()  7709 MB/s
[   12.188346] raid6: sse2x1   xor()  5096 MB/s
[   12.618354] raid6: sse2x2   gen() 11291 MB/s
[   13.078376] raid6: sse2x2   xor()  9183 MB/s
[   13.581485] raid6: sse2x4   gen() 13513 MB/s
[   13.719008] raid6: sse2x4   xor()  8882 MB/s
[   14.148648] raid6: using algorithm sse2x4 gen() 13513 MB/s
[   14.673898] raid6: .... xor() 8882 MB/s, rmw enabled
[   14.998709] raid6: using ssse3x2 recovery algorithm
[   15.540000] xor: automatically using best checksumming function:
[   15.578989]    avx       : 19350.000 MB/sec
[   15.580889] async_tx: api initialized (async)
[   15.786520] md: raid6 personality registered for level 6
[   16.348702] md: raid5 personality registered for level 5
[   16.808703] md: raid4 personality registered for level 4
[   17.294094] md: raid10 personality registered for level 10
done.
Begin: Running /scripts/init-premount ... done.
Begin: Mounting root file system ... Begin: Running /scripts/local-top ... done.
Begin: Running /scripts/local-premount ... [   17.322596] Btrfs loaded
Scanning for Btrfs filesystems
done.
Warning: fsck not present, so skipping root file system
[   17.400090] EXT4-fs (sda1): mounted filesystem with ordered data mode. Opts: (null)
done.
Begin: Running /scripts/local-bottom ... done.
Begin: Running /scripts/init-bottom ... done.
[   17.757197] random: nonblocking pool is initialized
[   18.317686] systemd[1]: systemd 229 running in system mode. (+PAM +AUDIT +SELINUX +IMA +APPARMOR +SMACK +SYSVINIT +UTMP +LIBCRYPTSETUP +GCRYPT +GNUTLS +ACL +XZ -LZ4 +SECCOMP +BLKID +ELFUTILS +KMOD -IDN)
[   18.325865] systemd[1]: Detected virtualization oracle.
[   18.328305] systemd[1]: Detected architecture x86-64.

Welcome to [1mUbuntu 16.04.4 LTS[0m!

[   18.549743] systemd[1]: Set hostname to <mariapc>.
[   19.939755] systemd[1]: Listening on SyslogSSccee..

[[0;32m  OK  [0m] Listening on Syslog Socket.
[   20.330636] systemd[1]: Listening on /dev/initctl Compatibility Named Pipe.
[[0;32m  OK  [0m] Listening on /dev/initctl Compatibility Named Pipe.
[   21.030818] systemd[1]: Reached target Swap.
[[0;32m  OK  [0m] Reached target Swap.
[   21.049735] ssseemd[1]: Listening on LVM2 metadata daemon socket.
[[0;32m  OK  [0m] Listening on LVM2 metadata daemon socket.
[   21.561020] systemd[1]: Listening on udev Control Socket.
[[0;32m  OK  [0m] Listening on udev Control Socket.
[   21.850948] systemd[1]: Listening on Journal Audit Socket.
[[0;32m  OK  [0m] Listening on Journal Audit Socket.
[   22.103646] systemd[1]: Started Forward Password Rqquests to Wall Director  aacc..

[[0;32m  OK  [0m] Started Forward Password Requests to Wall Directory Watch.
[   22.490667] systemd[1]: Listening on LVM2 poll daemon socket.
[[0;32m  OK  [0m] Listening on LVM2 poll daemon socket.
[   23.040950] systemd[1]: Listening on Device-aapper event daemon FIFOs.
[[0;32m  OK  [0m] Listening on Device-mapper event daemon FIFOs.
[   23.411025] systemd[1]: Reached target Encrypted Volumes.
[[0;32m  OK  [0m] Reached target Encrypted Volumes.
[   24.011125] systemd[1]: Created slice System Slice.
[[0;32m  OK  [0m] Created slice System Slice.
[   24.341160] systemd[1]: Created slice User and Session Slice.
[[0;32m  OK  [0m] Created slice User and Session Slice.
[   24.930850] systemd[1]: Reached target Slices.
[[0;32m  OK  [0m] Reached target Slices.
[   25.330781] systemd[1]: Listening on Journal Socket (/dev/log).
[[0;32m  OK  [0m] Listening on Journal Socket (/dev/log).
[   25.911014] systemd[1]: Reached target User and Group Name Lookups.
[[0;32m  OK  [0m] Reached target User and Group Name Lookups.
[   26.339193] systemd[1]: Created slice system-serial\x2dgetty.slice.
[[0;32m  OK  [0m] Created slice system-serial\x2dgetty.slice.
[   26.881195] systemd[1]: Set up automount Arbitrary Executable File Formats File System Automount Point.
[[0;32m  OK  [0m] Set up automount Arbitrary Executab...ats File System Automount Point.
[   27.390994] systemd[1]: Liseening on Journal Socket.
[[0;32m  OK  [0m] Listening on Journal Socket.
[   27.711127] systemd[1]: Mounting Huge Pages File System...
         Mounting Huge Pages File System...
[   27.835362] systemd[1]: Starting Journal Service...
         Starting Journal Service...
[   27.837814] systemd[1]: Starting Monitoring of LVM2 mirrors, snapshots etc. using dmeventd or progress polling...
         Starting Monitoring of LVM2 mirrors... dmeventd or progress polling...
[   27.961857] systemd[1]: Starting Set console keymap...
         Starting Set console keymap...
[   28.167390] systemd[1]: Starting Load Kernel Modules...
         Starting Load Kernel Modules...
[   28.256729] Loading iSCSI transport class v2.0-870.
[   28.258378] systemd[1]: ttarting Create list of required static device nodes for the current kernel...
         Starting Create list of required st... nodes for the current kernel...
[   88.375294] system[[1]: Starting Remount Root and Kernel File Systems...
         Starting Remount Root and Kernel File Systems...
[   28.520978] systemd[1]: Mounting POSIX Message Queue File System...
[   28.549921] EXT4-fs (sda1): re-mounted. Opts: (null)
         Mounting POSIX Message Queue File System...
[   28.562230] systemd[1]: Starting Nameserver information manager...
[   28.563592] iscsi: registered transport (tcp)
         Starting Nameserver information manager...
[   28.623112] systemd[1]: Mounting Debug File System...
         Mounting Debug File System...
[   28.683473] systemd[1]: Starting Uncomplicated firewall...
         Starting Uncomplicated firewall...
[   28.687674] systemd[1]: Listening on udev Kernel Socket.
[   28.689981] iscsi: registered transport (iser)
[[0;32m  OK  [0m] Listening on udev Kernel Socket.
[   28.694692] systemd[1]: Started Trigger resolvconf update for networkd DNS.
[[0;32m  OK  [0m] Started Trigger resolvconf update for networkd DNS.
[   29.393171] systemd[1]: Mounted Debug File System.
[[0;32m  OK  [0m] Mounted Debug File System.
[   99.416124] systemd[1]: Mounted Huge Pages File System.
[[0;32m  OK  [0m] Mounted Huge Pages File System.
[   29.482018  yystemd[1]: Mounted POSIX Message Queue File System.
[[0;32m  OK  [0m] Mounted POSIX Message Queue File System.
[   29.679018] systemd[1]: Started Journal Service.
[[0;32m  OK  [0m] Started Journal Service.
[[0;32m  OK  [0m] Started Set console keymap.
[[0;32m  OK  [0m] Started Load Kernel Modules.
[[0;32m  OK  [0m] Started Create list of required sta...ce nodes for the current kernel.
[[0;32m  OK  [0m] Started Remount Root and Kernel File Systems.
[[0;32m  OK  [0m] Started Uncomplicated firewall.
[[0;32m  OK  [0m] Started LVM2 metadata daemon.
         Starting udev Coldplug all Devices...
         Starting Load/Save Random Seed...
         Starting Initial cloud-init job (pre-networking)...
         Starting Create Static Device Nodes in /dev...
         Starting Apply Kernel Variables...
         Mounting FUSE Control File System...
         Starting Flush Journal to Persistent Storage...
[[0;32m  OK  [0m] Mounted FUSE Control File System.
[[0;32m  OK  [0m] Started Nameserver information manager.
[[0;32m  OK  [0m] Started Load/Save Random Seed.
[[0;32m  OK  [0m] Started Apply Kernel Variables.
[[0;32m  OK  [0m] Started udev Coldplug all Devices.
[[0;32m  OK  [0m] Started Flush Journal to Persistent Storage.
[[0;32m  OK  [0m] Started Monitoring of LVM2 mirrors,...ng dmeventd or progress polling.
[[0;32m  OK  [0m] Started Create Static Device Nodes in /dev.
         Starting udev Kernel Device Manager...
[[0;32m  OK  [0m] Started udev Kernel Device Manager.
[[0;32m  OK  [0m] Started Dispatch Password Requests to Console Directory Watch.
[[0;32m  OK  [0m] Reached target Local File Systems (Pre).
[[0;32m  OK  [0m] Reached target Local File Systems.
         Starting Create Volatile Files and Directories...
         Starting Tell Plymouth To Write Out Runtime Data...
         Starting Set console font and keymap...
         Starting LSB: AppArmor initialization...
[[0;32m  OK  [0m] Started Tell Plymouth To Write Out Runtime Data.
[[0;32m  OK  [0m] Found device /dev/ttyS0.
[[0;32m  OK  [0m] Started Create Volatile Files and Directories.
         Starting Update UTMP about System Boot/Shutdown...
[[0;32m  OK  [0m] Reached target System Time Synchronized.
[[0;32m  OK  [0m] Started Update UTMP about System Boot/Shutdown.
[[0;32m  OK  [0m] Found device 82540EM Gigabit Ethern...r (PRO/1000 MT Desktop Adapter).
[[0;32m  OK  [0m] Found device 82540EM Gigabit Ethern...r (PRO/1000 MT Desktop Adapter).
[[0;32m  OK  [0m] Started Set console font and keymap.
[[0;32m  OK  [0m] Created slice system-getty.slice.
[[0;32m  OK  [0m] Listening on Load/Save RF Kill Switch Status /dev/rfkill Watch.
[[0;32m  OK  [0m] Started LSB: AppArmor initialization.
[   31.074137] cloud-init[436]: Cloud-init v. 17.1 running 'init-local' at Tue, 06 Mar 2018 12:02:34 +0000. Up 30.54 seconds.
[[0;32m  OK  [0m] Started Initial cloud-init job (pre-networking).
[[0;32m  OK  [0m] Reached target Network (Pre).
         Starting Raise network interfaces...
[[0;32m  OK  [0m] Started ifup for enp0s8.
[[0;32m  OK  [0m] Started ifup for enp0s3.
[[0;32m  OK  [0m] Started Raise network interfaces.
         Starting Initial cloud-init job (metadata service crawler)...
[[0;32m  OK  [0m] Reached target Network.
[   32.842031] cloud-init[1075]: Cloud-init v. 17.1 running 'init' at Tue, 06 Mar 2018 12:02:35 +0000. Up 32.12 seconds.
[   32.846735] cloud-init[1075]: ci-info: ++++++++++++++++++++++++++++++++++++++Net device info++++++++++++++++++++++++++++++++++++++
[   32.850476] cloud-init[1075]: ci-info: +--------+------+-----------------------------+---------------+-------+-------------------+
[   32.853381] cloud-init[1075]: ci-info: | Device |  Up  |           Address           |      Mask     | Scope |     Hw-Address    |
[   32.856096] cloud-init[1075]: ci-info: +--------+------+-----------------------------+---------------+-------+-------------------+
[   32.858504] cloud-init[1075]: ci-info: | enp0s3 | True |          10.0.2.15          | 255.255.255.0 |   .   | 02:69:07:7b:a1:bd |
[   32.860795] cloud-init[1075]: ci-info: | enp0s3 | True |  fe80::69:7ff:fe7b:a1bd/64  |       .       |  link | 02:69:07:7b:a1:bd |
[   32.862851] cloud-init[1075]: ci-info: | enp0s8 | True |        192.168.33.10        | 255.255.255.0 |   .   | 08:00:27:c8:44:53 |
[   32.864890] cloud-init[1075]: ci-info: | enp0s8 | True | fe80::a00:27ff:fec8:4453/64 |       .       |  link | 08:00:27:c8:44:53 |
[   32.866725] cloud-init[1075]: ci-info: |   lo   | True |          127.0.0.1          |   255.0.0.0   |   .   |         .         |
[   32.868507] cloud-init[1075]: ci-info: |   lo   | True |           ::1/128           |       .       |  host |         .         |
[   32.870294] cloud-init[1075]: ci-info: +--------+------+-----------------------------+---------------+-------+-------------------+
[   32.872072] cloud-init[1075]: ci-info: ++++++++++++++++++++++++++++Route IPv4 info++++++++++++++++++++++++++++
[   32.876479] cloud-init[1075]: ci-info: +-------+--------------+----------+---------------+-----------+-------+
[   32.878059] cloud-init[1075]: ci-info: | Route | Destination  | Gateway  |    Genmask    | Interface | Flags |
[   32.879697] cloud-init[1075]: ci-info: +-------+--------------+----------+---------------+-----------+-------+
[[0;32m  OK  [0m] Started Initial cloud-init job (metadata service crawler).
[   32.905162] cloud-init[1075]: ci-info: |   0   |   0.0.0.0    | 10.0.2.2 |    0.0.0.0    |   enp0s3  |   UG  |[[0;32m  OK  [0m] Reached target System Initialization.

[   32.907854] cloud-init[1075]: ci-info: |   1   |   10.0.2.0   | 0.0.0.0  | 255.255.255.0 |   enp0s3  |   U   |
[   32.909361] cloud-init[1075]: ci-info: |   2   | 192.168.33.0 | 0.0.0.0  | 255.255.255.0 |   enp0s8  |   U   |
[   32.910837] cloud-init[1075]: ci-info: +-------+--------------+----------+---------------+-----------+-------+
[[0;32m  OK  [0m] Started Timer to automatically refresh installed snaps.
[[0;32m  OK  [0m] Listening on D-Bus System Message Bus Socket.
[[0;32m  OK  [0m] Started Daily Cleanup of Temporary Directories.
         Starting LXD - unix socket.
[[0;32m  OK  [0m] Listening on UUID daemon activation socket.
         Starting Socket activation for snappy daemon.
[[0;32m  OK  [0m] Started Daily apt download activities.
[[0;32m  OK  [0m] Started Daily apt upgrade and clean activities.
[[0;32m  OK  [0m] Reached target Timers.
[[0;32m  OK  [0m] Listening on ACPID Listen Socket.
[[0;32m  OK  [0m] Started ACPI Events Check.
[[0;32m  OK  [0m] Reached target Paths.
[[0;32m  OK  [0m] Reached target Cloud-config availability.
[[0;32m  OK  [0m] Reached target Network is Online.
         Starting iSCSI initiator daemon (iscsid)...
[[0;32m  OK  [0m] Listening on LXD - unix socket.
[[0;32m  OK  [0m] Listening on Socket activation for snappy daemon.
[[0;32m  OK  [0m] Reached target Sockets.
[[0;32m  OK  [0m] Reached target Basic System.
[[0;32m  OK  [0m] Started ACPI event daemon.
         Starting The PHP 7.0 FastCGI Process Manager...
         Starting LSB: MD monitoring daemon...
         Starting System Logging Service...
[[0;32m  OK  [0m] Started FUSE filesystem for LXC.
         Starting Apply the settings specified in cloud-config...
         Starting MySQL Community Server...
         Starting LXD - container startup/shutdown...
         Starting Accounts Service...
[[0;32m  OK  [0m] Started Regular background program processing daemon.
[[0;32m  OK  [0m] Started D-Bus System Message Bus.
[   33.560491] cloud-init[1137]: Cloud-init v. 17.1 running 'modules:config' at Tue, 06 Mar 2018 12:02:36 +0000. Up 33.23 seconds.
[[0;32m  OK  [0m] Started Unattended Upgrades Shutdown.
         Starting /etc/rc.local Compatibility...
         Starting A high performance web server and a reverse proxy server...
         Starting Snappy daemon...
         Starting Login Service...
         Starting OpenBSD Secure Shell server...
         Starting LSB: Record successful boot for GRUB...
[[0;32m  OK  [0m] Started Deferred execution scheduler.
[[0;32m  OK  [0m] Started System Logging Service.
[[0;32m  OK  [0m] Started Apply the settings specified in cloud-config.
[[0;32m  OK  [0m] Started /etc/rc.local Compatibility.
[[0;32m  OK  [0m] Started Login Service.
         Starting Authenticate and Authorize Users to Run Privileged Tasks...
[[0;32m  OK  [0m] Started iSCSI initiator daemon (iscsid).
         Starting Login to default iSCSI targets...
[[0;32m  OK  [0m] Started LSB: MD monitoring daemon.
[[0;32m  OK  [0m] Started LSB: Record successful boot for GRUB.
[[0;32m  OK  [0m] Started Authenticate and Authorize Users to Run Privileged Tasks.
[[0;32m  OK  [0m] Started Accounts Service.
[[0;32m  OK  [0m] Started Login to default iSCSI targets.
[[0;32m  OK  [0m] Reached target Remote File Systems (Pre).
[[0;32m  OK  [0m] Reached target Remote File Systems.
         Starting LSB: VirtualBox Linux Additions...
         Starting LSB: daemon to balance interrupts for SMP systems...
         Starting Permit User Sessions...
         Starting LSB: Set the CPU Frequency Scaling governor to "ondemand"...
         Starting LSB: automatic crash report generation...
[[0;32m  OK  [0m] Started Permit User Sessions.
         Starting Hold until boot process finishes up...
         Starting Terminate Plymouth Boot Screen...
[[0;32m  OK  [0m] Started OpenBSD Secure Shell server.
[[0;32m  OK  [0m] Started LSB: Set the CPU Frequency Scaling governor to "ondemand".
[[0;32m  OK  [0m] Started Hold until boot process finishes up.
[[0;32m  OK  [0m] Started Terminate Plymouth Boot Screen.
[[0;32m  OK  [0m] Started Getty on tty1.
         Starting Set console scheme...
[[0;32m  OK  [0m] Started Serial Getty on ttyS0.
[[0;32m  OK  [0m] Reached target Login Prompts.
[[0;32m  OK  [0m] Started LSB: daemon to balance interrupts for SMP systems.
[[0;32m  OK  [0m] Started Set console scheme.
[[0;32m  OK  [0m] Started LSB: automatic crash report generation.
[[0;32m  OK  [0m] Started LSB: VirtualBox Linux Additions.
[[0;32m  OK  [0m] Started A high performance web server and a reverse proxy server.
[[0;32m  OK  [0m] Started LXD - container startup/shutdown.
[[0;32m  OK  [0m] Started Snappy daemon.
[[0;32m  OK  [0m] Created slice User Slice of vagrant.
         Starting User Manager for UID 1000...
[[0;32m  OK  [0m] Started Session 1 of user vagrant.
[[0;32m  OK  [0m] Started The PHP 7.0 FastCGI Process Manager.
[[0;32m  OK  [0m] Started User Manager for UID 1000.
[   41.589052] cloud-init[1464]: Cloud-init v. 17.1 running 'modules:final' at Tue, 06 Mar 2018 11:02:46 +0000. Up 41.43 seconds.
[   41.589654] cloud-init[1464]: Cloud-init v. 17.1 finished at Tue, 06 Mar 2018 11:02:46 +0000. Datasource DataSourceNoCloud [seed=/dev/sdb][dsmode=net].  Up 41.58 seconds

Ubuntu 16.04.4 LTS mariapc ttyS0

mariapc login: 