[   .000000] Initializing cgroup subsys cpuset
[    0.000000] Initializing cgroup subsys cpu
[    0.000000] Initializing cgroup subsys cpuacct
[    0.000000] Linux version 4.4.0-112-generic (buildd@lgw01-amd64-010) (gcc version 5.4.0 20160609 (Ubuntu 5.4.0-6ubuntu1~16.04.5) ) #135-Ubuntu SMP Fri Jan 19 11:48:36 UTC 2018 (Ubuntu 4.4.0-112.135-generic 4.4.98)
[    0.000000] Command line: BOOT_IMAGE=/boot/vmlinuz-4.4.0-112-generic root=LABEL=cloudimg-rootfs ro console=tty1 console=ttyS0
[    0.000000] KERNEL supported cpus:
[    0.000000]   Intel GenuineIntel
[    0.000000]   AMD AuthenticAMD
[    0.000000]   Centaur CentaurHauls
[    0.000000] ------------[ cut here ]------------
[    0.000000] WARNING: CPU: 0 PID: 0 at /build/linux-HSAA8v/linux-4.4.0/arch/x86/kernel/fpu/xstate.c:517 fpu__init_system_xstate+0x38b/0x75a()
[    0.000000] XSAVE consistency problem, dumping leaves
[    0.000000] Modules linked in:
[    0.000000] CPU: 0 PID: 0 Comm: swapper Not tainted 4.4.0-112-generic #135-Ubuntu
[    0.000000]  0000000000000086 ab021497bc096316 ffffffff81e03d80 ffffffff813fc233
[    0.000000]  ffffffff81e03dc8ffffffff81cab100 ffffffff81e03db8 ffffffff81081f82
[    0.000000]  ffffffff81e03e48 ffffffff81e03e4c 0000000000000008 0000000000000100
[    0.000000] Call Trace:
[    0.000000]  [<ffffffff813fc233>] dump_stack+0x63/0x90
[    0.000000]  [<ffffffff81081f82>] warn_slowpath_common+0x82/0xc0
[    0.000000]  [<ffffffff8108201c>] warn_slowpath_fmt+0x5c/0x80
[    0.000000]  [<ffffffff8107dc20>] ? xfeature_size+0x59/0x77
[    0.000000]  [<ffffffff81f72275>] fpu__init_system_xstate+0x38b/0x75a
[    0.000000]  [<ffffffff81f62120>] ? early_idt_handler_array+0x120/0x120
[    0.000000]  [<ffffffff81f71be0>] fpu__init_system+0x10d/0x245
[    0.000000]  [<ffffffff81f72ce9>] early_cpu_init+0x139/0x13e
[    0.000000]  [<ffffffff81f72ce9>] ? early_cpu_init+0x139/0x13e
[    0.000000]  [<ffffffff81f6e19b>] setup_arch+0xb4/0xcfb
[    0.000000]  [<ffffffff81f62120>] ? early_idt_handler_array+0x120/0x120
[    0.000000]  [<ffffffff81f62c74>] start_kernel+0xe4/0x4a7
[    0.000000]  [<ffffffff81f62120>] ? early_idt_handler_array+0x120/0x120
[    0.000000]  [<ffffffff81f62339>] x86_64_start_reservations+0x2a/0x2c
[    0.000000]  [<ffffffff81f62485>] x86_64_start_kernel+0x14a/0x16d
[  0.000000] ---[ end trace 4d5ff9f2f68c4233 ]---
[    0.000000] CPUID[0d, 00]: eax=00000007 ebx=00000440 ecx=00000440 edx=00000000
[    0.000000] CPUID[0d, 01]: eax=00000000 ebx=000003c0 ecx=00000000 edx=00000000
[    0.000000] CPUID[0d, 02]: eax=00000100 ebx=00000240 ecx=00000000 edx=00000000
[    0.000000] CPUID[0d, 03]: eax=00000000 ebx=00000000 ecx=00000000 edx=00000000
[    0.000000] CPUID[0d, 04]: eax=00000000 ebx=00000000 ecx=00000000 edx=00000000
[    0.000000] CPUID[0d, 05]: eax=00000000 ebx=00000000 ecx=00000000 edx=00000000
[    0.000000] CPUID[0d, 06]: eax=00000000 ebx=00000000 ecx=00000000 edx=00000000
[    0.000000] CPUID[0d, 07]: eax=00000000 ebx=00000000 ecx=00000000 edx=00000000
[    0.000000] CPUID[0d, 08]: eax=00000000 ebx=00000000 ecx=00000000 edx=00000000
[    0.000000] CPUID[0d, 09]: eax=00000000 ebx=00000000 ecx=00000000 edx=00000000
[    0.000000] CPUID[0d, 0a]: eax=00000000 ebx=00000000 ecx=00000000 edx=00000000
[    0.000000] CPUID[0d, 0b]: eax=00000000 ebx=00000000 ecx=00000000 edx=00000000
[    0.000000] CPUID[0d, 0c]: eax=00000000 ebx=00000000 ecx=00000000 edx=00000000
[    0.000000] CPUID[0d, 0d] eax00000 ebx=0000 ecx00000 ed00000
[    0.000000] CPUID[0d, 0e]: eax=00000000 ebx=00000000 ecx=00000000 edx=00000000
[    0.000000] CPUID[0d, 0f]: eax=00000000 ebx=00000000 ecx=00000000 edx=00000000
[    0.000000] CPUID[0d, 10]: eax=00000000 ebx=00000000 ecx=00000000 edx=00000000
[    0.000000] CPUID[0d, 11]: eax=00000000 ebx=00000000 ecx=00000000 edx=00000000
[    0.000000] x86/fpu: xstate_offset[2]:  576, xstate_sizes[2]:  256
[    0.000000] x86/fpu: Supporting XSAVE feature 0x01: 'x87 floating point registers'
[    0.000000] x86/fpu: Supporting XSAVE feature 0x02: 'SSE registers'
[    0.000000] 86/puSupporngSAVE fate 04: 'AX giters
[   00000] 6/pu: abed xstatfeurs 0x ctet sizeis08 byt, in 'stndrdformt.[   .00000 x6/fp: in 'lazy F cntex stces.
[   00000] 20 BOS-prodephysalAMma
  0.00000]IO-e820: [m x000000000000-00000000bf uable
  0.0000 BS-820: [m 0000000009fc00-000000000ffffrervd  0.0000] OS-e0:me 0x0000000f0000x000000fff] resve
[    0.000]BIOS-e20[mm 0x000001000-000000003efff] usle
[    .000] BIOS82 [me0x0000ff00-0x000003ffffff]CPdata[   0.0000BIOS82 [emx00000ff00-0000000ffffffrervd  0.0000]  (Excuteisble)rocton: acve
[  0.000] SMBS 5 pren
    0000 Hypvir detete KM
[   0.000] e0:as_pfn 0fff0axrc_pfn 0000000
[   00000] RR Disle
[    0.0000x86/T: MTRs disaedskipngATinitiaizio too
[   0000000CPMTRRalblnk - vtuizedysm.
[    0.000]x86/T:oniguratn -7]:B T UC- UCWBWT  -   
[   0000] fou S MP-blat[memx009fff0-000ff] mapped at [ffff88000009fff0]
[    0.000000] Scanning 1 areas for low memory corruption
[    0.000000] RAMDISK: [mem 0x36adc000-0x37565fff]
[    0.000000] ACPI: Early table checksum verification disabled
[    0.000000] ACPI: RSDP 0x00000000000E0000 000024 (v02 VBOX  )
[    0.000000] ACPI: XSDT 0x000000003FFF0030 00003C (v01 VBOX   VBOXXSDT 00000001 ASL  00000061)
[    0.000000] ACPI: FACP 0x000000003FFF00F0 0000F4 (v04 VBOX   VBOXFACP 00000001 ASL  00000061)
[    0.000000] ACPI: DST x00000FF47 00211 (1 BOX   BOIO 00000INL 20608)
[    .000] ACPIFAS 0x00003F02 00040[   0.0000ACPIFA 000003FF0200 000
[  00000] APIAPC 0x000003F0240 00 (v0VB  VBOXIC000001 AL 000061
[   0000] PI SSD0x000003FF02 001CC (01BO   VOXUT000002NT 201608)
[   0000] NNU cnfigatn ound[   0.00] aking a deat [m 00000000000-0x0000ffefff
[   0000000 NE_ATA( aocted emx3feb0-0ffffff
[   00000] m-clock:Usg ms 46401 andb5d00   0.0000]vm-cckcp 0, ms0:fe301, prirycpu clk[   .000] kvm-oc usi sedoffsetof 3478267 cle
[   .0000]losorce: k-cck: sk0xfffffffffff macyle: 0x1c42dfb, m_ie_s: 88105483 
  0.0000] ne ranes
[   0.00]  DMA  [mm 0x0000000000x0000000ffff]  0.0000  MA32  me 0x000000000-00000003feff]
[  0.0000]   Normal  mpty[   0.0000  Dece ept
[   000000]ovble zoneta fr ea ne
[    .000 Early mmo nodraes
[   0.00]   de 0 [me0x00000000000x0000009eff
   0.000  node 0[mm 0x0000000000000-00000003eff]
[   .0000]Inme setupno 0mem 0x00000010-000000003efff]   0.0000]CPI: P-TerO Port0x08
[   00000] IOAP[0 api_i2,versio 1 adres0xc0000, G 03
[    0.000]ACPI: NTRCOVR us bs_irq glal_irq 2fldfl)
  0.0000 AI:INT_SROV(bus 0usrq9 glob_i 9 hh ve)
[    .000] Usg PI(MADT)orMP cfiraion inrmion
[   00000] smbo: llowg CPs, 0otug CPU
  0.0000PM Regisered nosve memry[mm 0x00000x0000ff
[    0.00] M: Rgierd noveemry: [mm 009f000x09fff]
  0.000]M:Registedosavmery [m 00a0000-x0efff][  0.00000PM Regiser nose memoy: [me 000000-00fff][  0.0000]820:me0x00000-ffbfff ailble r I dece
[   0.0000]ootingpavituliedkene on KV
  0.0000clcksorc rfined-ifes mas 0fffffff axcycles: fffff, maxdlns: 45960256ns
[    00000 setuppepu NR_US12nr_cpuasbis:51 ncp_ids:2r_de_i:1[   0.00] PERCU:mbdded 3 pescpu ff8003c0009954r82 31528 04576
[   00000] Pqsnlocha tble enie 256orr:0, 409bys)
[   00000] Blt zonis i Node de mobitgruping . otalag: 57913   0.000 Plicy ze:MA32[  0.0000]ernel mmd line BT_IMAGE=/boot/vmlinuz-4.4.0-112-generic root=LABEL=cloudimg-rootfs ro console=tty1 console=ttyS0
[    0.000000] PID hash table entries: 4096 (order: 3, 32768 bytes)
[    0.000000] Memory: 1001740K/1048120K available (8499K kernel code, 1309K rwdata, 3988K rodata, 1508K init, 1316K bss, 46380K reserved, 0K cma-reserved)
[    0.000000] SLUB: HWalign=64, Order=0-3, MinObjects=0, CPUs=2, Nodes=1
[    0.000000] Kernel/User page tables isolation: enabled
[    0.000000] Hierarchical RCU implementation.
[    0.000000] 	Build-time adjustment of leaf fanout to 64.
[    0.000000] 	RCU restricting CPUs from NR_CPUS=512 to nr_cpu_ids=2.
[    0.000000] RCU: Adjusting geometry for rcu_fanout_leaf=64, nr_cpu_ids=2
[    0.000000] NR_IRQS:33024 nr_irqs:440 16
[    0.000000] Console: colour VGA+ 80x25
[    0.000000] console [tty1] enabled
[    0.000000] console [ttyS0] enabled
[    0.000000] tsc: Detected 2495.996 MHz processor
[   17.858751] Calibrating delay loop (skipped) preset value.. 4991.99 BogoMIPS (lpj=9983984)
[   17.860735] pid_max: default: 32768 minimum: 301
[   17.861379] ACPI: Core revision 20150930
[   17.862756] ACPI: 2 ACPI AML tables successfully acquired and loaded
[   17.863666] Security Framework initialized
[   17.864255] Yama: becoming mindful.
[   17.864865] AppArmor: AppArmor initialized
[   17.865517] Dentry cache hash table entries: 131072 (order: 8, 1048576 bytes)
[   17.866852] Inode-cache hash table entries: 65536 (order: 7, 524288 bytes)
[   17.867757] Mount-cache hash table entries: 2048 (order: 2, 16384 bytes)
[   17.868645] Mountpoint-cache hash table entries: 2048 (order: 2, 16384 bytes)
[   17.885611] Initializing cgroup subsys io
[   17.988647] Initializing cgroup subsys memory
[   18.113028] Initializing cgroup subsys devices
[   18.235859] Initializing cgroup subsys freezer
[   18.338776] Initializing cgroup subsys net_cls
[   18.464659] Initializing cgroup subsys perf_event
[   18.585298] Initializing cgroup subsys net_prio
[   18.702818] Initializing cgroup subsys hugetlb
[   18.830527] Initializing cgroup subsys pids
[   18.919004] CPU: Physical Processor ID: 0
[   19.026219] CPU: Processor Core ID: 0
[   19.129928] FEATURE SPEC_CTRL Not Present
[   19.232142] mce: CPU supports 0 MCE banks
[   19.343019] Last level iTLB entries: 4KB 128, 2MB 8, 4MB 8
[   19.496377] Last level dTLB entries: 4KB 64, 2MB 0, 4MB 0, 1GB 4
[   19.655121] Freeing SMP alternatives memory: 32K
[   19.740355] ftrace: allocating 32180 entries in 126 pages
[   19.781692] smpboot: APIC(0) Converting physical 0 to logical package 0
[   19.865037] smpboot: Max logical packages: 1
[   19.908460] ..TIMER: vector=0x30 apic1=0 pin1=2 apic2=-1 pin2=-1
[   20.084773] smpboot: CPU0: Intel(R) Core(TM) i5-7300HQ CPU @ 2.50GHz (family: 0x6, model: 0x9e, stepping: 0x9)
[   20.098261] Performance Events: unsupported p6 CPU model 158 no PMU driver, software events only.
[   20.099586] KVM setup paravirtual spinlock
[   20.100819] x86: Booting SMP configuration:
[   20.101443] .... node  #0, CPUs:      #1
[   20.102113] kvm-clock: cpu 1, msr 0:3ffe3041, secondary cpu clock
[   20.110055] mce: CPU supports 0 MCE banks
[   20.112610] x86: Booted up 1 node, 2 CPUs
[   20.114128] smpboot: Total of 2 processors activated (9983.98 BogoMIPS)
[   20.116252] devtmpfs: initialized
[   20.119423] evm: security.selinux
[   20.119954] evm: security.SMACK64
[   20.120478] evm: security.SMACK64EXEC
[   20.122110] evm: security.SMACK64TRANSMUTE
[   20.122707] evm: security.SMACK64MMAP
[   20.123262] evm: security.ima
[   20.123753] evm: security.capability
[   20.124542] clocksource: jiffies: mask: 0xffffffff max_cycles: 0xffffffff, max_idle_ns: 7645041785100000 ns
[   20.125846] futex hash table entries: 512 (order: 3, 32768 bytes)
[   20.126760] pinctrl core: initialized pinctrl subsystem
[   20.127546] RTC time: 11:54:55, date: 03/05/18
[   20.128294] NET: Registered protocol family 16
[   20.140532] cpuidle: using governor ladder
[   20.164633] cpuidle: using governor menu
[   20.182114] PCCT header not found.
[   20.182701] ACPI: bus type PCI registered
[   20.183288] acpiphp: ACPI Hot Plug PCI Controller Driver version: 0.5
[   20.184170] PCI: Using configuration type 1 for base access
[   20.197789] ACPI: Added _OSI(Module Device)
[   20.206362] ACPI: Added _OSI(Processor Device)
[   20.206998] ACPI: Added _OSI(3.0 _SCP Extensions)
[   20.207645] ACPI: Added _OSI(Processor Aggregator Device)
[   20.208916] ACPI: Executed 1 blocks of module-level executable AML code
[   20.218932] ACPI: Interpreter enabled
[   20.232925] ACPI: (supports S0 S5)
[   20.249982] ACPI: Using IOAPIC for interrupt routing
[   20.262384] PCI: Using host bridge windows from ACPI; if necessary, use "pci=nocrs" and report a bug
[   20.266202] ACPI: PCI Root Bridge [PCI0] (domain 0000 [bus 00-ff])
[   20.267003] acpi PNP0A03:00: _OSC: OS supports [ASPM ClockPM Segments MSI]
[   20.268977] acpi PNP0A03:00: _OSC failed (AE_NOT_FOUND); disabling ASPM
[   20.269805] acpi PNP0A03:00: fail to add MMCONFIG information, can't access extended PCI configuration space under this bridge.
[   20.271416] PCI host bridge to bus 0000:00
[   20.272010] pci_bus 0000:00: root bus resource [io  0x0000-0x0cf7 window]
[   20.272864] pci_bus 0000:00: root bus resource [io  0x0d00-0xffff window]
[   20.273703] pci_bus 0000:00: root bus resource [mem 0x000a0000-0x000bffff window]
[   20.274776] pci_bus 0000:00: root bus resource [mem 0x40000000-0xffdfffff window]
[   20.275850] pci_bus 0000:00: root bus resource [bus 00-ff]
[   20.277603] pci 0000:00:01.1: legacy IDE quirk: reg 0x10: [io  0x01f0-0x01f7]
[   20.302184] pci 0000:00:01.1: legacy IDE quirk: reg 0x14: [io  0x03f6]
[   20.302998] pci 0000:00:01.1: legacy IDE quirk: reg 0x18: [io  0x0170-0x0177]
[   20.303869] pci 0000:00:01.1: legacy IDE quirk: reg 0x1c: [io  0x0376]
[   20.321030] ACPI: PCI Interrupt Link [LNKA] (IRQs 5 9 10 11) *0, disabled.
[   20.367393] ACPI: PCI Interrupt Link [LNKB] (IRQs 5 9 10 *11)
[   20.382830] ACPI: PCI Interrupt Link [LNKC] (IRQs 5 9 *10 11)
[   20.383915] ACPI: PCI Interrupt Link [LNKD] (IRQs 5 *9 10 11)
[   20.386089] ACPI: Enabled 2 GPEs in block 00 to 07
[   20.387109] vgaarb: setting as boot device: PCI:0000:00:02.0
[   20.387846] vgaarb: device added: PCI:0000:00:02.0,decodes=io+mem,owns=io+mem,locks=none
[   20.388995] vgaarb: loaded
[   20.398219] vgaarb: bridge control possible 0000:00:02.0
[   20.406762] SCSI subsystem initialized
[   20.408573] ACPI: bus type USB registered
[   20.410254] usbcore: registered new interface driver usbfs
[   20.410982] usbcore: registered new interface driver hub
[   20.411703] usbcore: registered new device driver usb
[   20.413079] PCI: Using ACPI for IRQ routing
[   20.427681] NetLabel: Initializing
[   20.428212] NetLabel:  domain hash size = 128
[   20.428841] NetLabel:  protocols = UNLABELED CIPSOv4
[   20.429523] NetLabel:  unlabeled traffic allowed by default
[   20.430411] amd_nb: Cannot enumerate AMD northbridges
[   20.431123] clocksource: Switched to clocksource kvm-clock
[   20.437080] AppArmor: AppArmor Filesystem Enabled
[ 20173]npPnACPI init
[ 20771]npPn AI:ou 3eves
[  22552clksrc ai_: sk0xff max_cycles: 0xffffff, max_idle_ns: 2085701024 ns
[  21479]ETRegistered protocol family 2

[   22.034894] TCP established hash table entries: 8192 (order: 4, 65536 bytes)
[   22.036696] TCP bind hash table entries: 8192 (order: 5, 131072 bytes)
[   22.037554] TCP: Hash tables configured (established 8192 bind 8192)
[   22.038396] UDP hash table entries: 512 (order: 2, 16384 bytes)
[   22.039197] UDP-Lite hash table entries: 512 (order: 2, 16384 bytes)
[   22.040052] NET: Registered protocol family 1
[   22.040738] pci 0000:00:00.0: Limiting direct PCI/PCI transfers
[   22.041541] pci 0000:00:01.0: Activating ISA DMA hang workarounds
[   22.042438] Unpacking initramfs...
[   23.436700] Freeing initrd memory: 10792K
[   23.437587] platform rtc_cmos: registered platform RTC device (no PNP device found)
[   23.438895] Scanning for low memory corruption every 60 seconds
[   23.440300] audit: initializing netlink subsys (disabled)
[   23.441182] audit: type=2000 audit(1520250883.335:1): initialized
[   23.442323] Initialise system trusted keyring
[   23.443425] HugeTLB registered 2 MB page size, pre-allocated 0 pages
[   23.445457] zbud: loaded
[   23.446246] VFS: Disk quotas dquot_6.6.0
[   23.446955] VFS: Dquot-cache hash table entries: 512 (order 0, 4096 bytes)
[   23.448234] squashfs: version 4.0 (2009/01/31) Phillip Lougher
[   23.449454] fuse init (API version 7.23)
[   23.450237] Key type big_key registered
[   23.450922] Allocating IMA MOK and blacklist keyrings.
[   23.453095] Key type asymmetric registered
[   23.453845] Asymmetric key parser 'x509' registered
[   23.454707] Block layer SCSI generic (bsg) driver version 0.4 loaded (major 249)
[   23.456109] io scheduler noop registered
[   23.456835] io scheduler deadline registered (default)
[   23.457760] io scheduler cfq registered
[   23.458530] pci_hotplug: PCI Hot Plug PCI Core version: 0.5
[   23.459456] pciehp: PCI Express Hot Plug Controller Driver version: 0.4
[   23.460628] ACPI: AC Adapter [AC] (on-line)
[   23.461424] input: Power Button as /devices/LNXSYSTM:00/LNXPWRBN:00/input/input0
[   23.462750] ACPI: Power Button [PWRF]
[   23.463488] input: Sleep Button as /devices/LNXSYSTM:00/LNXSLPBN:00/input/input1
[   23.464818] ACPI: Sleep Button [SLPF]
[   23.465671] GHES: HEST is not enabled!
[   23.466794] ACPI: Battery Slot [BAT0] (battery present)
[   23.467213] Serial: 8250/16550 driver, 32 ports, IRQ sharing enabled
[   23.488615] 00:02: ttyS0 at I/O 0x3f8 (irq = 4, base_baud = 115200) is a 16550A
[   23.491880] Linux agpgart interface v0.103
[   23.494511] loop: module loaded
[   23.495676] scsi host0: ata_piix
[   23.496487] scsi host1: ata_piix
[   23.497180] ata1: PATA max UDMA/33 cmd 0x1f0 ctl 0x3f6 bmdma 0xd000 irq 14
[   23.498204] ata2: PATA max UDMA/33 cmd 0x170 ctl 0x376 bmdma 0xd008 irq 15
[   23.499319] libphy: Fixed MDIO Bus: probed
[   23.500129] tun: Universal TUN/TAP device driver, 1.6
[   23.500968] tun: (C) 1999-2004 Max Krasnyansky <maxk@qualcomm.com>
[   23.501933] PPP generic driver version 2.4.2
[   23.502690] ehci_hcd: USB 2.0 'Enhanced' Host Controller (EHCI) Driver
[   23.503733] ehci-pci: EHCI PCI platform driver
[   23.504477] ehci-platform: EHCI generic platform driver
[   23.505346] ohci_hcd: USB 1.1 'Open' Host Controller (OHCI) Driver
[   23.506285] ohci-pci: OHCI PCI platform driver
[   23.507022] ohci-platform: OHCI generic platform driver
[   23.507912] uhci_hcd: USB Universal Host Controller Interface driver
[   23.508912] i8042: PNP: PS/2 Controller [PNP0303:PS2K,PNP0f03:PS2M] at 0x60,0x64 irq 1,12
[   23.510728] serio: i8042 KBD port at 0x60,0x64 irq 1
[   23.511596] serio: i8042 AUX port at 0x60,0x64 irq 12
[   23.512474] mousedev: PS/2 mouse device common for all mice
[   23.513718] rtc_cmos rtc_cmos: rtc core: registered rtc_cmos as rtc0
[   23.514783] rtc_cmos rtc_cmos: alarms up to one day, 114 bytes nvram
[   23.515863] i2c /dev entries driver
[   23.516610] input: AT Translated Set 2 keyboard as /devices/platform/i8042/serio0/input/input2
[   23.518088] device-mapper: uevent: version 1.0.3
[   23.519013] device-mapper: ioctl: 4.34.0-ioctl (2015-10-28) initialised: dm-devel@redhat.com
[   23.520475] ledtrig-cpu: registered to indicate activity on CPUs
[   23.522040] NET: Registered protocol family 10
[   23.522975] NET: Registered protocol family 17
[   23.523811] Key type dns_resolver registered
[   23.524689] microcode: CPU0 sig=0x906e9, pf=0x8, revision=0x0
[   23555599]]mmccooooee  CP11ssgg009966e9, pf=0x8, revision=0x0
[   24.119571] microcode: Microcode Update Driver: v2.01 <tigran@aivazian.fsnet.co.uk>, Peter Oruba
[   24.141837] registered taskstats version 1
[   24.142438] Loading compiled-in X.509 certificates
[   24.143597] Loaded X.509 cert 'Build time autogenerated kernel key: 4c603087bab8f0a02cb3b4e1fb4c40f507e71ef1'
[   24.145012] zswap: loaded using pool lzo/zbud
[   24.147775] Key type trusted registered
[   24557799]]ttcc  eeiieed SS  clocksource calibration: 2498.807 MHz
[   25.167617] clocksource: tsc: mask: 0xffffffffffffffff max_cycles: 0x2404d3166f3, max_idle_ns: 440795321747 ns
[   25.175465] Key type encrypted registered
[   55.175471] AppArmor: AppArmor sha1 policy hashing enabled
[   25.175474] ima: No TPM chip found, activating TPM-bypass!
[   25.175492] evm: HMAC attrs: 011

[   25.175697]   Magic number: 10:412:933
[   25.189386] rtc_cmos rtc_cmos: setting system clock to 2018-03-05 11:55:00 UTC (1520250900)
[   25.189481] BIO  DD  aaiiiiyyvv..66 200--uu--25, 0 devices found
[   25.189481] EDD information not available.
[   28.341134] Freeing unused kernel memory: 1508K
[   28.372623] Write protecting the kernel read-only data: 14336k
[   28.374057] Freeing unused kernel memory: 1728K
[   28.374938] Freeing unused kernel memory: 108K
Loading, please wait...
[   28.393969] random: systemd-udevd: uninitialized urandom read (16 bytes read, 5 bits of entropy available)
starting version[   28.394553] random: udevadm: uninitialized urandom read (16 bytes read, 5 bits of entropy available)
 229
[   28.394576] random: udevadm: uninitialized urandom read (16 bytes read, 5 bits of entropy available)
[   28.404107] random: udevadm: uninitialized urandom read (16 bytes read, 5 bits of entropy available)
[   28.404149] random: udevadm: uninitialized urandom read (16 bytes read, 5 bits of entropy available)
[   28.404297] random: udevadm: uninitialized urandom read (16 bytes read, 5 bits of entropy available)
[   28.404354] random: udevadm: uninitialized urandom read (16 bytes read, 5 bits of entropy available)
[   28.404412] random: udevadm: uninitialized urandom read (16 bytes read, 5 bits of entropy available)
[   28.404471] random: udevadm: uninitialized urandom read (16 bytes read, 5 bits of entropy available)
[   28.404528] random: udevadm: uninitialized urandom read (16 bytes read, 5 bits of entropy available)
[   30.000425] e1000: Intel(R) PRO/1000 Network Driver - version 7.3.21-k8-NAPI
[   30.221931] e1000: Copyright (c) 1999-2006 Intel Corporation.
[   30.618075] Fusion MPT base driver 3.04.20
[   31.027907] Copyright (c) 1999-2008 LSI Corporation
[   31.259678] Fusion MPT SPI Host driver 3.04.20
[   31.472738] AVX version of gcm_enc/dec engaged.
[   31.521532] AES CTR mode by8 optimization enabled
[   31.726391] input: ImExPS/2 Generic Explorer Mouse as /devices/platform/i8042/serio1/input/input4
[   31.785866] e1000 0000:00:03.0 eth0: (PCI:33MHz:32-bit) 02:69:07:7b:a1:bd
[   31.992129] e1000 0000:00:03.0 eth0: Intel(R) PRO/1000 Network Connection
[   32.805140] e1000 0000:00:08.0 eth1: (PCI:33MHz:32-bit) 08:00:27:c8:44:53
[   33.011546] e1000 0000:00:08.0 eth1: Intel(R) PRO/1000 Network Connection
[   33.219120] e1000 0000:00:08.0 enp0s8: renamed from eth1
[   33.219212] floppy0: no floppy controllers found
[   33.219515] mptbase: ioc0: Initiating bringup
[   33.656636] e1000 0000:00:03.0 enp0s3: renamed from eth0
[   34.231339] ioc0: LSI53C1030 A0: Capabilities={Initiator}
[   34.821616] scsi host2: ioc0: LSI53C1030 A0, FwRev=00000000h, Ports=1, MaxQ=256, IRQ=20
[   35.800378] scsi 2:0:0:0: Direct-Access     VBOX     HARDDISK         1.0  PQ: 0 ANSI: 5
[   36.688541] scsi target2:0:0: Beginning Domain Validation
[   36.949750] scsi target2:0:0: Domain Validation skipping write tests
[   36.952942] scsi target2:0:0: Ending Domain Validation
[   36.953730] scsi target2:0:0: asynchronous
[   36.954960] scsi 2:0:1:0: Direct-Access     VBOX     HARDDISK         1.0  PQ: 0 ANSI: 5
[   36.956179] scsi target2:0:1: Beginning Domain Validation
[   36.958414] scsi target2:0:1: Domain Validation skipping write tests
[   36.959233] scsi target2:0:1: Ending Domain Validation
[   36.960008] scsi target2:0:1: asynchronous
[   36.966287] sd 2:0:0:0: [sda] 20971520 512-byte logical blocks: (10.7 GB/10.0 GiB)
[   36.966387] sd 2:0:0:0: Attached scsi generic sg0 type 0
[   36.966855] sd 2:0:1:0: Attached scsi generic sg1 type 0
[   37.513866] sd 2:0:1:0: [sdb] 20480 512-byte logical blocks: (10.5 MB/10.0 MiB)
[   38.159240] sd 2:0:0:0: [sda] Write Protect is off
[   38.560690] sd 2:0:1:0: [sdb] Write Protect is off
[   38.938780] sd 2:0:0:0: [sda] Incomplete mode parameter data
[   38.938832] sd 2:0:1:0: [sdb] Incomplete mode parameter data
[   38.938833] sd 2:0:1:0: [sdb] Assuming drive cache: write through
[   39.619782] sd 2:0:0:0: [sda] Assuming drive cache: write through
[   39.831490]  sda: sda1
[   39.869756] sd 2:0:1:0: [sdb] Attached SCSI disk
[   39.888931] sd 2:0:0:0: [sda] Attached SCSI disk
Begin: Loading e[   41.196713] md: linear personality registered for level -1
ssential drivers[   41.827334] md: multipath personality registered for level -4
 ... [   41.996466] md: raid0 personality registered for level 0
[   42.001144] md: raid1 personality registered for level 1
[   42.078037] raid6: sse2x1   gen() 10925 MB/s
[   42.145744] raid6: sse2x1   xor()  6552 MB/s
[   42.218039] raid6: sse2x2   gen() 13549 MB/s
[   42.288017] raid6: sse2x2   xor()  9003 MB/s
[   42.358042] raid6: sse2x4   gen() 14804 MB/s
[   42.423210] raid6: sse2x4   xor()  9167 MB/s
[   42.423939] raid6: using algorithm sse2x4 gen() 14804 MB/s
[   42.424796] raid6: .... xor() 9167 MB/s, rmw enabled
[   42.425583] raid6: using ssse3x2 recovery algorithm
[   42.427586] xor: automatically using best checksumming function:
[   42.467155]    avx       : 21067.000 MB/sec
[   42.469293] async_tx: api initialized (async)
[   42.484933] md: raid6 personality registered for level 6
[   42.485934] md: raid5 personality registered for level 5
[   42.486883] md: raid4 personality registered for level 4
[   42.494467] md: raid10 personality registered for level 10
done.
Begin: Running /scripts/init-premount ... done.[   42.528492] Btrfs loaded

Begin: Mounting root file system ... Begin: Running /scripts/local-top ... done.
Begin: Running /scripts/local-premount ... Scanning for Btrfs filesystems
done.
Warning: fsck not present, so skipping root file system
[   42.589768] EXT4-fs (sda1): mounted filesystem with ordered data mode. Opts: (null)
done.
Begin: Running /scripts/local-bottom ... done.
Begin: Running /scripts/init-bottom ... done.
[   43.682691] systedd11::ssyseedd 229 running in system mode. (+PAM +AUDIT +SELINUX +IMA +APPARMOR +SMACK +SYSVINIT +UTMP +LIBCRYPTSETUP +GCRYPT +GNUTLS +ACL +XZ -LZ4 +SECCOMP +BLKID +ELFUTILS +KMOD -IDN)
[   44.119555] ssseedd[1]:DDttcceed iittaaiizaiinnooracl..
[   44.658529] systedd11]: Detccted architecture x86-64.

Welcome to [1mUbuntu 16.04.3 LTS[0m!

[   45.156397] systemd[1]: Set hostname to <mariapc>.
[   45.196946] rando::nnnnllociiggppool ssiinitialzzdd
[   46.545580] systemd[1]: Listening on LVM2 metadata daemon socket.
[[0;32m  OK  [0m] Listening on LVM2 metadata daemon socket.
[   47.210833] systemd[1]: Listening on Syslog Socket.
[[0;32m  OK  [0m] Listening on Syslog Socket.
[   47669911]] systemd[1]: Created slice User and Session Slice.
[[0;32m  OK  [0m] Created slice User and Session Slice.
[   48.230715] systemd[1]: Listening on udev Kernel Socket.
[[0;32m  OK  [0m] Listening on udev Kernel Socket.
[   48.550779] systemd[1]: Reached target User and Group Name Lookups.
[[0;32m  OK  [0m] Reached target User and Group Name Lookups.
[   49.230988] systemd[1]: Set up automount Arbitrary Executable File Formats File System Automount Point.
[[0;32m  OK  [0m] Set up automount Arbitrary Executab...ats File System Automount Point.
[   49.999889] systemd[1]: Created slice System Slice.
[[0;32m  OK  [0m] Created slice System Slice.
[   50.379822] systemd[1]: Created slice system-serial\x2dgetty.slice.
[[0;32m  OK  [0m] Created slice system-serial\x2dgetty.slice.
[   50.381475] systemd[1]: Listening on Device-mapper event daemon FIFOs.
[[0;32m  OK  [0m] Listening on Device-mapper event daemon FIFOs.
[   50.383173] systemd[1]: Started Trigger resolvconf update for networkd DNS.
[[0;32m  OK  [0m] Started Trigger resolvconf update for networkd DNS.
[   50.667438] systemd[1]: Listening on Journal Audit Socket.
[[0;32m  OK  [0m] Listening on Journal Audit Socket.
[   51.303389] systemd[1]: Listening on Journal Socket.
[[0;32m  OK  [0m] Listening on Journal Socket.
[   51.811534] systemd[1]: Mounting Debug File System...
         Mounting Debug File System...
[   52.315432] systemd[1]: Mounting POSIX Message Queue File System...
         Mounting POSIX Message Queue File System...
[   52.991515] systemd[1]: Starting Create list of required static device nodes for the current kernel...
         Starting Create list of required st... nodes for the current kernel...
[   53.823534] systemd[1]: Starting Moiitoring of LVM2 mirrors, snapshots etc. using dmeventd or progress polling...
         Starting Monitoring of LVM2 mirrors... dmeventd or progress polling...
[   54.594873] systemd[1]: Listening on /dev/initctl Compatibility Named Pipe.
[[0;32m  OK  [0m] Listening on /dev/initctl Compatibility Named Pipe.
[   55.327683] systemd[1]: Started Forward Password Requests to Wall Directory Watch.
[[0;32m  OK  [0m] Started Forward Password Requests to Wall Directory Watch.
[   56.043708] systemd[1]: Starting Load Kernel Modules...
[   56.271815] Loading iSCSI transport class v2.0-870.
         Startin[   56.544934] iscsi: registered transport (tcp)
g Load Kernel Modules...
[   56.691392] systemd[1]: Listening on Journal Socket (/dev/log).
[[0;32m  OK  [0m] Listening on Journal Socket [   56.714452] iscsi: registered transport (iser)
(/dev/log).
[   56.867403] systemd[1]: Starting Journal Service...

         Starting Journal Service...
[   57.395552] systemd[1]: Starting Remount Root and Kernel File Systems...
         Startin[   57.401549] EXT4-fs (sda1): re-mounted. Opts: (null)
g Remount Root and Kernel File Systems...
[   57.587368] systemd[1]: Reached target Encrypted Volumes.
[[0;32m  OK  [0m] Reached target Encrypted Volumes.
[   57.627395] systemd[1]: Starting Nameserver information manager...
         Starting Nameserver information manager...
[   57.659355] systemd[1]: Listening on LVM2 poll daemon socket.
[[0;32m  OK  [0m] Listening on LVM2 poll daemon socket.
[   57.711472] systemd[1]: Listening on udev Control Socket.
[[0;32m  OK  [0m] Listening on udev Control Socket.
[   57.759253] systemd[1]: Mounting Huge Pages File System...
         Mounting Huge Pages File System...
[   57.761318] systemd[1]: Starting Set console keymap...
         Starting Set console keymap...
[   57.763403] systemd[1]: Reached target Swap.
[[0;32m  OK  [0m] Reached target Swap.
[   57.765921] systemd[1]: Starting Uncomplicated firewall...
         Starting Uncomplicated firewall...
[   57.768065] systemd[1]: Reached target Slices.
[[0;32m  OK  [0m] Reached target Slices.
[   57.772491] systemd[1]: Mounted Debug File System.
[[0;32m  OK  [0m] Mounted Debug File System.
[   57.774503] systemd[1]: Mounted Huge Pages File System.
[[0;32m  OK  [0m] Mounted Huge Pages File System.
[   57.776723] systemd[1]: Mounted POSIX Message Queue File System.
[[0;32m  OK  [0m] Mounted POSIX Message Queue File System.
[   57.779050] systemd[1]: Started Journal Service.
[[0;32m  OK  [0m] Started Journal Service.
[[0;32m  OK  [0m] Started Create list of required sta...ce nodes for the current kernel.
[[0;32m  OK  [0m] Started Load Kernel Modules.
[[0;32m  OK  [0m] Started Remount Root and Kernel File Systems.
[[0;32m  OK  [0m] Started Nameserver information manager.
[[0;32m  OK  [0m] Started Uncomplicated firewall.
[[0;32m  OK  [0m] Started LVM2 metadata daemon.
         Starting udev Coldplug all Devices...
         Starting Load/Save Random Seed...
         Starting Initial cloud-init job (pre-networking)...
         Starting Apply Kernel Variables...
         Mounting FUSE Control File System...
         Starting Create Static Device Nodes in /dev...
         Starting Flush Journal to Persistent Storage...
[[0;32m  OK  [0m] Mounted FUSE Control File System.
[[0;32m  OK  [0m] Started Monitoring of LVM2 mirrors,...ng dmeventd or progress polling.
[[0;32m  OK  [0m] Started Set console keymap.
[[0;32m  OK  [0m] Started Load/Save Random Seed.
[[0;32m  OK  [0m] Started Apply Kernel Variables.
[[0;32m  OK  [0m] Started Create Static Device Nodes in /dev.
[[0;32m  OK  [0m] Started udev Coldplug all Devices.
         Starting udev Kernel Device Manager...
[[0;32m  OK  [0m] Started Flush Journal to Persistent Storage.
[[0;32m  OK  [0m] Started udev Kernel Device Manager.
[[0;32m  OK  [0m] Reached target Local File Systems (Pre).
[[0;32m  OK  [0m] Reached target Local File Systems.
         Starting Create Volatile Files and Directories...
         Starting Tell Plymouth To Write Out Runtime Data...
         Starting Set console font and keymap...
         Starting LSB: AppArmor initialization...
[[0;32m  OK  [0m] Started Dispatch Password Requests to Console Directory Watch.
[[0;32m  OK  [0m] Started Tell Plymouth To Write Out Runtime Data.
[[0;32m  OK  [0m] Started Create Volatile Files and Directories.
[[0;32m  OK  [0m] Found device /dev/ttyS0.
         Starting Update UTMP about System Boot/Shutdown...
[[0;32m  OK  [0m] Reached target System Time Synchronized.
[[0;32m  OK  [0m] Found device 82540EM Gigabit Ethern...r (PRO/1000 MT Desktop Adapter).
[[0;32m  OK  [0m] Started Update UTMP about System Boot/Shutdown.
[[0;32m  OK  [0m] Found device 82540EM Gigabit Ethern...r (PRO/1000 MT Desktop Adapter).
[[0;32m  OK  [0m] Started Set console font and keymap.
[[0;32m  OK  [0m] Created slice system-getty.slice.
[[0;32m  OK  [0m] Listening on Load/Save RF Kill Switch Status /dev/rfkill Watch.
[[0;32m  OK  [0m] Started LSB: AppArmor initialization.
[   42.575957] cloud-init[442]: Cloud-init v. 17.1 running 'init-local' at Mon, 05 Mar 2018 11:55:37 +0000. Up 42.01 seconds.
[[0;32m  OK  [0m] Started Initial cloud-init job (pre-networking).
[[0;32m  OK  [0m] Reached target Network (Pre).
         Starting Raise network interfaces...
[[0;32m  OK  [0m] Started ifup for enp0s8.
[[0;32m  OK  [0m] Started ifup for enp0s3.
[[0;32m  OK  [0m] Started Raise network interfaces.
         Starting Initial cloud-init job (metadata service crawler)...
[[0;32m  OK  [0m] Reached target Network.
[   44.018724] cloud-init[1056]: Cloud-init v. 17.1 running 'init' at Mon, 05 Mar 2018 11:55:38 +0000. Up 43.29 seconds.
[   44.040609] cloud-init[1056]: ci-info: ++++++++++++++++++++++++++++++++++++++Net device info++++++++++++++++++++++++++++++++++++++
[   44.041996] cloud-init[1056]: ci-info: +--------+------+-----------------------------+---------------+-------+-------------------+
[   44.043469] cloud-init[1056]: ci-info: | Device |  Up  |           Address           |      Mask     | Scope |     Hw-Address    |
[   44.045125] cloud-init[1056]: ci-info: +--------+------+-----------------------------+---------------+-------+-------------------+
[   44.084304] cloud-init[1056]: ci-info: | enp0s3 | True |          10.0.2.15          | 255.255.255.0 |   .   | 02:69:07:7b:a1:bd |
[   44.088265] cloud-init[1056]: ci-info: | enp0s3 | True |  fe80::69:7ff:fe7b:a1bd/64  |       .       |  link | 02:69:07:7b:a1:bd |
[   44.088452] cloud-init[1056]: ci-info: | enp0s8 | True |        192.168.33.10        | 255.255.255.0 |   .   | 08:00:27:c8:44:53 |
[   44.088710] cloud-init[1056]: ci-info: | enp0s8 | True | fe80::a00:27ff:fec8:4453/64 |       .       |  link | 08:00:27:c8:44:53 |
[   44.088975] cloud-init[1056]: ci-info: |   lo   | True |          127.0.0.1          |   255.0.0.0   |   .   |         .         |
[   44.089242] cloud-init[1056]: ci-info: |   lo   | True |           ::1/128           |       .       |  host |         .         |
[   44.089510] cloud-init[1056]: ci-info: +--------+------+-----------------------------+---------------+-------+-------------------+
[   44.089778] cloud-init[1056]: ci-info: ++++++++++++++++++++++++++++Route IPv4 info++++++++++++++++++++++++++++
[   44.090050] cloud-init[1056]: ci-info: +-------+--------------+----------+---------------+-----------+-------+
[   44.090322] cloud-init[1056]: ci-info: | Route | Destination  | Gateway  |    Genmask    | Interface | Flags |
[   44.090585] cloud-init[1056]: ci-info: +-------+--------------+----------+---------------+-----------+-------+
[   44.090853] cloud-init[1056]: ci-info: |   0   |   0.0.0.0    | 10.0.2.2 |    0.0.0.0    |   enp0s3  |   UG  |
[   44.091122] cloud-init[1056]: ci-info: |   1   |   10.0.2.0   | 0.0.0.0  | 255.255.255.0 |   enp0s3  |   U   |
[[0;32m  OK  [0m] Started Initial cloud-init job (metadata service crawler).
[   44.091401] cloud-init[1056]: ci-info: |   2   | 192.168.33.0 | 0.0.0.0  | 255.255.255.0 |   enp0s8  |   U   |
[   44.163681] cloud-init[1056]: ci-info: +-------+--------------+----------+---------------+-----------+-------+
[[0;32m  OK  [0m] Reached target System Initialization.
[[0;32m  OK  [0m] Started Timer to automatically refresh installed snaps.
[[0;32m  OK  [0m] Listening on UUID daemon activation socket.
[[0;32m  OK  [0m] Started ACPI Events Check.
[[0;32m  OK  [0m] Reached target Paths.
[[0;32m  OK  [0m] Listening on ACPID Listen Socket.
[[0;32m  OK  [0m] Started Daily Cleanup of Temporary Directories.
[[0;32m  OK  [0m] Listening on D-Bus System Message Bus Socket.
         Starting LXD - unix socket.
         Starting Socket activation for snappy daemon.
[[0;32m  OK  [0m] Reached target Network is Online.
         Starting iSCSI initiator daemon (iscsid)...
[[0;32m  OK  [0m] Started Daily apt download activities.
[[0;32m  OK  [0m] Started Daily apt upgrade and clean activities.
[[0;32m  OK  [0m] Reached target Timers.
[[0;32m  OK  [0m] Reached target Cloud-config availability.
[[0;32m  OK  [0m] Listening on LXD - unix socket.
[[0;32m  OK  [0m] Listening on Socket activation for snappy daemon.
[[0;32m  OK  [0m] Reached target Sockets.
[[0;32m  OK  [0m] Reached target Basic System.
         Starting The PHP 7.0 FastCGI Process Manager...
         Starting LSB: Record successful boot for GRUB...
         Starting System Logging Service...
[[0;32m  OK  [0m] Started Unattended Upgrades Shutdown.
         Starting /etc/rc.local Compatibility...
         Starting Accounts Service...
         Starting MySQL Community Server...
         Starting LSB: MD monitoring daemon...
         Starting A high performance web server and a reverse proxy server...
         Starting OpenBSD Secure Shell server...
[[0;32m  OK  [0m] Started Deferred execution scheduler.
[[0;32m  OK  [0m] Started ACPI event daemon.
[[0;32m  OK  [0m] Started Regular background program processing daemon.
         Starting Apply the settings specified in cloud-config...
         Starting Snappy daemon...
[[0;32m  OK  [0m] Started D-Bus System Message Bus.
[   45.095462] cloud-init[1140]: Cloud-init v. 17.1 running 'modules:config' at Mon, 05 Mar 2018 11:55:40 +0000. Up 44.70 seconds.
[[0;32m  OK  [0m] Started FUSE filesystem for LXC.
         Starting Login Service...
         Starting LXD - container startup/shutdown...
[[0;32m  OK  [0m] Started System Logging Service.
[[0;32m  OK  [0m] Started /etc/rc.local Compatibility.
[[0;32m  OK  [0m] Started Apply the settings specified in cloud-config.
[[0;32m  OK  [0m] Started OpenBSD Secure Shell server.
[[0;32m  OK  [0m] Started iSCSI initiator daemon (iscsid).
         Starting Login to default iSCSI targets...
[[0;32m  OK  [0m] Started Login Service.
[[0;32m  OK  [0m] Started LSB: Record successful boot for GRUB.
         Starting Authenticate and Authorize Users to Run Privileged Tasks...
[[0;32m  OK  [0m] Started LSB: MD monitoring daemon.
[[0;32m  OK  [0m] Started Login to default iSCSI targets.
[[0;32m  OK  [0m] Reached target Remote File Systems (Pre).
[[0;32m  OK  [0m] Reached target Remote File Systems.
         Starting LSB: daemon to balance interrupts for SMP systems...
         Starting LSB: automatic crash report generation...
         Starting Permit User Sessions...
         Starting LSB: VirtualBox Linux Additions...
         Starting LSB: Set the CPU Frequency Scaling governor to "ondemand"...
[[0;32m  OK  [0m] Started Authenticate and Authorize Users to Run Privileged Tasks.
[[0;32m  OK  [0m] Started Accounts Service.
[[0;32m  OK  [0m] Started LSB: Set the CPU Frequency Scaling governor to "ondemand".
[[0;32m  OK  [0m] Started Permit User Sessions.
         Starting Terminate Plymouth Boot Screen...
         Starting Hold until boot process finishes up...
[[0;32m  OK  [0m] Started Hold until boot process finishes up.
[[0;32m  OK  [0m] Started Terminate Plymouth Boot Screen.
[[0;32m  OK  [0m] Started Serial Getty on ttyS0.
         Starting Set console scheme...
[[0;32m  OK  [0m] Started Getty on tty1.
[[0;32m  OK  [0m] Reached target Login Prompts.
[[0;32m  OK  [0m] Started LSB: daemon to balance interrupts for SMP systems.
[[0;32m  OK  [0m] Started LSB: automatic crash report generation.
[[0;32m  OK  [0m] Started Set console scheme.
[[0;32m  OK  [0m] Created slice User Slice of vagrant.
         Starting User Manager for UID 1000...
[[0;32m  OK  [0m] Started Session 1 of user vagrant.
[[0;32m  OK  [0m] Started A high performance web server and a reverse proxy server.
[[0;32m  OK  [0m] Started LSB: VirtualBox Linux Additions.
[[0;32m  OK  [0m] Started User Manager for UID 1000.
[[0;32m  OK  [0m] Started Snappy daemon.
[[0;32m  OK  [0m] Started LXD - container startup/shutdown.
[[0;32m  OK  [0m] Started The PHP 7.0 FastCGI Process Manager.

Ubuntu 16.04.3 LTS mariapc ttyS0

mariapc login: [   53.646748] cloud-init[1515]: Cloud-init v. 17.1 running 'modules:final' at Mon, 05 Mar 2018 11:55:48 +0000. Up 53.35 seconds.
[   53.647016] cloud-init[1515]: Cloud-init v. 17.1 finished at Mon, 05 Mar 2018 11:55:49 +0000. Datasource DataSourceNoCloud [seed=/dev/sdb][dsmode=net].  Up 53.64 seconds
[[0;32m  OK  [0m] Started ACPI event daemon.
[[0;32m  OK  [0m] Started ACPI event daemon.
[[0;32m  OK  [0m] Started ACPI event daemon.
[  OK  ] Started ACPI event daemon.
[  OK  ] Started Trigger resolvconf update for networkd DNS.
[  OK  ] Started ACPI event daemon.
[  OK  ] Started ACPI event daemon.
         Stopping udev Kernel Device Manager...
[  OK  ] Stopped udev Kernel Device Manager.
[  OK  ] Started ACPI event daemon.
[  OK  ] Started ACPI event daemon.
[  OK  ] Stopped udev Kernel Device Manager.
         Starting udev Kernel Device Manager...
[  OK  ] Started udev Kernel Device Manager.
[  OK  ] Started ACPI event daemon.
[  OK  ] Started Daily apt upgrade and clean activities.
